Archive member included to satisfy reference by file (symbol)

/Applications/eclipse/plugins/fr.ac6.mcu.externaltools.arm-none.macos64_1.6.0.201601291255/tools/compiler/bin/../lib/gcc/arm-none-eabi/5.2.1/armv7e-m/fpu/libgcc.a(_arm_addsubdf3.o)
                              Application/User/quad_driver.o (__aeabi_f2d)
/Applications/eclipse/plugins/fr.ac6.mcu.externaltools.arm-none.macos64_1.6.0.201601291255/tools/compiler/bin/../lib/gcc/arm-none-eabi/5.2.1/../../../../arm-none-eabi/lib/armv7e-m/fpu/libc_nano.a(lib_a-exit.o)
                              /Applications/eclipse/plugins/fr.ac6.mcu.externaltools.arm-none.macos64_1.6.0.201601291255/tools/compiler/bin/../lib/gcc/arm-none-eabi/5.2.1/../../../../arm-none-eabi/lib/armv7e-m/fpu/crt0.o (exit)
/Applications/eclipse/plugins/fr.ac6.mcu.externaltools.arm-none.macos64_1.6.0.201601291255/tools/compiler/bin/../lib/gcc/arm-none-eabi/5.2.1/../../../../arm-none-eabi/lib/armv7e-m/fpu/libc_nano.a(lib_a-impure.o)
                              /Applications/eclipse/plugins/fr.ac6.mcu.externaltools.arm-none.macos64_1.6.0.201601291255/tools/compiler/bin/../lib/gcc/arm-none-eabi/5.2.1/../../../../arm-none-eabi/lib/armv7e-m/fpu/libc_nano.a(lib_a-exit.o) (_global_impure_ptr)
/Applications/eclipse/plugins/fr.ac6.mcu.externaltools.arm-none.macos64_1.6.0.201601291255/tools/compiler/bin/../lib/gcc/arm-none-eabi/5.2.1/../../../../arm-none-eabi/lib/armv7e-m/fpu/libc_nano.a(lib_a-init.o)
                              /Applications/eclipse/plugins/fr.ac6.mcu.externaltools.arm-none.macos64_1.6.0.201601291255/tools/compiler/bin/../lib/gcc/arm-none-eabi/5.2.1/../../../../arm-none-eabi/lib/armv7e-m/fpu/crt0.o (__libc_init_array)
/Applications/eclipse/plugins/fr.ac6.mcu.externaltools.arm-none.macos64_1.6.0.201601291255/tools/compiler/bin/../lib/gcc/arm-none-eabi/5.2.1/../../../../arm-none-eabi/lib/armv7e-m/fpu/libc_nano.a(lib_a-malloc.o)
                              Middlewares/USB_Device_Library/usbd_cdc.o (malloc)
/Applications/eclipse/plugins/fr.ac6.mcu.externaltools.arm-none.macos64_1.6.0.201601291255/tools/compiler/bin/../lib/gcc/arm-none-eabi/5.2.1/../../../../arm-none-eabi/lib/armv7e-m/fpu/libc_nano.a(lib_a-memcpy-stub.o)
                              Middlewares/FreeRTOS/queue.o (memcpy)
/Applications/eclipse/plugins/fr.ac6.mcu.externaltools.arm-none.macos64_1.6.0.201601291255/tools/compiler/bin/../lib/gcc/arm-none-eabi/5.2.1/../../../../arm-none-eabi/lib/armv7e-m/fpu/libc_nano.a(lib_a-memset.o)
                              /Applications/eclipse/plugins/fr.ac6.mcu.externaltools.arm-none.macos64_1.6.0.201601291255/tools/compiler/bin/../lib/gcc/arm-none-eabi/5.2.1/../../../../arm-none-eabi/lib/armv7e-m/fpu/crt0.o (memset)
/Applications/eclipse/plugins/fr.ac6.mcu.externaltools.arm-none.macos64_1.6.0.201601291255/tools/compiler/bin/../lib/gcc/arm-none-eabi/5.2.1/../../../../arm-none-eabi/lib/armv7e-m/fpu/libc_nano.a(lib_a-nano-freer.o)
                              /Applications/eclipse/plugins/fr.ac6.mcu.externaltools.arm-none.macos64_1.6.0.201601291255/tools/compiler/bin/../lib/gcc/arm-none-eabi/5.2.1/../../../../arm-none-eabi/lib/armv7e-m/fpu/libc_nano.a(lib_a-malloc.o) (_free_r)
/Applications/eclipse/plugins/fr.ac6.mcu.externaltools.arm-none.macos64_1.6.0.201601291255/tools/compiler/bin/../lib/gcc/arm-none-eabi/5.2.1/../../../../arm-none-eabi/lib/armv7e-m/fpu/libc_nano.a(lib_a-nano-mallocr.o)
                              /Applications/eclipse/plugins/fr.ac6.mcu.externaltools.arm-none.macos64_1.6.0.201601291255/tools/compiler/bin/../lib/gcc/arm-none-eabi/5.2.1/../../../../arm-none-eabi/lib/armv7e-m/fpu/libc_nano.a(lib_a-malloc.o) (_malloc_r)
/Applications/eclipse/plugins/fr.ac6.mcu.externaltools.arm-none.macos64_1.6.0.201601291255/tools/compiler/bin/../lib/gcc/arm-none-eabi/5.2.1/../../../../arm-none-eabi/lib/armv7e-m/fpu/libc_nano.a(lib_a-sbrkr.o)
                              /Applications/eclipse/plugins/fr.ac6.mcu.externaltools.arm-none.macos64_1.6.0.201601291255/tools/compiler/bin/../lib/gcc/arm-none-eabi/5.2.1/../../../../arm-none-eabi/lib/armv7e-m/fpu/libc_nano.a(lib_a-nano-mallocr.o) (_sbrk_r)
/Applications/eclipse/plugins/fr.ac6.mcu.externaltools.arm-none.macos64_1.6.0.201601291255/tools/compiler/bin/../lib/gcc/arm-none-eabi/5.2.1/../../../../arm-none-eabi/lib/armv7e-m/fpu/libc_nano.a(lib_a-sprintf.o)
                              Application/User/quad_driver.o (sprintf)
/Applications/eclipse/plugins/fr.ac6.mcu.externaltools.arm-none.macos64_1.6.0.201601291255/tools/compiler/bin/../lib/gcc/arm-none-eabi/5.2.1/../../../../arm-none-eabi/lib/armv7e-m/fpu/libc_nano.a(lib_a-strlen.o)
                              Application/User/quad_driver.o (strlen)
/Applications/eclipse/plugins/fr.ac6.mcu.externaltools.arm-none.macos64_1.6.0.201601291255/tools/compiler/bin/../lib/gcc/arm-none-eabi/5.2.1/../../../../arm-none-eabi/lib/armv7e-m/fpu/libc_nano.a(lib_a-nano-svfprintf.o)
[...]
Memory Configuration

Name             Origin             Length             Attributes
FLASH            0x0000000008000000 0x0000000000100000 xr
RAM              0x0000000020000000 0x0000000000020000 xrw
CCMRAM           0x0000000010000000 0x0000000000010000 rw
*default*        0x0000000000000000 0xffffffffffffffff

Linker script and memory map

LOAD /Applications/eclipse/plugins/fr.ac6.mcu.externaltools.arm-none.macos64_1.6.0.201601291255/tools/compiler/bin/../lib/gcc/arm-none-eabi/5.2.1/armv7e-m/fpu/crti.o
LOAD /Applications/eclipse/plugins/fr.ac6.mcu.externaltools.arm-none.macos64_1.6.0.201601291255/tools/compiler/bin/../lib/gcc/arm-none-eabi/5.2.1/armv7e-m/fpu/crtbegin.o
LOAD /Applications/eclipse/plugins/fr.ac6.mcu.externaltools.arm-none.macos64_1.6.0.201601291255/tools/compiler/bin/../lib/gcc/arm-none-eabi/5.2.1/../../../../arm-none-eabi/lib/armv7e-m/fpu/crt0.o
LOAD /Applications/eclipse/plugins/fr.ac6.mcu.externaltools.arm-none.macos64_1.6.0.201601291255/tools/compiler/bin/../lib/gcc/arm-none-eabi/5.2.1/../../../../arm-none-eabi/lib/armv7e-m/fpu/libm.a
LOAD Middlewares/USB_Device_Library/usbd_cdc.o
LOAD Middlewares/USB_Device_Library/usbd_core.o
LOAD Middlewares/USB_Device_Library/usbd_ctlreq.o
LOAD Middlewares/USB_Device_Library/usbd_ioreq.o
LOAD Middlewares/FreeRTOS/cmsis_os.o
LOAD Middlewares/FreeRTOS/croutine.o
LOAD Middlewares/FreeRTOS/event_groups.o
LOAD Middlewares/FreeRTOS/heap_4.o
LOAD Middlewares/FreeRTOS/list.o
LOAD Middlewares/FreeRTOS/port.o
LOAD Middlewares/FreeRTOS/queue.o
LOAD Middlewares/FreeRTOS/tasks.o
LOAD Middlewares/FreeRTOS/timers.o
LOAD Drivers/STM32F4xx_HAL_Driver/stm32f4xx_hal.o
LOAD Drivers/STM32F4xx_HAL_Driver/stm32f4xx_hal_cortex.o
LOAD Drivers/STM32F4xx_HAL_Driver/stm32f4xx_hal_dma.o
LOAD Drivers/STM32F4xx_HAL_Driver/stm32f4xx_hal_dma_ex.o
LOAD Drivers/STM32F4xx_HAL_Driver/stm32f4xx_hal_flash.o
LOAD Drivers/STM32F4xx_HAL_Driver/stm32f4xx_hal_flash_ex.o
LOAD Drivers/STM32F4xx_HAL_Driver/stm32f4xx_hal_flash_ramfunc.o
LOAD Drivers/STM32F4xx_HAL_Driver/stm32f4xx_hal_gpio.o
LOAD Drivers/STM32F4xx_HAL_Driver/stm32f4xx_hal_pcd.o
LOAD Drivers/STM32F4xx_HAL_Driver/stm32f4xx_hal_pcd_ex.o
LOAD Drivers/STM32F4xx_HAL_Driver/stm32f4xx_hal_pwr.o
LOAD Drivers/STM32F4xx_HAL_Driver/stm32f4xx_hal_pwr_ex.o
LOAD Drivers/STM32F4xx_HAL_Driver/stm32f4xx_hal_rcc.o
LOAD Drivers/STM32F4xx_HAL_Driver/stm32f4xx_hal_rcc_ex.o
LOAD Drivers/STM32F4xx_HAL_Driver/stm32f4xx_hal_rtc.o
LOAD Drivers/STM32F4xx_HAL_Driver/stm32f4xx_hal_rtc_ex.o
LOAD Drivers/STM32F4xx_HAL_Driver/stm32f4xx_hal_spi.o
LOAD Drivers/STM32F4xx_HAL_Driver/stm32f4xx_hal_tim.o
LOAD Drivers/STM32F4xx_HAL_Driver/stm32f4xx_hal_tim_ex.o
LOAD Drivers/STM32F4xx_HAL_Driver/stm32f4xx_hal_uart.o
LOAD Drivers/STM32F4xx_HAL_Driver/stm32f4xx_ll_usb.o
LOAD Drivers/CMSIS/system_stm32f4xx.o
LOAD Application/User/chip_select_demux.o
LOAD Application/User/freertos.o
LOAD Application/User/main.o
LOAD Application/User/quad_driver.o
LOAD Application/User/spi_wrapper.o
LOAD Application/User/stm32f4xx_hal_msp.o
LOAD Application/User/stm32f4xx_hal_timebase_TIM.o
LOAD Application/User/stm32f4xx_it.o
LOAD Application/User/usb_device.o
LOAD Application/User/usbd_cdc_if.o
LOAD Application/User/usbd_conf.o
LOAD Application/User/usbd_desc.o
LOAD Application/SW4STM32/startup_stm32f407xx.o
START GROUP
LOAD /Applications/eclipse/plugins/fr.ac6.mcu.externaltools.arm-none.macos64_1.6.0.201601291255/tools/compiler/bin/../lib/gcc/arm-none-eabi/5.2.1/armv7e-m/fpu/libgcc.a
LOAD /Applications/eclipse/plugins/fr.ac6.mcu.externaltools.arm-none.macos64_1.6.0.201601291255/tools/compiler/bin/../lib/gcc/arm-none-eabi/5.2.1/../../../../arm-none-eabi/lib/armv7e-m/fpu/libc_nano.a
END GROUP
START GROUP
LOAD /Applications/eclipse/plugins/fr.ac6.mcu.externaltools.arm-none.macos64_1.6.0.201601291255/tools/compiler/bin/../lib/gcc/arm-none-eabi/5.2.1/armv7e-m/fpu/libgcc.a
LOAD /Applications/eclipse/plugins/fr.ac6.mcu.externaltools.arm-none.macos64_1.6.0.201601291255/tools/compiler/bin/../lib/gcc/arm-none-eabi/5.2.1/../../../../arm-none-eabi/lib/armv7e-m/fpu/libc_nano.a
LOAD /Applications/eclipse/plugins/fr.ac6.mcu.externaltools.arm-none.macos64_1.6.0.201601291255/tools/compiler/bin/../lib/gcc/arm-none-eabi/5.2.1/../../../../arm-none-eabi/lib/armv7e-m/fpu/libnosys.a
END GROUP
START GROUP
LOAD /Applications/eclipse/plugins/fr.ac6.mcu.externaltools.arm-none.macos64_1.6.0.201601291255/tools/compiler/bin/../lib/gcc/arm-none-eabi/5.2.1/armv7e-m/fpu/libgcc.a
LOAD /Applications/eclipse/plugins/fr.ac6.mcu.externaltools.arm-none.macos64_1.6.0.201601291255/tools/compiler/bin/../lib/gcc/arm-none-eabi/5.2.1/../../../../arm-none-eabi/lib/armv7e-m/fpu/libc_nano.a
LOAD /Applications/eclipse/plugins/fr.ac6.mcu.externaltools.arm-none.macos64_1.6.0.201601291255/tools/compiler/bin/../lib/gcc/arm-none-eabi/5.2.1/../../../../arm-none-eabi/lib/armv7e-m/fpu/libnosys.a
END GROUP
LOAD /Applications/eclipse/plugins/fr.ac6.mcu.externaltools.arm-none.macos64_1.6.0.201601291255/tools/compiler/bin/../lib/gcc/arm-none-eabi/5.2.1/armv7e-m/fpu/crtend.o
LOAD /Applications/eclipse/plugins/fr.ac6.mcu.externaltools.arm-none.macos64_1.6.0.201601291255/tools/compiler/bin/../lib/gcc/arm-none-eabi/5.2.1/armv7e-m/fpu/crtn.o
                0x0000000020020000                _estack = 0x20020000
                0x0000000000000400                _Min_Heap_Size = 0x400
                0x0000000000000200                _Min_Stack_Size = 0x200

.isr_vector     0x0000000008000000      0x188
                0x0000000008000000                . = ALIGN (0x4)
 *(.isr_vector)
 .isr_vector    0x0000000008000000      0x188 Application/SW4STM32/startup_stm32f407xx.o
                0x0000000008000000                g_pfnVectors
                0x0000000008000188                . = ALIGN (0x4)

.text           0x0000000008000188     0x4a40
                0x0000000008000188                . = ALIGN (0x4)
 *(.text)
 .text          0x0000000008000188       0xa4 /Applications/eclipse/plugins/fr.ac6.mcu.externaltools.arm-none.macos64_1.6.0.201601291255/tools/compiler/bin/../lib/gcc/arm-none-eabi/5.2.1/armv7e-m/fpu/crtbegin.o
 *(.text*)
 .text.USBD_CDC_DataIn
                0x000000000800022c       0x12 Middlewares/USB_Device_Library/usbd_cdc.o
 .text.USBD_CDC_EP0_RxReady
                0x000000000800023e       0x28 Middlewares/USB_Device_Library/usbd_cdc.o
 *fill*         0x0000000008000266        0x2 
 .text.USBD_CDC_GetFSCfgDesc
                0x0000000008000268        0xc Middlewares/USB_Device_Library/usbd_cdc.o
 .text.USBD_CDC_GetHSCfgDesc
                0x0000000008000274        0xc Middlewares/USB_Device_Library/usbd_cdc.o
 .text.USBD_CDC_GetOtherSpeedCfgDesc
                0x0000000008000280        0xc Middlewares/USB_Device_Library/usbd_cdc.o
 .text.USBD_CDC_GetDeviceQualifierDescriptor
                0x000000000800028c        0xc Middlewares/USB_Device_Library/usbd_cdc.o
                0x000000000800028c                USBD_CDC_GetDeviceQualifierDescriptor
 .text.USBD_CDC_DataOut
                0x0000000008000298       0x2e Middlewares/USB_Device_Library/usbd_cdc.o
 *fill*         0x00000000080002c6        0x2 
 .text.USBD_CDC_Setup
                0x00000000080002c8       0x6c Middlewares/USB_Device_Library/usbd_cdc.o
 .text.USBD_CDC_DeInit
                0x0000000008000334       0x3a Middlewares/USB_Device_Library/usbd_cdc.o
 .text.USBD_CDC_Init
                0x000000000800036e       0x8c Middlewares/USB_Device_Library/usbd_cdc.o
 .text.USBD_CDC_RegisterInterface
                0x00000000080003fa        0xe Middlewares/USB_Device_Library/usbd_cdc.o
                0x00000000080003fa                USBD_CDC_RegisterInterface
 .text.USBD_CDC_SetTxBuffer
                0x0000000008000408       0x10 Middlewares/USB_Device_Library/usbd_cdc.o
                0x0000000008000408                USBD_CDC_SetTxBuffer
 .text.USBD_CDC_SetRxBuffer
                0x0000000008000418        0xc Middlewares/USB_Device_Library/usbd_cdc.o
                0x0000000008000418                USBD_CDC_SetRxBuffer
 .text.USBD_CDC_TransmitPacket
                0x0000000008000424       0x2e Middlewares/USB_Device_Library/usbd_cdc.o
                0x0000000008000424                USBD_CDC_TransmitPacket
 .text.USBD_CDC_ReceivePacket
                0x0000000008000452       0x26 Middlewares/USB_Device_Library/usbd_cdc.o
                0x0000000008000452                USBD_CDC_ReceivePacket
 .text.USBD_Init
                0x0000000008000478       0x2a Middlewares/USB_Device_Library/usbd_core.o
                0x0000000008000478                USBD_Init
 .text.USBD_RegisterClass
                0x00000000080004a2        0xe Middlewares/USB_Device_Library/usbd_core.o
                0x00000000080004a2                USBD_RegisterClass
 .text.USBD_Start
                0x00000000080004b0        0xa Middlewares/USB_Device_Library/usbd_core.o
                0x00000000080004b0                USBD_Start
 .text.USBD_SetClassConfig
                0x00000000080004ba       0x16 Middlewares/USB_Device_Library/usbd_core.o
                0x00000000080004ba                USBD_SetClassConfig
 .text.USBD_ClrClassConfig
                0x00000000080004d0        0xe Middlewares/USB_Device_Library/usbd_core.o
                0x00000000080004d0                USBD_ClrClassConfig
 .text.USBD_LL_SetupStage
                0x00000000080004de       0x5a Middlewares/USB_Device_Library/usbd_core.o
                0x00000000080004de                USBD_LL_SetupStage
 .text.USBD_LL_DataOutStage
                0x0000000008000538       0x62 Middlewares/USB_Device_Library/usbd_core.o
                0x0000000008000538                USBD_LL_DataOutStage
 .text.USBD_LL_DataInStage
                0x000000000800059a       0x9c Middlewares/USB_Device_Library/usbd_core.o
                0x000000000800059a                USBD_LL_DataInStage
 .text.USBD_LL_Reset
                0x0000000008000636       0x3e Middlewares/USB_Device_Library/usbd_core.o
                0x0000000008000636                USBD_LL_Reset
 .text.USBD_LL_SetSpeed
                0x0000000008000674        0x6 Middlewares/USB_Device_Library/usbd_core.o
                0x0000000008000674                USBD_LL_SetSpeed
 .text.USBD_LL_Suspend
                0x000000000800067a       0x12 Middlewares/USB_Device_Library/usbd_core.o
                0x000000000800067a                USBD_LL_Suspend
 .text.USBD_LL_Resume
                0x000000000800068c        0xc Middlewares/USB_Device_Library/usbd_core.o
                0x000000000800068c                USBD_LL_Resume
 .text.USBD_LL_SOF
                0x0000000008000698       0x18 Middlewares/USB_Device_Library/usbd_core.o
                0x0000000008000698                USBD_LL_SOF
 .text.USBD_LL_IsoINIncomplete
                0x00000000080006b0        0x4 Middlewares/USB_Device_Library/usbd_core.o
                0x00000000080006b0                USBD_LL_IsoINIncomplete
 .text.USBD_LL_IsoOUTIncomplete
                0x00000000080006b4        0x4 Middlewares/USB_Device_Library/usbd_core.o
                0x00000000080006b4                USBD_LL_IsoOUTIncomplete
 .text.USBD_LL_DevConnected
                0x00000000080006b8        0x4 Middlewares/USB_Device_Library/usbd_core.o
                0x00000000080006b8                USBD_LL_DevConnected
 .text.USBD_LL_DevDisconnected
                0x00000000080006bc       0x16 Middlewares/USB_Device_Library/usbd_core.o
                0x00000000080006bc                USBD_LL_DevDisconnected
 .text.USBD_ParseSetupRequest
                0x00000000080006d2       0x28 Middlewares/USB_Device_Library/usbd_ctlreq.o
                0x00000000080006d2                USBD_ParseSetupRequest
 .text.USBD_CtlError
                0x00000000080006fa       0x16 Middlewares/USB_Device_Library/usbd_ctlreq.o
                0x00000000080006fa                USBD_CtlError
 .text.USBD_StdDevReq
                0x0000000008000710      0x214 Middlewares/USB_Device_Library/usbd_ctlreq.o
                0x0000000008000710                USBD_StdDevReq
 .text.USBD_StdItfReq
                0x0000000008000924       0x30 Middlewares/USB_Device_Library/usbd_ctlreq.o
                0x0000000008000924                USBD_StdItfReq
 .text.USBD_StdEPReq
                0x0000000008000954       0xc6 Middlewares/USB_Device_Library/usbd_ctlreq.o
                0x0000000008000954                USBD_StdEPReq
 .text.USBD_GetString
                0x0000000008000a1a       0x38 Middlewares/USB_Device_Library/usbd_ctlreq.o
                0x0000000008000a1a                USBD_GetString
 .text.USBD_CtlSendData
                0x0000000008000a52       0x1a Middlewares/USB_Device_Library/usbd_ioreq.o
                0x0000000008000a52                USBD_CtlSendData
 .text.USBD_CtlContinueSendData
                0x0000000008000a6c       0x10 Middlewares/USB_Device_Library/usbd_ioreq.o
                0x0000000008000a6c                USBD_CtlContinueSendData
 .text.USBD_CtlPrepareRx
                0x0000000008000a7c       0x1e Middlewares/USB_Device_Library/usbd_ioreq.o
                0x0000000008000a7c                USBD_CtlPrepareRx
 .text.USBD_CtlContinueRx
                0x0000000008000a9a       0x10 Middlewares/USB_Device_Library/usbd_ioreq.o
                0x0000000008000a9a                USBD_CtlContinueRx
 .text.USBD_CtlSendStatus
                0x0000000008000aaa       0x16 Middlewares/USB_Device_Library/usbd_ioreq.o
                0x0000000008000aaa                USBD_CtlSendStatus
 .text.USBD_CtlReceiveStatus
                0x0000000008000ac0       0x16 Middlewares/USB_Device_Library/usbd_ioreq.o
                0x0000000008000ac0                USBD_CtlReceiveStatus
 .text.osKernelStart
                0x0000000008000ad6        0xa Middlewares/FreeRTOS/cmsis_os.o
                0x0000000008000ad6                osKernelStart
 .text.osThreadCreate
                0x0000000008000ae0       0x38 Middlewares/FreeRTOS/cmsis_os.o
                0x0000000008000ae0                osThreadCreate
 .text.osDelay  0x0000000008000b18       0x10 Middlewares/FreeRTOS/cmsis_os.o
                0x0000000008000b18                osDelay
 .text.osSystickHandler
                0x0000000008000b28       0x14 Middlewares/FreeRTOS/cmsis_os.o
                0x0000000008000b28                osSystickHandler
 .text.unlikely.prvInsertBlockIntoFreeList
                0x0000000008000b3c       0x44 Middlewares/FreeRTOS/heap_4.o
 .text.pvPortMalloc
                0x0000000008000b80      0x120 Middlewares/FreeRTOS/heap_4.o
                0x0000000008000b80                pvPortMalloc
 .text.vPortFree
                0x0000000008000ca0       0x70 Middlewares/FreeRTOS/heap_4.o
                0x0000000008000ca0                vPortFree
 .text.vListInitialise
                0x0000000008000d10       0x16 Middlewares/FreeRTOS/list.o
                0x0000000008000d10                vListInitialise
 .text.vListInitialiseItem
                0x0000000008000d26        0x6 Middlewares/FreeRTOS/list.o
                0x0000000008000d26                vListInitialiseItem
 .text.vListInsertEnd
                0x0000000008000d2c       0x18 Middlewares/FreeRTOS/list.o
                0x0000000008000d2c                vListInsertEnd
 .text.vListInsert
                0x0000000008000d44       0x30 Middlewares/FreeRTOS/list.o
                0x0000000008000d44                vListInsert
 .text.uxListRemove
                0x0000000008000d74       0x20 Middlewares/FreeRTOS/list.o
                0x0000000008000d74                uxListRemove
 .text.prvTaskExitError
                0x0000000008000d94       0x30 Middlewares/FreeRTOS/port.o
 .text.prvPortStartFirstTask
                0x0000000008000dc4       0x20 Middlewares/FreeRTOS/port.o
 .text.vPortEnableVFP
                0x0000000008000de4       0x14 Middlewares/FreeRTOS/port.o
 .text.pxPortInitialiseStack
                0x0000000008000df8       0x24 Middlewares/FreeRTOS/port.o
                0x0000000008000df8                pxPortInitialiseStack
 .text.SVC_Handler
                0x0000000008000e1c       0x20 Middlewares/FreeRTOS/port.o
                0x0000000008000e1c                SVC_Handler
 .text.vPortEnterCritical
                0x0000000008000e3c       0x44 Middlewares/FreeRTOS/port.o
                0x0000000008000e3c                vPortEnterCritical
 .text.vPortExitCritical
                0x0000000008000e80       0x28 Middlewares/FreeRTOS/port.o
                0x0000000008000e80                vPortExitCritical
 .text.PendSV_Handler
                0x0000000008000ea8       0x60 Middlewares/FreeRTOS/port.o
                0x0000000008000ea8                PendSV_Handler
 .text.xPortSysTickHandler
                0x0000000008000f08       0x30 Middlewares/FreeRTOS/port.o
                0x0000000008000f08                xPortSysTickHandler
 .text.vPortSetupTimerInterrupt
                0x0000000008000f38       0x28 Middlewares/FreeRTOS/port.o
                0x0000000008000f38                vPortSetupTimerInterrupt
 .text.xPortStartScheduler
                0x0000000008000f60       0xe4 Middlewares/FreeRTOS/port.o
                0x0000000008000f60                xPortStartScheduler
 .text.prvResetNextTaskUnblockTime
                0x0000000008001044       0x24 Middlewares/FreeRTOS/tasks.o
 .text.prvAddCurrentTaskToDelayedList
                0x0000000008001068       0x3c Middlewares/FreeRTOS/tasks.o
 .text.xTaskGenericCreate.part.5
                0x00000000080010a4      0x1a0 Middlewares/FreeRTOS/tasks.o
 .text.xTaskGenericCreate
                0x0000000008001244       0x3c Middlewares/FreeRTOS/tasks.o
                0x0000000008001244                xTaskGenericCreate
 .text.vTaskStartScheduler
                0x0000000008001280       0x60 Middlewares/FreeRTOS/tasks.o
                0x0000000008001280                vTaskStartScheduler
 .text.vTaskSuspendAll
                0x00000000080012e0       0x14 Middlewares/FreeRTOS/tasks.o
                0x00000000080012e0                vTaskSuspendAll
 .text.xTaskIncrementTick
                0x00000000080012f4      0x100 Middlewares/FreeRTOS/tasks.o
                0x00000000080012f4                xTaskIncrementTick
 .text.xTaskResumeAll
                0x00000000080013f4       0xe8 Middlewares/FreeRTOS/tasks.o
                0x00000000080013f4                xTaskResumeAll
 .text.vTaskDelay
                0x00000000080014dc       0x70 Middlewares/FreeRTOS/tasks.o
                0x00000000080014dc                vTaskDelay
 .text.prvIdleTask
                0x000000000800154c       0x70 Middlewares/FreeRTOS/tasks.o
 .text.vTaskSwitchContext
                0x00000000080015bc       0x68 Middlewares/FreeRTOS/tasks.o
                0x00000000080015bc                vTaskSwitchContext
 .text.xTaskGetSchedulerState
                0x0000000008001624       0x20 Middlewares/FreeRTOS/tasks.o
                0x0000000008001624                xTaskGetSchedulerState
 .text.HAL_Init
                0x0000000008001644       0x34 Drivers/STM32F4xx_HAL_Driver/stm32f4xx_hal.o
                0x0000000008001644                HAL_Init
 .text.HAL_IncTick
                0x0000000008001678       0x10 Drivers/STM32F4xx_HAL_Driver/stm32f4xx_hal.o
                0x0000000008001678                HAL_IncTick
 .text.HAL_GetTick
                0x0000000008001688        0xc Drivers/STM32F4xx_HAL_Driver/stm32f4xx_hal.o
                0x0000000008001688                HAL_GetTick
 .text.HAL_Delay
                0x0000000008001694       0x1a Drivers/STM32F4xx_HAL_Driver/stm32f4xx_hal.o
                0x0000000008001694                HAL_Delay
 *fill*         0x00000000080016ae        0x2 
 .text.HAL_NVIC_SetPriorityGrouping
                0x00000000080016b0       0x24 Drivers/STM32F4xx_HAL_Driver/stm32f4xx_hal_cortex.o
                0x00000000080016b0                HAL_NVIC_SetPriorityGrouping
 .text.HAL_NVIC_SetPriority
                0x00000000080016d4       0x68 Drivers/STM32F4xx_HAL_Driver/stm32f4xx_hal_cortex.o
                0x00000000080016d4                HAL_NVIC_SetPriority
 .text.HAL_NVIC_EnableIRQ
                0x000000000800173c       0x18 Drivers/STM32F4xx_HAL_Driver/stm32f4xx_hal_cortex.o
                0x000000000800173c                HAL_NVIC_EnableIRQ
 .text.HAL_SYSTICK_Config
                0x0000000008001754       0x2c Drivers/STM32F4xx_HAL_Driver/stm32f4xx_hal_cortex.o
                0x0000000008001754                HAL_SYSTICK_Config
 .text.HAL_SYSTICK_CLKSourceConfig
                0x0000000008001780       0x18 Drivers/STM32F4xx_HAL_Driver/stm32f4xx_hal_cortex.o
                0x0000000008001780                HAL_SYSTICK_CLKSourceConfig
 .text.HAL_GPIO_Init
                0x0000000008001798      0x1cc Drivers/STM32F4xx_HAL_Driver/stm32f4xx_hal_gpio.o
                0x0000000008001798                HAL_GPIO_Init
 .text.HAL_GPIO_WritePin
                0x0000000008001964        0x8 Drivers/STM32F4xx_HAL_Driver/stm32f4xx_hal_gpio.o
                0x0000000008001964                HAL_GPIO_WritePin
 .text.HAL_PCD_Init
                0x000000000800196c       0xd8 Drivers/STM32F4xx_HAL_Driver/stm32f4xx_hal_pcd.o
                0x000000000800196c                HAL_PCD_Init
 .text.HAL_PCD_Start
                0x0000000008001a44       0x2a Drivers/STM32F4xx_HAL_Driver/stm32f4xx_hal_pcd.o
                0x0000000008001a44                HAL_PCD_Start
 .text.HAL_PCD_IRQHandler
                0x0000000008001a6e      0x45a Drivers/STM32F4xx_HAL_Driver/stm32f4xx_hal_pcd.o
                0x0000000008001a6e                HAL_PCD_IRQHandler
 .text.HAL_PCD_SetAddress
                0x0000000008001ec8       0x24 Drivers/STM32F4xx_HAL_Driver/stm32f4xx_hal_pcd.o
                0x0000000008001ec8                HAL_PCD_SetAddress
 .text.HAL_PCD_EP_Open
                0x0000000008001eec       0x5e Drivers/STM32F4xx_HAL_Driver/stm32f4xx_hal_pcd.o
                0x0000000008001eec                HAL_PCD_EP_Open
 .text.HAL_PCD_EP_Close
                0x0000000008001f4a       0x48 Drivers/STM32F4xx_HAL_Driver/stm32f4xx_hal_pcd.o
                0x0000000008001f4a                HAL_PCD_EP_Close
 .text.HAL_PCD_EP_Receive
                0x0000000008001f92       0x62 Drivers/STM32F4xx_HAL_Driver/stm32f4xx_hal_pcd.o
                0x0000000008001f92                HAL_PCD_EP_Receive
 .text.HAL_PCD_EP_GetRxCount
                0x0000000008001ff4       0x10 Drivers/STM32F4xx_HAL_Driver/stm32f4xx_hal_pcd.o
                0x0000000008001ff4                HAL_PCD_EP_GetRxCount
 .text.HAL_PCD_EP_Transmit
                0x0000000008002004       0x5a Drivers/STM32F4xx_HAL_Driver/stm32f4xx_hal_pcd.o
                0x0000000008002004                HAL_PCD_EP_Transmit
 .text.HAL_PCD_EP_SetStall
                0x000000000800205e       0x5a Drivers/STM32F4xx_HAL_Driver/stm32f4xx_hal_pcd.o
                0x000000000800205e                HAL_PCD_EP_SetStall
 .text.HAL_PCD_EP_ClrStall
                0x00000000080020b8       0x4c Drivers/STM32F4xx_HAL_Driver/stm32f4xx_hal_pcd.o
                0x00000000080020b8                HAL_PCD_EP_ClrStall
 .text.HAL_PCDEx_SetTxFiFo
                0x0000000008002104       0x42 Drivers/STM32F4xx_HAL_Driver/stm32f4xx_hal_pcd_ex.o
                0x0000000008002104                HAL_PCDEx_SetTxFiFo
 .text.HAL_PCDEx_SetRxFiFo
                0x0000000008002146        0x8 Drivers/STM32F4xx_HAL_Driver/stm32f4xx_hal_pcd_ex.o
                0x0000000008002146                HAL_PCDEx_SetRxFiFo
 *fill*         0x000000000800214e        0x2 
 .text.HAL_RCC_OscConfig
                0x0000000008002150      0x2d0 Drivers/STM32F4xx_HAL_Driver/stm32f4xx_hal_rcc.o
                0x0000000008002150                HAL_RCC_OscConfig
 .text.HAL_RCC_ClockConfig
                0x0000000008002420      0x140 Drivers/STM32F4xx_HAL_Driver/stm32f4xx_hal_rcc.o
                0x0000000008002420                HAL_RCC_ClockConfig
 .text.HAL_RCC_GetSysClockFreq
                0x0000000008002560       0x7c Drivers/STM32F4xx_HAL_Driver/stm32f4xx_hal_rcc.o
                0x0000000008002560                HAL_RCC_GetSysClockFreq
 .text.HAL_RCC_GetHCLKFreq
                0x00000000080025dc       0x34 Drivers/STM32F4xx_HAL_Driver/stm32f4xx_hal_rcc.o
                0x00000000080025dc                HAL_RCC_GetHCLKFreq
 .text.HAL_RCC_GetPCLK1Freq
                0x0000000008002610       0x2c Drivers/STM32F4xx_HAL_Driver/stm32f4xx_hal_rcc.o
                0x0000000008002610                HAL_RCC_GetPCLK1Freq
 .text.HAL_RCC_GetPCLK2Freq
                0x000000000800263c       0x2c Drivers/STM32F4xx_HAL_Driver/stm32f4xx_hal_rcc.o
                0x000000000800263c                HAL_RCC_GetPCLK2Freq
 .text.HAL_RCC_GetClockConfig
                0x0000000008002668       0x3c Drivers/STM32F4xx_HAL_Driver/stm32f4xx_hal_rcc.o
                0x0000000008002668                HAL_RCC_GetClockConfig
 .text.SPI_WaitFlagStateUntilTimeout
                0x00000000080026a4       0x88 Drivers/STM32F4xx_HAL_Driver/stm32f4xx_hal_spi.o
 .text.SPI_CheckFlag_BSY
                0x000000000800272c       0x20 Drivers/STM32F4xx_HAL_Driver/stm32f4xx_hal_spi.o
 .text.HAL_SPI_Init
                0x000000000800274c       0x80 Drivers/STM32F4xx_HAL_Driver/stm32f4xx_hal_spi.o
                0x000000000800274c                HAL_SPI_Init
 .text.HAL_SPI_Transmit_IT
                0x00000000080027cc       0xb0 Drivers/STM32F4xx_HAL_Driver/stm32f4xx_hal_spi.o
                0x00000000080027cc                HAL_SPI_Transmit_IT
 .text.HAL_SPI_TxCpltCallback
                0x000000000800287c        0x2 Drivers/STM32F4xx_HAL_Driver/stm32f4xx_hal_spi.o
                0x000000000800287c                HAL_SPI_TxCpltCallback
 .text.HAL_SPI_ErrorCallback
                0x000000000800287e        0x2 Drivers/STM32F4xx_HAL_Driver/stm32f4xx_hal_spi.o
                0x000000000800287e                HAL_SPI_ErrorCallback
 .text.SPI_CloseTx_ISR
                0x0000000008002880       0x52 Drivers/STM32F4xx_HAL_Driver/stm32f4xx_hal_spi.o
 .text.SPI_TxISR_8BIT
                0x00000000080028d2       0x2e Drivers/STM32F4xx_HAL_Driver/stm32f4xx_hal_spi.o
 .text.SPI_TxISR_16BIT
                0x0000000008002900       0x2c Drivers/STM32F4xx_HAL_Driver/stm32f4xx_hal_spi.o
 .text.HAL_SPI_IRQHandler
                0x000000000800292c       0xa6 Drivers/STM32F4xx_HAL_Driver/stm32f4xx_hal_spi.o
                0x000000000800292c                HAL_SPI_IRQHandler
 *fill*         0x00000000080029d2        0x2 
 .text.TIM_OC1_SetConfig
                0x00000000080029d4       0x58 Drivers/STM32F4xx_HAL_Driver/stm32f4xx_hal_tim.o
 .text.TIM_OC3_SetConfig
                0x0000000008002a2c       0x60 Drivers/STM32F4xx_HAL_Driver/stm32f4xx_hal_tim.o
 .text.TIM_OC4_SetConfig
                0x0000000008002a8c       0x50 Drivers/STM32F4xx_HAL_Driver/stm32f4xx_hal_tim.o
 .text.HAL_TIM_Base_Start
                0x0000000008002adc       0x1a Drivers/STM32F4xx_HAL_Driver/stm32f4xx_hal_tim.o
                0x0000000008002adc                HAL_TIM_Base_Start
 .text.HAL_TIM_Base_Start_IT
                0x0000000008002af6       0x16 Drivers/STM32F4xx_HAL_Driver/stm32f4xx_hal_tim.o
                0x0000000008002af6                HAL_TIM_Base_Start_IT
 .text.HAL_TIM_PWM_MspInit
                0x0000000008002b0c        0x2 Drivers/STM32F4xx_HAL_Driver/stm32f4xx_hal_tim.o
                0x0000000008002b0c                HAL_TIM_PWM_MspInit
 .text.HAL_TIM_ConfigClockSource
                0x0000000008002b0e      0x174 Drivers/STM32F4xx_HAL_Driver/stm32f4xx_hal_tim.o
                0x0000000008002b0e                HAL_TIM_ConfigClockSource
 .text.HAL_TIM_OC_DelayElapsedCallback
                0x0000000008002c82        0x2 Drivers/STM32F4xx_HAL_Driver/stm32f4xx_hal_tim.o
                0x0000000008002c82                HAL_TIM_OC_DelayElapsedCallback
 .text.HAL_TIM_IC_CaptureCallback
                0x0000000008002c84        0x2 Drivers/STM32F4xx_HAL_Driver/stm32f4xx_hal_tim.o
                0x0000000008002c84                HAL_TIM_IC_CaptureCallback
 .text.HAL_TIM_PWM_PulseFinishedCallback
                0x0000000008002c86        0x2 Drivers/STM32F4xx_HAL_Driver/stm32f4xx_hal_tim.o
                0x0000000008002c86                HAL_TIM_PWM_PulseFinishedCallback
 .text.HAL_TIM_TriggerCallback
                0x0000000008002c88        0x2 Drivers/STM32F4xx_HAL_Driver/stm32f4xx_hal_tim.o
                0x0000000008002c88                HAL_TIM_TriggerCallback
 .text.HAL_TIM_IRQHandler
                0x0000000008002c8a      0x144 Drivers/STM32F4xx_HAL_Driver/stm32f4xx_hal_tim.o
                0x0000000008002c8a                HAL_TIM_IRQHandler
 *fill*         0x0000000008002dce        0x2 
 .text.TIM_Base_SetConfig
                0x0000000008002dd0       0xc8 Drivers/STM32F4xx_HAL_Driver/stm32f4xx_hal_tim.o
                0x0000000008002dd0                TIM_Base_SetConfig
 .text.HAL_TIM_Base_Init
                0x0000000008002e98       0x34 Drivers/STM32F4xx_HAL_Driver/stm32f4xx_hal_tim.o
                0x0000000008002e98                HAL_TIM_Base_Init
 .text.HAL_TIM_PWM_Init
                0x0000000008002ecc       0x34 Drivers/STM32F4xx_HAL_Driver/stm32f4xx_hal_tim.o
                0x0000000008002ecc                HAL_TIM_PWM_Init
 .text.TIM_OC2_SetConfig
                0x0000000008002f00       0x64 Drivers/STM32F4xx_HAL_Driver/stm32f4xx_hal_tim.o
                0x0000000008002f00                TIM_OC2_SetConfig
 .text.HAL_TIM_PWM_ConfigChannel
                0x0000000008002f64       0xc6 Drivers/STM32F4xx_HAL_Driver/stm32f4xx_hal_tim.o
                0x0000000008002f64                HAL_TIM_PWM_ConfigChannel
 .text.TIM_CCxChannelCmd
                0x000000000800302a       0x1a Drivers/STM32F4xx_HAL_Driver/stm32f4xx_hal_tim.o
                0x000000000800302a                TIM_CCxChannelCmd
 .text.HAL_TIM_PWM_Start
                0x0000000008003044       0x34 Drivers/STM32F4xx_HAL_Driver/stm32f4xx_hal_tim.o
                0x0000000008003044                HAL_TIM_PWM_Start
 .text.HAL_TIMEx_MasterConfigSynchronization
                0x0000000008003078       0x44 Drivers/STM32F4xx_HAL_Driver/stm32f4xx_hal_tim_ex.o
                0x0000000008003078                HAL_TIMEx_MasterConfigSynchronization
 .text.HAL_TIMEx_CommutationCallback
                0x00000000080030bc        0x2 Drivers/STM32F4xx_HAL_Driver/stm32f4xx_hal_tim_ex.o
                0x00000000080030bc                HAL_TIMEx_CommutationCallback
 .text.HAL_TIMEx_BreakCallback
                0x00000000080030be        0x2 Drivers/STM32F4xx_HAL_Driver/stm32f4xx_hal_tim_ex.o
                0x00000000080030be                HAL_TIMEx_BreakCallback
 .text.UART_SetConfig
                0x00000000080030c0      0x23c Drivers/STM32F4xx_HAL_Driver/stm32f4xx_hal_uart.o
 .text.HAL_UART_Init
                0x00000000080032fc       0x5c Drivers/STM32F4xx_HAL_Driver/stm32f4xx_hal_uart.o
                0x00000000080032fc                HAL_UART_Init
 .text.HAL_UART_Transmit_IT
                0x0000000008003358       0x3e Drivers/STM32F4xx_HAL_Driver/stm32f4xx_hal_uart.o
                0x0000000008003358                HAL_UART_Transmit_IT
 .text.HAL_UART_TxCpltCallback
                0x0000000008003396        0x2 Drivers/STM32F4xx_HAL_Driver/stm32f4xx_hal_uart.o
                0x0000000008003396                HAL_UART_TxCpltCallback
 .text.HAL_UART_RxCpltCallback
                0x0000000008003398        0x2 Drivers/STM32F4xx_HAL_Driver/stm32f4xx_hal_uart.o
                0x0000000008003398                HAL_UART_RxCpltCallback
 .text.HAL_UART_ErrorCallback
                0x000000000800339a        0x2 Drivers/STM32F4xx_HAL_Driver/stm32f4xx_hal_uart.o
                0x000000000800339a                HAL_UART_ErrorCallback
 .text.HAL_UART_IRQHandler
                0x000000000800339c      0x19c Drivers/STM32F4xx_HAL_Driver/stm32f4xx_hal_uart.o
                0x000000000800339c                HAL_UART_IRQHandler
 .text.USB_CoreInit
                0x0000000008003538       0x74 Drivers/STM32F4xx_HAL_Driver/stm32f4xx_ll_usb.o
                0x0000000008003538                USB_CoreInit
 .text.USB_EnableGlobalInt
                0x00000000080035ac        0xc Drivers/STM32F4xx_HAL_Driver/stm32f4xx_ll_usb.o
                0x00000000080035ac                USB_EnableGlobalInt
 .text.USB_DisableGlobalInt
                0x00000000080035b8        0xc Drivers/STM32F4xx_HAL_Driver/stm32f4xx_ll_usb.o
                0x00000000080035b8                USB_DisableGlobalInt
 .text.USB_SetCurrentMode
                0x00000000080035c4       0x2c Drivers/STM32F4xx_HAL_Driver/stm32f4xx_ll_usb.o
                0x00000000080035c4                USB_SetCurrentMode
 .text.USB_DevInit
                0x00000000080035f0      0x134 Drivers/STM32F4xx_HAL_Driver/stm32f4xx_ll_usb.o
                0x00000000080035f0                USB_DevInit
 .text.USB_FlushTxFifo
                0x0000000008003724       0x24 Drivers/STM32F4xx_HAL_Driver/stm32f4xx_ll_usb.o
                0x0000000008003724                USB_FlushTxFifo
 .text.USB_FlushRxFifo
                0x0000000008003748       0x20 Drivers/STM32F4xx_HAL_Driver/stm32f4xx_ll_usb.o
                0x0000000008003748                USB_FlushRxFifo
 .text.USB_SetDevSpeed
                0x0000000008003768        0xe Drivers/STM32F4xx_HAL_Driver/stm32f4xx_ll_usb.o
                0x0000000008003768                USB_SetDevSpeed
 .text.USB_GetDevSpeed
                0x0000000008003776       0x36 Drivers/STM32F4xx_HAL_Driver/stm32f4xx_ll_usb.o
                0x0000000008003776                USB_GetDevSpeed
 .text.USB_ActivateEndpoint
                0x00000000080037ac       0x82 Drivers/STM32F4xx_HAL_Driver/stm32f4xx_ll_usb.o
                0x00000000080037ac                USB_ActivateEndpoint
 .text.USB_DeactivateEndpoint
                0x000000000800382e       0x6e Drivers/STM32F4xx_HAL_Driver/stm32f4xx_ll_usb.o
                0x000000000800382e                USB_DeactivateEndpoint
 .text.USB_EPStartXfer
                0x000000000800389c      0x238 Drivers/STM32F4xx_HAL_Driver/stm32f4xx_ll_usb.o
                0x000000000800389c                USB_EPStartXfer
 .text.USB_EP0StartXfer
                0x0000000008003ad4      0x154 Drivers/STM32F4xx_HAL_Driver/stm32f4xx_ll_usb.o
                0x0000000008003ad4                USB_EP0StartXfer
 .text.USB_WritePacket
                0x0000000008003c28       0x28 Drivers/STM32F4xx_HAL_Driver/stm32f4xx_ll_usb.o
                0x0000000008003c28                USB_WritePacket
 .text.USB_ReadPacket
                0x0000000008003c50       0x1c Drivers/STM32F4xx_HAL_Driver/stm32f4xx_ll_usb.o
                0x0000000008003c50                USB_ReadPacket
 .text.USB_EPSetStall
                0x0000000008003c6c       0x64 Drivers/STM32F4xx_HAL_Driver/stm32f4xx_ll_usb.o
                0x0000000008003c6c                USB_EPSetStall
 .text.USB_EPClearStall
                0x0000000008003cd0       0x3c Drivers/STM32F4xx_HAL_Driver/stm32f4xx_ll_usb.o
                0x0000000008003cd0                USB_EPClearStall
 .text.USB_SetDevAddress
                0x0000000008003d0c       0x20 Drivers/STM32F4xx_HAL_Driver/stm32f4xx_ll_usb.o
                0x0000000008003d0c                USB_SetDevAddress
 .text.USB_DevConnect
                0x0000000008003d2c       0x18 Drivers/STM32F4xx_HAL_Driver/stm32f4xx_ll_usb.o
                0x0000000008003d2c                USB_DevConnect
 .text.USB_DevDisconnect
                0x0000000008003d44       0x18 Drivers/STM32F4xx_HAL_Driver/stm32f4xx_ll_usb.o
                0x0000000008003d44                USB_DevDisconnect
 .text.USB_ReadInterrupts
                0x0000000008003d5c        0x8 Drivers/STM32F4xx_HAL_Driver/stm32f4xx_ll_usb.o
                0x0000000008003d5c                USB_ReadInterrupts
 .text.USB_ReadDevAllOutEpInterrupt
                0x0000000008003d64       0x10 Drivers/STM32F4xx_HAL_Driver/stm32f4xx_ll_usb.o
                0x0000000008003d64                USB_ReadDevAllOutEpInterrupt
 .text.USB_ReadDevAllInEpInterrupt
                0x0000000008003d74       0x10 Drivers/STM32F4xx_HAL_Driver/stm32f4xx_ll_usb.o
                0x0000000008003d74                USB_ReadDevAllInEpInterrupt
 .text.USB_ReadDevOutEPInterrupt
                0x0000000008003d84       0x14 Drivers/STM32F4xx_HAL_Driver/stm32f4xx_ll_usb.o
                0x0000000008003d84                USB_ReadDevOutEPInterrupt
 .text.USB_ReadDevInEPInterrupt
                0x0000000008003d98       0x20 Drivers/STM32F4xx_HAL_Driver/stm32f4xx_ll_usb.o
                0x0000000008003d98                USB_ReadDevInEPInterrupt
 .text.USB_GetMode
                0x0000000008003db8        0x8 Drivers/STM32F4xx_HAL_Driver/stm32f4xx_ll_usb.o
                0x0000000008003db8                USB_GetMode
 .text.USB_ActivateSetup
                0x0000000008003dc0       0x36 Drivers/STM32F4xx_HAL_Driver/stm32f4xx_ll_usb.o
                0x0000000008003dc0                USB_ActivateSetup
 .text.USB_EP0_OutStart
                0x0000000008003df6       0x46 Drivers/STM32F4xx_HAL_Driver/stm32f4xx_ll_usb.o
                0x0000000008003df6                USB_EP0_OutStart
 .text.USB_CoreReset
                0x0000000008003e3c       0x30 Drivers/STM32F4xx_HAL_Driver/stm32f4xx_ll_usb.o
 .text.SystemInit
                0x0000000008003e6c       0x4c Drivers/CMSIS/system_stm32f4xx.o
                0x0000000008003e6c                SystemInit
 .text.StartDefaultTask
                0x0000000008003eb8        0xe Application/User/main.o
                0x0000000008003eb8                StartDefaultTask
 *fill*         0x0000000008003ec6        0x2 
 .text.sendMessageTaskFunction
                0x0000000008003ec8       0x80 Application/User/main.o
                0x0000000008003ec8                sendMessageTaskFunction
 .text.speedTaskFunction
                0x0000000008003f48       0x48 Application/User/main.o
                0x0000000008003f48                speedTaskFunction
 .text.controlLoopTaskFunction
                0x0000000008003f90       0x1c Application/User/main.o
                0x0000000008003f90                controlLoopTaskFunction
 .text.SystemClock_Config
                0x0000000008003fac       0x9c Application/User/main.o
                0x0000000008003fac                SystemClock_Config
 .text.startup.main
                0x0000000008004048      0x380 Application/User/main.o
                0x0000000008004048                main
 .text.HAL_MspInit
                0x00000000080043c8       0x18 Application/User/stm32f4xx_hal_msp.o
                0x00000000080043c8                HAL_MspInit
 .text.HAL_SPI_MspInit
                0x00000000080043e0       0x78 Application/User/stm32f4xx_hal_msp.o
                0x00000000080043e0                HAL_SPI_MspInit
 .text.HAL_TIM_Base_MspInit
                0x0000000008004458       0x3c Application/User/stm32f4xx_hal_msp.o
                0x0000000008004458                HAL_TIM_Base_MspInit
 .text.HAL_TIM_MspPostInit
                0x0000000008004494       0x48 Application/User/stm32f4xx_hal_msp.o
                0x0000000008004494                HAL_TIM_MspPostInit
 .text.HAL_UART_MspInit
                0x00000000080044dc       0x60 Application/User/stm32f4xx_hal_msp.o
                0x00000000080044dc                HAL_UART_MspInit
 .text.HAL_InitTick
                0x000000000800453c       0x7c Application/User/stm32f4xx_hal_timebase_TIM.o
                0x000000000800453c                HAL_InitTick
 .text.HAL_TIM_PeriodElapsedCallback
                0x00000000080045b8        0x4 Application/User/stm32f4xx_hal_timebase_TIM.o
                0x00000000080045b8                HAL_TIM_PeriodElapsedCallback
 .text.SysTick_Handler
                0x00000000080045bc        0x4 Application/User/stm32f4xx_it.o
                0x00000000080045bc                SysTick_Handler
 .text.TIM3_IRQHandler
                0x00000000080045c0        0xc Application/User/stm32f4xx_it.o
                0x00000000080045c0                TIM3_IRQHandler
 .text.SPI2_IRQHandler
                0x00000000080045cc        0xc Application/User/stm32f4xx_it.o
                0x00000000080045cc                SPI2_IRQHandler
 .text.USART2_IRQHandler
                0x00000000080045d8        0xc Application/User/stm32f4xx_it.o
                0x00000000080045d8                USART2_IRQHandler
 .text.TIM8_TRG_COM_TIM14_IRQHandler
                0x00000000080045e4        0xc Application/User/stm32f4xx_it.o
                0x00000000080045e4                TIM8_TRG_COM_TIM14_IRQHandler
 .text.OTG_FS_IRQHandler
                0x00000000080045f0        0xc Application/User/stm32f4xx_it.o
                0x00000000080045f0                OTG_FS_IRQHandler
 .text.MX_USB_DEVICE_Init
                0x00000000080045fc       0x38 Application/User/usb_device.o
                0x00000000080045fc                MX_USB_DEVICE_Init
 .text.CDC_DeInit_FS
                0x0000000008004634        0x4 Application/User/usbd_cdc_if.o
 .text.CDC_Control_FS
                0x0000000008004638        0x4 Application/User/usbd_cdc_if.o
 .text.CDC_Receive_FS
                0x000000000800463c       0x1c Application/User/usbd_cdc_if.o
 .text.CDC_Init_FS
                0x0000000008004658       0x2c Application/User/usbd_cdc_if.o
 .text.CDC_Transmit_FS
                0x0000000008004684       0x20 Application/User/usbd_cdc_if.o
                0x0000000008004684                CDC_Transmit_FS
 .text.HAL_PCD_MspInit
                0x00000000080046a4       0x74 Application/User/usbd_conf.o
                0x00000000080046a4                HAL_PCD_MspInit
 .text.HAL_PCD_SetupStageCallback
                0x0000000008004718        0xc Application/User/usbd_conf.o
                0x0000000008004718                HAL_PCD_SetupStageCallback
 .text.HAL_PCD_DataOutStageCallback
                0x0000000008004724       0x12 Application/User/usbd_conf.o
                0x0000000008004724                HAL_PCD_DataOutStageCallback
 .text.HAL_PCD_DataInStageCallback
                0x0000000008004736       0x10 Application/User/usbd_conf.o
                0x0000000008004736                HAL_PCD_DataInStageCallback
 .text.HAL_PCD_SOFCallback
                0x0000000008004746        0x8 Application/User/usbd_conf.o
                0x0000000008004746                HAL_PCD_SOFCallback
 .text.HAL_PCD_ResetCallback
                0x000000000800474e       0x20 Application/User/usbd_conf.o
                0x000000000800474e                HAL_PCD_ResetCallback
 *fill*         0x000000000800476e        0x2 
 .text.HAL_PCD_SuspendCallback
                0x0000000008004770       0x30 Application/User/usbd_conf.o
                0x0000000008004770                HAL_PCD_SuspendCallback
 .text.HAL_PCD_ResumeCallback
                0x00000000080047a0        0x8 Application/User/usbd_conf.o
                0x00000000080047a0                HAL_PCD_ResumeCallback
 .text.HAL_PCD_ISOOUTIncompleteCallback
                0x00000000080047a8        0x8 Application/User/usbd_conf.o
                0x00000000080047a8                HAL_PCD_ISOOUTIncompleteCallback
 .text.HAL_PCD_ISOINIncompleteCallback
                0x00000000080047b0        0x8 Application/User/usbd_conf.o
                0x00000000080047b0                HAL_PCD_ISOINIncompleteCallback
 .text.HAL_PCD_ConnectCallback
                0x00000000080047b8        0x8 Application/User/usbd_conf.o
                0x00000000080047b8                HAL_PCD_ConnectCallback
 .text.HAL_PCD_DisconnectCallback
                0x00000000080047c0        0x8 Application/User/usbd_conf.o
                0x00000000080047c0                HAL_PCD_DisconnectCallback
 .text.USBD_LL_Init
                0x00000000080047c8       0x5c Application/User/usbd_conf.o
                0x00000000080047c8                USBD_LL_Init
 .text.USBD_LL_Start
                0x0000000008004824        0xe Application/User/usbd_conf.o
                0x0000000008004824                USBD_LL_Start
 .text.USBD_LL_OpenEP
                0x0000000008004832       0x14 Application/User/usbd_conf.o
                0x0000000008004832                USBD_LL_OpenEP
 .text.USBD_LL_CloseEP
                0x0000000008004846        0xe Application/User/usbd_conf.o
                0x0000000008004846                USBD_LL_CloseEP
 .text.USBD_LL_StallEP
                0x0000000008004854        0xe Application/User/usbd_conf.o
                0x0000000008004854                USBD_LL_StallEP
 .text.USBD_LL_ClearStallEP
                0x0000000008004862        0xe Application/User/usbd_conf.o
                0x0000000008004862                USBD_LL_ClearStallEP
 .text.USBD_LL_IsStallEP
                0x0000000008004870       0x26 Application/User/usbd_conf.o
                0x0000000008004870                USBD_LL_IsStallEP
 .text.USBD_LL_SetUSBAddress
                0x0000000008004896        0xe Application/User/usbd_conf.o
                0x0000000008004896                USBD_LL_SetUSBAddress
 .text.USBD_LL_Transmit
                0x00000000080048a4        0xe Application/User/usbd_conf.o
                0x00000000080048a4                USBD_LL_Transmit
 .text.USBD_LL_PrepareReceive
                0x00000000080048b2        0xe Application/User/usbd_conf.o
                0x00000000080048b2                USBD_LL_PrepareReceive
 .text.USBD_LL_GetRxDataSize
                0x00000000080048c0        0xc Application/User/usbd_conf.o
                0x00000000080048c0                USBD_LL_GetRxDataSize
 .text.USBD_FS_DeviceDescriptor
                0x00000000080048cc        0xc Application/User/usbd_desc.o
                0x00000000080048cc                USBD_FS_DeviceDescriptor
 .text.USBD_FS_LangIDStrDescriptor
                0x00000000080048d8        0xc Application/User/usbd_desc.o
                0x00000000080048d8                USBD_FS_LangIDStrDescriptor
 .text.USBD_FS_ManufacturerStrDescriptor
                0x00000000080048e4       0x1c Application/User/usbd_desc.o
                0x00000000080048e4                USBD_FS_ManufacturerStrDescriptor
 .text.USBD_FS_ProductStrDescriptor
                0x0000000008004900       0x1c Application/User/usbd_desc.o
                0x0000000008004900                USBD_FS_ProductStrDescriptor
 .text.USBD_FS_SerialStrDescriptor
                0x000000000800491c       0x1c Application/User/usbd_desc.o
                0x000000000800491c                USBD_FS_SerialStrDescriptor
 .text.USBD_FS_ConfigStrDescriptor
                0x0000000008004938       0x1c Application/User/usbd_desc.o
                0x0000000008004938                USBD_FS_ConfigStrDescriptor
 .text.USBD_FS_InterfaceStrDescriptor
                0x0000000008004954       0x1c Application/User/usbd_desc.o
                0x0000000008004954                USBD_FS_InterfaceStrDescriptor
 .text.Reset_Handler
                0x0000000008004970       0x50 Application/SW4STM32/startup_stm32f407xx.o
                0x0000000008004970                Reset_Handler
 .text.Default_Handler
                0x00000000080049c0        0x2 Application/SW4STM32/startup_stm32f407xx.o
                0x00000000080049c0                DMA1_Stream3_IRQHandler
                0x00000000080049c0                HASH_RNG_IRQHandler
                0x00000000080049c0                EXTI2_IRQHandler
                0x00000000080049c0                TIM8_CC_IRQHandler
                0x00000000080049c0                DebugMon_Handler
                0x00000000080049c0                TIM1_CC_IRQHandler
                0x00000000080049c0                DMA2_Stream5_IRQHandler
                0x00000000080049c0                HardFault_Handler
                0x00000000080049c0                DMA1_Stream5_IRQHandler
                0x00000000080049c0                PVD_IRQHandler
                0x00000000080049c0                SDIO_IRQHandler
                0x00000000080049c0                TAMP_STAMP_IRQHandler
                0x00000000080049c0                NMI_Handler
                0x00000000080049c0                CAN2_RX1_IRQHandler
                0x00000000080049c0                EXTI3_IRQHandler
                0x00000000080049c0                TIM1_UP_TIM10_IRQHandler
                0x00000000080049c0                TIM8_UP_TIM13_IRQHandler
                0x00000000080049c0                I2C3_ER_IRQHandler
                0x00000000080049c0                EXTI0_IRQHandler
                0x00000000080049c0                I2C2_EV_IRQHandler
                0x00000000080049c0                DMA1_Stream2_IRQHandler
                0x00000000080049c0                CAN1_RX0_IRQHandler
                0x00000000080049c0                FPU_IRQHandler
                0x00000000080049c0                OTG_HS_WKUP_IRQHandler
                0x00000000080049c0                UsageFault_Handler
                0x00000000080049c0                CAN2_SCE_IRQHandler
                0x00000000080049c0                DMA2_Stream2_IRQHandler
                0x00000000080049c0                SPI1_IRQHandler
                0x00000000080049c0                TIM6_DAC_IRQHandler
                0x00000000080049c0                TIM1_BRK_TIM9_IRQHandler
                0x00000000080049c0                DCMI_IRQHandler
                0x00000000080049c0                CAN2_RX0_IRQHandler
                0x00000000080049c0                DMA2_Stream3_IRQHandler
                0x00000000080049c0                USART6_IRQHandler
                0x00000000080049c0                USART3_IRQHandler
                0x00000000080049c0                CAN1_RX1_IRQHandler
                0x00000000080049c0                UART5_IRQHandler
                0x00000000080049c0                DMA2_Stream0_IRQHandler
                0x00000000080049c0                TIM4_IRQHandler
                0x00000000080049c0                I2C1_EV_IRQHandler
                0x00000000080049c0                DMA1_Stream6_IRQHandler
                0x00000000080049c0                DMA1_Stream1_IRQHandler
                0x00000000080049c0                UART4_IRQHandler
                0x00000000080049c0                RCC_IRQHandler
                0x00000000080049c0                TIM8_BRK_TIM12_IRQHandler
                0x00000000080049c0                Default_Handler
                0x00000000080049c0                EXTI15_10_IRQHandler
                0x00000000080049c0                ADC_IRQHandler
                0x00000000080049c0                DMA1_Stream7_IRQHandler
                0x00000000080049c0                TIM7_IRQHandler
                0x00000000080049c0                CAN2_TX_IRQHandler
                0x00000000080049c0                TIM5_IRQHandler
                0x00000000080049c0                DMA2_Stream7_IRQHandler
                0x00000000080049c0                I2C3_EV_IRQHandler
                0x00000000080049c0                EXTI9_5_IRQHandler
                0x00000000080049c0                RTC_WKUP_IRQHandler
                0x00000000080049c0                ETH_WKUP_IRQHandler
                0x00000000080049c0                OTG_HS_EP1_IN_IRQHandler
                0x00000000080049c0                MemManage_Handler
                0x00000000080049c0                DMA1_Stream0_IRQHandler
                0x00000000080049c0                CAN1_TX_IRQHandler
                0x00000000080049c0                EXTI4_IRQHandler
                0x00000000080049c0                FSMC_IRQHandler
                0x00000000080049c0                ETH_IRQHandler
                0x00000000080049c0                OTG_HS_EP1_OUT_IRQHandler
                0x00000000080049c0                WWDG_IRQHandler
                0x00000000080049c0                TIM2_IRQHandler
                0x00000000080049c0                OTG_FS_WKUP_IRQHandler
                0x00000000080049c0                TIM1_TRG_COM_TIM11_IRQHandler
                0x00000000080049c0                OTG_HS_IRQHandler
                0x00000000080049c0                EXTI1_IRQHandler
                0x00000000080049c0                I2C2_ER_IRQHandler
                0x00000000080049c0                DMA2_Stream1_IRQHandler
                0x00000000080049c0                CAN1_SCE_IRQHandler
                0x00000000080049c0                FLASH_IRQHandler
                0x00000000080049c0                DMA2_Stream4_IRQHandler
                0x00000000080049c0                BusFault_Handler
                0x00000000080049c0                USART1_IRQHandler
                0x00000000080049c0                SPI3_IRQHandler
                0x00000000080049c0                DMA1_Stream4_IRQHandler
                0x00000000080049c0                I2C1_ER_IRQHandler
                0x00000000080049c0                DMA2_Stream6_IRQHandler
                0x00000000080049c0                RTC_Alarm_IRQHandler
 *fill*         0x00000000080049c2        0x2 
 .text.__libc_init_array
                0x00000000080049c4       0x4c /Applications/eclipse/plugins/fr.ac6.mcu.externaltools.arm-none.macos64_1.6.0.201601291255/tools/compiler/bin/../lib/gcc/arm-none-eabi/5.2.1/../../../../arm-none-eabi/lib/armv7e-m/fpu/libc_nano.a(lib_a-init.o)
                0x00000000080049c4                __libc_init_array
 .text.malloc   0x0000000008004a10       0x10 /Applications/eclipse/plugins/fr.ac6.mcu.externaltools.arm-none.macos64_1.6.0.201601291255/tools/compiler/bin/../lib/gcc/arm-none-eabi/5.2.1/../../../../arm-none-eabi/lib/armv7e-m/fpu/libc_nano.a(lib_a-malloc.o)
                0x0000000008004a10                malloc
 .text.free     0x0000000008004a20       0x10 /Applications/eclipse/plugins/fr.ac6.mcu.externaltools.arm-none.macos64_1.6.0.201601291255/tools/compiler/bin/../lib/gcc/arm-none-eabi/5.2.1/../../../../arm-none-eabi/lib/armv7e-m/fpu/libc_nano.a(lib_a-malloc.o)
                0x0000000008004a20                free
 .text.memset   0x0000000008004a30       0x10 /Applications/eclipse/plugins/fr.ac6.mcu.externaltools.arm-none.macos64_1.6.0.201601291255/tools/compiler/bin/../lib/gcc/arm-none-eabi/5.2.1/../../../../arm-none-eabi/lib/armv7e-m/fpu/libc_nano.a(lib_a-memset.o)
                0x0000000008004a30                memset
 .text._free_r  0x0000000008004a40       0x8c /Applications/eclipse/plugins/fr.ac6.mcu.externaltools.arm-none.macos64_1.6.0.201601291255/tools/compiler/bin/../lib/gcc/arm-none-eabi/5.2.1/../../../../arm-none-eabi/lib/armv7e-m/fpu/libc_nano.a(lib_a-nano-freer.o)
                0x0000000008004a40                _free_r
 .text._malloc_r
                0x0000000008004acc       0xa8 /Applications/eclipse/plugins/fr.ac6.mcu.externaltools.arm-none.macos64_1.6.0.201601291255/tools/compiler/bin/../lib/gcc/arm-none-eabi/5.2.1/../../../../arm-none-eabi/lib/armv7e-m/fpu/libc_nano.a(lib_a-nano-mallocr.o)
                0x0000000008004acc                _malloc_r
 .text._sbrk_r  0x0000000008004b74       0x20 /Applications/eclipse/plugins/fr.ac6.mcu.externaltools.arm-none.macos64_1.6.0.201601291255/tools/compiler/bin/../lib/gcc/arm-none-eabi/5.2.1/../../../../arm-none-eabi/lib/armv7e-m/fpu/libc_nano.a(lib_a-sbrkr.o)
                0x0000000008004b74                _sbrk_r
 .text._sbrk    0x0000000008004b94       0x1c /Applications/eclipse/plugins/fr.ac6.mcu.externaltools.arm-none.macos64_1.6.0.201601291255/tools/compiler/bin/../lib/gcc/arm-none-eabi/5.2.1/../../../../arm-none-eabi/lib/armv7e-m/fpu/libnosys.a(sbrk.o)
                0x0000000008004b94                _sbrk
 *(.glue_7)
 .glue_7        0x0000000008004bb0        0x0 linker stubs
 *(.glue_7t)
 .glue_7t       0x0000000008004bb0        0x0 linker stubs
 *(.eh_frame)
 .eh_frame      0x0000000008004bb0        0x0 /Applications/eclipse/plugins/fr.ac6.mcu.externaltools.arm-none.macos64_1.6.0.201601291255/tools/compiler/bin/../lib/gcc/arm-none-eabi/5.2.1/armv7e-m/fpu/crtbegin.o
 *(.init)
 .init          0x0000000008004bb0        0x4 /Applications/eclipse/plugins/fr.ac6.mcu.externaltools.arm-none.macos64_1.6.0.201601291255/tools/compiler/bin/../lib/gcc/arm-none-eabi/5.2.1/armv7e-m/fpu/crti.o
                0x0000000008004bb0                _init
 .init          0x0000000008004bb4        0x8 /Applications/eclipse/plugins/fr.ac6.mcu.externaltools.arm-none.macos64_1.6.0.201601291255/tools/compiler/bin/../lib/gcc/arm-none-eabi/5.2.1/armv7e-m/fpu/crtn.o
 *(.fini)
 .fini          0x0000000008004bbc        0x4 /Applications/eclipse/plugins/fr.ac6.mcu.externaltools.arm-none.macos64_1.6.0.201601291255/tools/compiler/bin/../lib/gcc/arm-none-eabi/5.2.1/armv7e-m/fpu/crti.o
                0x0000000008004bbc                _fini
 .fini          0x0000000008004bc0        0x8 /Applications/eclipse/plugins/fr.ac6.mcu.externaltools.arm-none.macos64_1.6.0.201601291255/tools/compiler/bin/../lib/gcc/arm-none-eabi/5.2.1/armv7e-m/fpu/crtn.o
                0x0000000008004bc8                . = ALIGN (0x4)
                0x0000000008004bc8                _etext = .

.vfp11_veneer   0x0000000008004bc8        0x0
 .vfp11_veneer  0x0000000008004bc8        0x0 linker stubs

.v4_bx          0x0000000008004bc8        0x0
 .v4_bx         0x0000000008004bc8        0x0 linker stubs

.iplt           0x0000000008004bc8        0x0
 .iplt          0x0000000008004bc8        0x0 /Applications/eclipse/plugins/fr.ac6.mcu.externaltools.arm-none.macos64_1.6.0.201601291255/tools/compiler/bin/../lib/gcc/arm-none-eabi/5.2.1/armv7e-m/fpu/crtbegin.o

.rodata         0x0000000008004bc8      0x110
                0x0000000008004bc8                . = ALIGN (0x4)
 *(.rodata)
 .rodata        0x0000000008004bc8       0x10 Drivers/STM32F4xx_HAL_Driver/stm32f4xx_hal_rcc.o
                0x0000000008004bc8                APBAHBPrescTable
 .rodata        0x0000000008004bd8       0x50 Application/User/main.o
 *(.rodata*)
 .rodata.str1.1
                0x0000000008004c28        0x5 Middlewares/FreeRTOS/tasks.o
 .rodata.str1.1
                0x0000000008004c2d       0x57 Application/User/main.o
 .rodata.str1.1
                0x0000000008004c84       0x4f Application/User/usbd_desc.o
 .rodata.str1.1
                0x0000000008004cd3        0x2 /Applications/eclipse/plugins/fr.ac6.mcu.externaltools.arm-none.macos64_1.6.0.201601291255/tools/compiler/bin/../lib/gcc/arm-none-eabi/5.2.1/../../../../arm-none-eabi/lib/armv7e-m/fpu/libc_nano.a(lib_a-impure.o)
                0x0000000008004cd8                . = ALIGN (0x4)
 *fill*         0x0000000008004cd5        0x3 

.rel.dyn        0x0000000008004cd8        0x0
 .rel.iplt      0x0000000008004cd8        0x0 /Applications/eclipse/plugins/fr.ac6.mcu.externaltools.arm-none.macos64_1.6.0.201601291255/tools/compiler/bin/../lib/gcc/arm-none-eabi/5.2.1/armv7e-m/fpu/crtbegin.o

.ARM.extab
 *(.ARM.extab* .gnu.linkonce.armextab.*)

.ARM            0x0000000008004cd8        0x0
                0x0000000008004cd8                __exidx_start = .
 *(.ARM.exidx*)
                0x0000000008004cd8                __exidx_end = .

.preinit_array  0x0000000008004cd8        0x0
                0x0000000008004cd8                PROVIDE (__preinit_array_start, .)
 *(.preinit_array*)
                0x0000000008004cd8                PROVIDE (__preinit_array_end, .)

.init_array     0x0000000008004cd8        0x4
                0x0000000008004cd8                PROVIDE (__init_array_start, .)
 *(SORT(.init_array.*))
 *(.init_array*)
 .init_array    0x0000000008004cd8        0x4 /Applications/eclipse/plugins/fr.ac6.mcu.externaltools.arm-none.macos64_1.6.0.201601291255/tools/compiler/bin/../lib/gcc/arm-none-eabi/5.2.1/armv7e-m/fpu/crtbegin.o
                0x0000000008004cdc                PROVIDE (__init_array_end, .)

.fini_array     0x0000000008004cdc        0x4
                [!provide]                        PROVIDE (__fini_array_start, .)
 *(SORT(.fini_array.*))
 *(.fini_array*)
 .fini_array    0x0000000008004cdc        0x4 /Applications/eclipse/plugins/fr.ac6.mcu.externaltools.arm-none.macos64_1.6.0.201601291255/tools/compiler/bin/../lib/gcc/arm-none-eabi/5.2.1/armv7e-m/fpu/crtbegin.o
                [!provide]                        PROVIDE (__fini_array_end, .)
                0x0000000008004ce0                _sidata = LOADADDR (.data)

.data           0x0000000020000000      0x1c4 load address 0x0000000008004ce0
                0x0000000020000000                . = ALIGN (0x4)
                0x0000000020000000                _sdata = .
 *(.data)
 .data          0x0000000020000000      0x110 Middlewares/USB_Device_Library/usbd_cdc.o
                0x0000000020000000                USBD_CDC_CfgFSDesc
                0x0000000020000044                USBD_CDC_CfgHSDesc
                0x0000000020000088                USBD_CDC_OtherSpeedCfgDesc
                0x00000000200000d8                USBD_CDC
 .data          0x0000000020000110        0x4 Middlewares/FreeRTOS/port.o
 .data          0x0000000020000114        0x4 Middlewares/FreeRTOS/tasks.o
 .data          0x0000000020000118        0x4 Drivers/CMSIS/system_stm32f4xx.o
                0x0000000020000118                SystemCoreClock
 .data          0x000000002000011c       0x10 Application/User/usbd_cdc_if.o
                0x000000002000011c                USBD_Interface_fops_FS
 .data          0x000000002000012c       0x34 Application/User/usbd_desc.o
                0x000000002000012c                USBD_FS_DeviceDesc
                0x0000000020000140                USBD_LangIDDesc
                0x0000000020000144                FS_Desc
 *(.data*)
 .data.impure_data
                0x0000000020000160       0x60 /Applications/eclipse/plugins/fr.ac6.mcu.externaltools.arm-none.macos64_1.6.0.201601291255/tools/compiler/bin/../lib/gcc/arm-none-eabi/5.2.1/../../../../arm-none-eabi/lib/armv7e-m/fpu/libc_nano.a(lib_a-impure.o)
 .data._impure_ptr
                0x00000000200001c0        0x4 /Applications/eclipse/plugins/fr.ac6.mcu.externaltools.arm-none.macos64_1.6.0.201601291255/tools/compiler/bin/../lib/gcc/arm-none-eabi/5.2.1/../../../../arm-none-eabi/lib/armv7e-m/fpu/libc_nano.a(lib_a-impure.o)
                0x00000000200001c0                _impure_ptr
                0x00000000200001c4                . = ALIGN (0x4)
                0x00000000200001c4                _edata = .
                0x0000000008004ea4                _siccmram = LOADADDR (.ccmram)

.jcr            0x00000000200001c4        0x0 load address 0x0000000008004ea4
 .jcr           0x00000000200001c4        0x0 /Applications/eclipse/plugins/fr.ac6.mcu.externaltools.arm-none.macos64_1.6.0.201601291255/tools/compiler/bin/../lib/gcc/arm-none-eabi/5.2.1/armv7e-m/fpu/crtbegin.o

.tm_clone_table
                0x00000000200001c4        0x0 load address 0x0000000008004ea4
 .tm_clone_table
                0x00000000200001c4        0x0 /Applications/eclipse/plugins/fr.ac6.mcu.externaltools.arm-none.macos64_1.6.0.201601291255/tools/compiler/bin/../lib/gcc/arm-none-eabi/5.2.1/armv7e-m/fpu/crtbegin.o
 .tm_clone_table
                0x00000000200001c4        0x0 /Applications/eclipse/plugins/fr.ac6.mcu.externaltools.arm-none.macos64_1.6.0.201601291255/tools/compiler/bin/../lib/gcc/arm-none-eabi/5.2.1/armv7e-m/fpu/crtend.o

.igot.plt       0x00000000200001c4        0x0 load address 0x0000000008004ea4
 .igot.plt      0x00000000200001c4        0x0 /Applications/eclipse/plugins/fr.ac6.mcu.externaltools.arm-none.macos64_1.6.0.201601291255/tools/compiler/bin/../lib/gcc/arm-none-eabi/5.2.1/armv7e-m/fpu/crtbegin.o

.ccmram         0x0000000010000000        0x0 load address 0x0000000008004ea4
                0x0000000010000000                . = ALIGN (0x4)
                0x0000000010000000                _sccmram = .
 *(.ccmram)
 *(.ccmram*)
                0x0000000010000000                . = ALIGN (0x4)
                0x0000000010000000                _eccmram = .
                0x0000000010000000                . = ALIGN (0x4)

.bss            0x00000000200001c4     0x4680
                0x00000000200001c4                _sbss = .
                0x00000000200001c4                __bss_start__ = _sbss
 *(.bss)
 .bss           0x00000000200001c4       0x1c /Applications/eclipse/plugins/fr.ac6.mcu.externaltools.arm-none.macos64_1.6.0.201601291255/tools/compiler/bin/../lib/gcc/arm-none-eabi/5.2.1/armv7e-m/fpu/crtbegin.o
 .bss           0x00000000200001e0        0x1 Middlewares/USB_Device_Library/usbd_cdc.o
 .bss           0x00000000200001e1        0x1 Middlewares/USB_Device_Library/usbd_ctlreq.o
 *fill*         0x00000000200001e2        0x2 
 .bss           0x00000000200001e4     0x3c18 Middlewares/FreeRTOS/heap_4.o
 .bss           0x0000000020003dfc        0x8 Middlewares/FreeRTOS/port.o
 .bss           0x0000000020003e04      0x124 Middlewares/FreeRTOS/tasks.o
                0x0000000020003e08                pxCurrentTCB
 *(.bss*)
 .bss.__malloc_sbrk_start
                0x0000000020003f28        0x4 /Applications/eclipse/plugins/fr.ac6.mcu.externaltools.arm-none.macos64_1.6.0.201601291255/tools/compiler/bin/../lib/gcc/arm-none-eabi/5.2.1/../../../../arm-none-eabi/lib/armv7e-m/fpu/libc_nano.a(lib_a-nano-mallocr.o)
                0x0000000020003f28                __malloc_sbrk_start
 .bss.__malloc_free_list
                0x0000000020003f2c        0x4 /Applications/eclipse/plugins/fr.ac6.mcu.externaltools.arm-none.macos64_1.6.0.201601291255/tools/compiler/bin/../lib/gcc/arm-none-eabi/5.2.1/../../../../arm-none-eabi/lib/armv7e-m/fpu/libc_nano.a(lib_a-nano-mallocr.o)
                0x0000000020003f2c                __malloc_free_list
 .bss.heap_end.4169
                0x0000000020003f30        0x4 /Applications/eclipse/plugins/fr.ac6.mcu.externaltools.arm-none.macos64_1.6.0.201601291255/tools/compiler/bin/../lib/gcc/arm-none-eabi/5.2.1/../../../../arm-none-eabi/lib/armv7e-m/fpu/libnosys.a(sbrk.o)
 *(COMMON)
 COMMON         0x0000000020003f34        0x4 Drivers/STM32F4xx_HAL_Driver/stm32f4xx_hal.o
                0x0000000020003f34                uwTick
 COMMON         0x0000000020003f38       0xe4 Application/User/main.o
                0x0000000020003f38                defaultTaskHandle
                0x0000000020003f3c                hspi2
                0x0000000020003f94                controlLoopHandle
                0x0000000020003f98                htim3
                0x0000000020003fd4                sendMessageTaskHandle
                0x0000000020003fd8                speedTaskHandle
                0x0000000020003fdc                huart2
 COMMON         0x000000002000401c       0x3c Application/User/stm32f4xx_hal_timebase_TIM.o
                0x000000002000401c                htim14
 COMMON         0x0000000020004058      0x224 Application/User/usb_device.o
                0x0000000020004058                hUsbDeviceFS
 COMMON         0x000000002000427c        0xc Application/User/usbd_cdc_if.o
                0x000000002000427c                hUsbDevice_0
                0x0000000020004280                UserRxBufferFS
                0x0000000020004284                UserTxBufferFS
 COMMON         0x0000000020004288      0x3b8 Application/User/usbd_conf.o
                0x0000000020004288                hpcd_USB_OTG_FS
 COMMON         0x0000000020004640      0x200 Application/User/usbd_desc.o
                0x0000000020004640                USBD_StrDesc
 COMMON         0x0000000020004840        0x4 /Applications/eclipse/plugins/fr.ac6.mcu.externaltools.arm-none.macos64_1.6.0.201601291255/tools/compiler/bin/../lib/gcc/arm-none-eabi/5.2.1/../../../../arm-none-eabi/lib/armv7e-m/fpu/libc_nano.a(lib_a-reent.o)
                0x0000000020004840                errno
                0x0000000020004844                . = ALIGN (0x4)
                0x0000000020004844                _ebss = .
                0x0000000020004844                __bss_end__ = _ebss

._user_heap_stack
                0x0000000020004844      0x604
                0x0000000020004848                . = ALIGN (0x8)
 *fill*         0x0000000020004844        0x4 
                0x0000000020004848                PROVIDE (end, .)
                [!provide]                        PROVIDE (_end, .)
                0x0000000020004c48                . = (. + _Min_Heap_Size)
 *fill*         0x0000000020004848      0x400 
                0x0000000020004e48                . = (. + _Min_Stack_Size)
 *fill*         0x0000000020004c48      0x200 
                0x0000000020004e48                . = ALIGN (0x8)

/DISCARD/
 libc.a(*)
 libm.a(*)
 libgcc.a(*)

.ARM.attributes
                0x0000000000000000       0x30
 *(.ARM.attributes)
 .ARM.attributes
                0x0000000000000000       0x22 /Applications/eclipse/plugins/fr.ac6.mcu.externaltools.arm-none.macos64_1.6.0.201601291255/tools/compiler/bin/../lib/gcc/arm-none-eabi/5.2.1/armv7e-m/fpu/crti.o
 .ARM.attributes
                0x0000000000000022       0x34 /Applications/eclipse/plugins/fr.ac6.mcu.externaltools.arm-none.macos64_1.6.0.201601291255/tools/compiler/bin/../lib/gcc/arm-none-eabi/5.2.1/armv7e-m/fpu/crtbegin.o
 .ARM.attributes
                0x0000000000000056       0x39 Middlewares/USB_Device_Library/usbd_cdc.o
 .ARM.attributes
                0x000000000000008f       0x39 Middlewares/USB_Device_Library/usbd_core.o
 .ARM.attributes
                0x00000000000000c8       0x39 Middlewares/USB_Device_Library/usbd_ctlreq.o
 .ARM.attributes
                0x0000000000000101       0x39 Middlewares/USB_Device_Library/usbd_ioreq.o
 .ARM.attributes
                0x000000000000013a       0x39 Middlewares/FreeRTOS/cmsis_os.o
 .ARM.attributes
                0x0000000000000173       0x39 Middlewares/FreeRTOS/heap_4.o
 .ARM.attributes
                0x00000000000001ac       0x39 Middlewares/FreeRTOS/list.o
 .ARM.attributes
                0x00000000000001e5       0x39 Middlewares/FreeRTOS/port.o
 .ARM.attributes
                0x000000000000021e       0x39 Middlewares/FreeRTOS/tasks.o
 .ARM.attributes
                0x0000000000000257       0x39 Drivers/STM32F4xx_HAL_Driver/stm32f4xx_hal.o
 .ARM.attributes
                0x0000000000000290       0x39 Drivers/STM32F4xx_HAL_Driver/stm32f4xx_hal_cortex.o
 .ARM.attributes
                0x00000000000002c9       0x39 Drivers/STM32F4xx_HAL_Driver/stm32f4xx_hal_gpio.o
 .ARM.attributes
                0x0000000000000302       0x39 Drivers/STM32F4xx_HAL_Driver/stm32f4xx_hal_pcd.o
 .ARM.attributes
                0x000000000000033b       0x39 Drivers/STM32F4xx_HAL_Driver/stm32f4xx_hal_pcd_ex.o
 .ARM.attributes
                0x0000000000000374       0x39 Drivers/STM32F4xx_HAL_Driver/stm32f4xx_hal_rcc.o
 .ARM.attributes
                0x00000000000003ad       0x39 Drivers/STM32F4xx_HAL_Driver/stm32f4xx_hal_spi.o
 .ARM.attributes
                0x00000000000003e6       0x39 Drivers/STM32F4xx_HAL_Driver/stm32f4xx_hal_tim.o
 .ARM.attributes
                0x000000000000041f       0x39 Drivers/STM32F4xx_HAL_Driver/stm32f4xx_hal_tim_ex.o
 .ARM.attributes
                0x0000000000000458       0x39 Drivers/STM32F4xx_HAL_Driver/stm32f4xx_hal_uart.o
 .ARM.attributes
                0x0000000000000491       0x39 Drivers/STM32F4xx_HAL_Driver/stm32f4xx_ll_usb.o
 .ARM.attributes
                0x00000000000004ca       0x39 Drivers/CMSIS/system_stm32f4xx.o
 .ARM.attributes
                0x0000000000000503       0x39 Application/User/main.o
 .ARM.attributes
                0x000000000000053c       0x39 Application/User/stm32f4xx_hal_msp.o
 .ARM.attributes
                0x0000000000000575       0x39 Application/User/stm32f4xx_hal_timebase_TIM.o
 .ARM.attributes
                0x00000000000005ae       0x39 Application/User/stm32f4xx_it.o
 .ARM.attributes
                0x00000000000005e7       0x39 Application/User/usb_device.o
 .ARM.attributes
                0x0000000000000620       0x39 Application/User/usbd_cdc_if.o
 .ARM.attributes
                0x0000000000000659       0x39 Application/User/usbd_conf.o
 .ARM.attributes
                0x0000000000000692       0x39 Application/User/usbd_desc.o
 .ARM.attributes
                0x00000000000006cb       0x21 Application/SW4STM32/startup_stm32f407xx.o
 .ARM.attributes
                0x00000000000006ec       0x34 /Applications/eclipse/plugins/fr.ac6.mcu.externaltools.arm-none.macos64_1.6.0.201601291255/tools/compiler/bin/../lib/gcc/arm-none-eabi/5.2.1/../../../../arm-none-eabi/lib/armv7e-m/fpu/libc_nano.a(lib_a-impure.o)
 .ARM.attributes
                0x0000000000000720       0x34 /Applications/eclipse/plugins/fr.ac6.mcu.externaltools.arm-none.macos64_1.6.0.201601291255/tools/compiler/bin/../lib/gcc/arm-none-eabi/5.2.1/../../../../arm-none-eabi/lib/armv7e-m/fpu/libc_nano.a(lib_a-init.o)
 .ARM.attributes
                0x0000000000000754       0x34 /Applications/eclipse/plugins/fr.ac6.mcu.externaltools.arm-none.macos64_1.6.0.201601291255/tools/compiler/bin/../lib/gcc/arm-none-eabi/5.2.1/../../../../arm-none-eabi/lib/armv7e-m/fpu/libc_nano.a(lib_a-malloc.o)
 .ARM.attributes
                0x0000000000000788       0x34 /Applications/eclipse/plugins/fr.ac6.mcu.externaltools.arm-none.macos64_1.6.0.201601291255/tools/compiler/bin/../lib/gcc/arm-none-eabi/5.2.1/../../../../arm-none-eabi/lib/armv7e-m/fpu/libc_nano.a(lib_a-memset.o)
 .ARM.attributes
                0x00000000000007bc       0x34 /Applications/eclipse/plugins/fr.ac6.mcu.externaltools.arm-none.macos64_1.6.0.201601291255/tools/compiler/bin/../lib/gcc/arm-none-eabi/5.2.1/../../../../arm-none-eabi/lib/armv7e-m/fpu/libc_nano.a(lib_a-nano-freer.o)
 .ARM.attributes
                0x00000000000007f0       0x34 /Applications/eclipse/plugins/fr.ac6.mcu.externaltools.arm-none.macos64_1.6.0.201601291255/tools/compiler/bin/../lib/gcc/arm-none-eabi/5.2.1/../../../../arm-none-eabi/lib/armv7e-m/fpu/libc_nano.a(lib_a-nano-mallocr.o)
 .ARM.attributes
                0x0000000000000824       0x34 /Applications/eclipse/plugins/fr.ac6.mcu.externaltools.arm-none.macos64_1.6.0.201601291255/tools/compiler/bin/../lib/gcc/arm-none-eabi/5.2.1/../../../../arm-none-eabi/lib/armv7e-m/fpu/libc_nano.a(lib_a-sbrkr.o)
 .ARM.attributes
                0x0000000000000858       0x34 /Applications/eclipse/plugins/fr.ac6.mcu.externaltools.arm-none.macos64_1.6.0.201601291255/tools/compiler/bin/../lib/gcc/arm-none-eabi/5.2.1/../../../../arm-none-eabi/lib/armv7e-m/fpu/libc_nano.a(lib_a-reent.o)
 .ARM.attributes
                0x000000000000088c       0x34 /Applications/eclipse/plugins/fr.ac6.mcu.externaltools.arm-none.macos64_1.6.0.201601291255/tools/compiler/bin/../lib/gcc/arm-none-eabi/5.2.1/../../../../arm-none-eabi/lib/armv7e-m/fpu/libnosys.a(sbrk.o)
 .ARM.attributes
                0x00000000000008c0       0x34 /Applications/eclipse/plugins/fr.ac6.mcu.externaltools.arm-none.macos64_1.6.0.201601291255/tools/compiler/bin/../lib/gcc/arm-none-eabi/5.2.1/armv7e-m/fpu/crtend.o
 .ARM.attributes
                0x00000000000008f4       0x22 /Applications/eclipse/plugins/fr.ac6.mcu.externaltools.arm-none.macos64_1.6.0.201601291255/tools/compiler/bin/../lib/gcc/arm-none-eabi/5.2.1/armv7e-m/fpu/crtn.o
OUTPUT(STM32F4_Test1.elf elf32-littlearm)

.debug_info     0x0000000000000000    0x1b620
 .debug_info    0x0000000000000000      0xc84 Middlewares/USB_Device_Library/usbd_cdc.o
 .debug_info    0x0000000000000c84      0xbdd Middlewares/USB_Device_Library/usbd_core.o
 .debug_info    0x0000000000001861      0xbcb Middlewares/USB_Device_Library/usbd_ctlreq.o
 .debug_info    0x000000000000242c      0x765 Middlewares/USB_Device_Library/usbd_ioreq.o
 .debug_info    0x0000000000002b91     0x1b8e Middlewares/FreeRTOS/cmsis_os.o
 .debug_info    0x000000000000471f      0x486 Middlewares/FreeRTOS/heap_4.o
 .debug_info    0x0000000000004ba5      0x2a1 Middlewares/FreeRTOS/list.o
 .debug_info    0x0000000000004e46      0x557 Middlewares/FreeRTOS/port.o
 .debug_info    0x000000000000539d     0x269a Middlewares/FreeRTOS/tasks.o
 .debug_info    0x0000000000007a37      0x8ea Drivers/STM32F4xx_HAL_Driver/stm32f4xx_hal.o
 .debug_info    0x0000000000008321      0xe6a Drivers/STM32F4xx_HAL_Driver/stm32f4xx_hal_cortex.o
 .debug_info    0x000000000000918b      0x721 Drivers/STM32F4xx_HAL_Driver/stm32f4xx_hal_gpio.o
 .debug_info    0x00000000000098ac     0x127e Drivers/STM32F4xx_HAL_Driver/stm32f4xx_hal_pcd.o
 .debug_info    0x000000000000ab2a      0x574 Drivers/STM32F4xx_HAL_Driver/stm32f4xx_hal_pcd_ex.o
 .debug_info    0x000000000000b09e      0xc9b Drivers/STM32F4xx_HAL_Driver/stm32f4xx_hal_rcc.o
 .debug_info    0x000000000000bd39     0x1964 Drivers/STM32F4xx_HAL_Driver/stm32f4xx_hal_spi.o
 .debug_info    0x000000000000d69d     0x2eb0 Drivers/STM32F4xx_HAL_Driver/stm32f4xx_hal_tim.o
 .debug_info    0x000000000001054d      0xf75 Drivers/STM32F4xx_HAL_Driver/stm32f4xx_hal_tim_ex.o
 .debug_info    0x00000000000114c2     0x10fc Drivers/STM32F4xx_HAL_Driver/stm32f4xx_hal_uart.o
 .debug_info    0x00000000000125be     0x16ea Drivers/STM32F4xx_HAL_Driver/stm32f4xx_ll_usb.o
 .debug_info    0x0000000000013ca8      0x4b0 Drivers/CMSIS/system_stm32f4xx.o
 .debug_info    0x0000000000014158     0x1cbd Application/User/main.o
 .debug_info    0x0000000000015e15     0x1246 Application/User/stm32f4xx_hal_msp.o
 .debug_info    0x000000000001705b      0xb91 Application/User/stm32f4xx_hal_timebase_TIM.o
 .debug_info    0x0000000000017bec      0xea0 Application/User/stm32f4xx_it.o
 .debug_info    0x0000000000018a8c      0x619 Application/User/usb_device.o
 .debug_info    0x00000000000190a5      0x761 Application/User/usbd_cdc_if.o
 .debug_info    0x0000000000019806     0x1841 Application/User/usbd_conf.o
 .debug_info    0x000000000001b047      0x4f8 Application/User/usbd_desc.o
 .debug_info    0x000000000001b53f       0xe1 Application/SW4STM32/startup_stm32f407xx.o

.debug_abbrev   0x0000000000000000     0x432f
 .debug_abbrev  0x0000000000000000      0x259 Middlewares/USB_Device_Library/usbd_cdc.o
 .debug_abbrev  0x0000000000000259      0x273 Middlewares/USB_Device_Library/usbd_core.o
 .debug_abbrev  0x00000000000004cc      0x2c7 Middlewares/USB_Device_Library/usbd_ctlreq.o
 .debug_abbrev  0x0000000000000793      0x158 Middlewares/USB_Device_Library/usbd_ioreq.o
 .debug_abbrev  0x00000000000008eb      0x37c Middlewares/FreeRTOS/cmsis_os.o
 .debug_abbrev  0x0000000000000c67      0x231 Middlewares/FreeRTOS/heap_4.o
 .debug_abbrev  0x0000000000000e98       0xdd Middlewares/FreeRTOS/list.o
 .debug_abbrev  0x0000000000000f75      0x21c Middlewares/FreeRTOS/port.o
 .debug_abbrev  0x0000000000001191      0x393 Middlewares/FreeRTOS/tasks.o
 .debug_abbrev  0x0000000000001524      0x236 Drivers/STM32F4xx_HAL_Driver/stm32f4xx_hal.o
 .debug_abbrev  0x000000000000175a      0x332 Drivers/STM32F4xx_HAL_Driver/stm32f4xx_hal_cortex.o
 .debug_abbrev  0x0000000000001a8c      0x1cb Drivers/STM32F4xx_HAL_Driver/stm32f4xx_hal_gpio.o
 .debug_abbrev  0x0000000000001c57      0x2ee Drivers/STM32F4xx_HAL_Driver/stm32f4xx_hal_pcd.o
 .debug_abbrev  0x0000000000001f45      0x172 Drivers/STM32F4xx_HAL_Driver/stm32f4xx_hal_pcd_ex.o
 .debug_abbrev  0x00000000000020b7      0x2ff Drivers/STM32F4xx_HAL_Driver/stm32f4xx_hal_rcc.o
 .debug_abbrev  0x00000000000023b6      0x332 Drivers/STM32F4xx_HAL_Driver/stm32f4xx_hal_spi.o
 .debug_abbrev  0x00000000000026e8      0x314 Drivers/STM32F4xx_HAL_Driver/stm32f4xx_hal_tim.o
 .debug_abbrev  0x00000000000029fc      0x273 Drivers/STM32F4xx_HAL_Driver/stm32f4xx_hal_tim_ex.o
 .debug_abbrev  0x0000000000002c6f      0x2c1 Drivers/STM32F4xx_HAL_Driver/stm32f4xx_hal_uart.o
 .debug_abbrev  0x0000000000002f30      0x2e1 Drivers/STM32F4xx_HAL_Driver/stm32f4xx_ll_usb.o
 .debug_abbrev  0x0000000000003211      0x104 Drivers/CMSIS/system_stm32f4xx.o
 .debug_abbrev  0x0000000000003315      0x2f1 Application/User/main.o
 .debug_abbrev  0x0000000000003606      0x1bb Application/User/stm32f4xx_hal_msp.o
 .debug_abbrev  0x00000000000037c1      0x20b Application/User/stm32f4xx_hal_timebase_TIM.o
 .debug_abbrev  0x00000000000039cc      0x19f Application/User/stm32f4xx_it.o
 .debug_abbrev  0x0000000000003b6b      0x173 Application/User/usb_device.o
 .debug_abbrev  0x0000000000003cde      0x1eb Application/User/usbd_cdc_if.o
 .debug_abbrev  0x0000000000003ec9      0x289 Application/User/usbd_conf.o
 .debug_abbrev  0x0000000000004152      0x1cb Application/User/usbd_desc.o
 .debug_abbrev  0x000000000000431d       0x12 Application/SW4STM32/startup_stm32f407xx.o

.debug_loc      0x0000000000000000     0xd908
 .debug_loc     0x0000000000000000      0x4bc Middlewares/USB_Device_Library/usbd_cdc.o
 .debug_loc     0x00000000000004bc      0x5d9 Middlewares/USB_Device_Library/usbd_core.o
 .debug_loc     0x0000000000000a95      0x6d9 Middlewares/USB_Device_Library/usbd_ctlreq.o
 .debug_loc     0x000000000000116e      0x23c Middlewares/USB_Device_Library/usbd_ioreq.o
 .debug_loc     0x00000000000013aa      0xfe2 Middlewares/FreeRTOS/cmsis_os.o
 .debug_loc     0x000000000000238c      0x389 Middlewares/FreeRTOS/heap_4.o
 .debug_loc     0x0000000000002715       0x94 Middlewares/FreeRTOS/list.o
 .debug_loc     0x00000000000027a9       0xae Middlewares/FreeRTOS/port.o
 .debug_loc     0x0000000000002857     0x1799 Middlewares/FreeRTOS/tasks.o
 .debug_loc     0x0000000000003ff0       0x84 Drivers/STM32F4xx_HAL_Driver/stm32f4xx_hal.o
 .debug_loc     0x0000000000004074      0x4ab Drivers/STM32F4xx_HAL_Driver/stm32f4xx_hal_cortex.o
 .debug_loc     0x000000000000451f      0x374 Drivers/STM32F4xx_HAL_Driver/stm32f4xx_hal_gpio.o
 .debug_loc     0x0000000000004893      0xb5b Drivers/STM32F4xx_HAL_Driver/stm32f4xx_hal_pcd.o
 .debug_loc     0x00000000000053ee       0xda Drivers/STM32F4xx_HAL_Driver/stm32f4xx_hal_pcd_ex.o
 .debug_loc     0x00000000000054c8      0x4e3 Drivers/STM32F4xx_HAL_Driver/stm32f4xx_hal_rcc.o
 .debug_loc     0x00000000000059ab     0x165e Drivers/STM32F4xx_HAL_Driver/stm32f4xx_hal_spi.o
 .debug_loc     0x0000000000007009     0x3146 Drivers/STM32F4xx_HAL_Driver/stm32f4xx_hal_tim.o
 .debug_loc     0x000000000000a14f      0x7b9 Drivers/STM32F4xx_HAL_Driver/stm32f4xx_hal_tim_ex.o
 .debug_loc     0x000000000000a908      0xe48 Drivers/STM32F4xx_HAL_Driver/stm32f4xx_hal_uart.o
 .debug_loc     0x000000000000b750     0x1473 Drivers/STM32F4xx_HAL_Driver/stm32f4xx_ll_usb.o
 .debug_loc     0x000000000000cbc3       0xd7 Drivers/CMSIS/system_stm32f4xx.o
 .debug_loc     0x000000000000cc9a       0xa2 Application/User/main.o
 .debug_loc     0x000000000000cd3c      0x108 Application/User/stm32f4xx_hal_msp.o
 .debug_loc     0x000000000000ce44       0xc6 Application/User/stm32f4xx_hal_timebase_TIM.o
 .debug_loc     0x000000000000cf0a       0xda Application/User/usbd_cdc_if.o
 .debug_loc     0x000000000000cfe4      0x6b1 Application/User/usbd_conf.o
 .debug_loc     0x000000000000d695      0x273 Application/User/usbd_desc.o

.debug_aranges  0x0000000000000000     0x1340
 .debug_aranges
                0x0000000000000000       0x90 Middlewares/USB_Device_Library/usbd_cdc.o
 .debug_aranges
                0x0000000000000090       0xa8 Middlewares/USB_Device_Library/usbd_core.o
 .debug_aranges
                0x0000000000000138       0x48 Middlewares/USB_Device_Library/usbd_ctlreq.o
 .debug_aranges
                0x0000000000000180       0x50 Middlewares/USB_Device_Library/usbd_ioreq.o
 .debug_aranges
                0x00000000000001d0      0x180 Middlewares/FreeRTOS/cmsis_os.o
 .debug_aranges
                0x0000000000000350       0x48 Middlewares/FreeRTOS/heap_4.o
 .debug_aranges
                0x0000000000000398       0x40 Middlewares/FreeRTOS/list.o
 .debug_aranges
                0x00000000000003d8       0x80 Middlewares/FreeRTOS/port.o
 .debug_aranges
                0x0000000000000458      0x188 Middlewares/FreeRTOS/tasks.o
 .debug_aranges
                0x00000000000005e0       0xb8 Drivers/STM32F4xx_HAL_Driver/stm32f4xx_hal.o
 .debug_aranges
                0x0000000000000698       0x98 Drivers/STM32F4xx_HAL_Driver/stm32f4xx_hal_cortex.o
 .debug_aranges
                0x0000000000000730       0x58 Drivers/STM32F4xx_HAL_Driver/stm32f4xx_hal_gpio.o
 .debug_aranges
                0x0000000000000788       0xc0 Drivers/STM32F4xx_HAL_Driver/stm32f4xx_hal_pcd.o
 .debug_aranges
                0x0000000000000848       0x28 Drivers/STM32F4xx_HAL_Driver/stm32f4xx_hal_pcd_ex.o
 .debug_aranges
                0x0000000000000870       0x80 Drivers/STM32F4xx_HAL_Driver/stm32f4xx_hal_rcc.o
 .debug_aranges
                0x00000000000008f0      0x170 Drivers/STM32F4xx_HAL_Driver/stm32f4xx_hal_spi.o
 .debug_aranges
                0x0000000000000a60      0x250 Drivers/STM32F4xx_HAL_Driver/stm32f4xx_hal_tim.o
 .debug_aranges
                0x0000000000000cb0       0xf0 Drivers/STM32F4xx_HAL_Driver/stm32f4xx_hal_tim_ex.o
 .debug_aranges
                0x0000000000000da0      0x108 Drivers/STM32F4xx_HAL_Driver/stm32f4xx_hal_uart.o
 .debug_aranges
                0x0000000000000ea8      0x180 Drivers/STM32F4xx_HAL_Driver/stm32f4xx_ll_usb.o
 .debug_aranges
                0x0000000000001028       0x28 Drivers/CMSIS/system_stm32f4xx.o
 .debug_aranges
                0x0000000000001050       0x48 Application/User/main.o
 .debug_aranges
                0x0000000000001098       0x58 Application/User/stm32f4xx_hal_msp.o
 .debug_aranges
                0x00000000000010f0       0x38 Application/User/stm32f4xx_hal_timebase_TIM.o
 .debug_aranges
                0x0000000000001128       0x48 Application/User/stm32f4xx_it.o
 .debug_aranges
                0x0000000000001170       0x20 Application/User/usb_device.o
 .debug_aranges
                0x0000000000001190       0x40 Application/User/usbd_cdc_if.o
 .debug_aranges
                0x00000000000011d0       0xf8 Application/User/usbd_conf.o
 .debug_aranges
                0x00000000000012c8       0x50 Application/User/usbd_desc.o
 .debug_aranges
                0x0000000000001318       0x28 Application/SW4STM32/startup_stm32f407xx.o

.debug_ranges   0x0000000000000000     0x1628
 .debug_ranges  0x0000000000000000       0x80 Middlewares/USB_Device_Library/usbd_cdc.o
 .debug_ranges  0x0000000000000080       0x98 Middlewares/USB_Device_Library/usbd_core.o
 .debug_ranges  0x0000000000000118       0x38 Middlewares/USB_Device_Library/usbd_ctlreq.o
 .debug_ranges  0x0000000000000150       0x40 Middlewares/USB_Device_Library/usbd_ioreq.o
 .debug_ranges  0x0000000000000190      0x188 Middlewares/FreeRTOS/cmsis_os.o
 .debug_ranges  0x0000000000000318       0x38 Middlewares/FreeRTOS/heap_4.o
 .debug_ranges  0x0000000000000350       0x30 Middlewares/FreeRTOS/list.o
 .debug_ranges  0x0000000000000380       0x70 Middlewares/FreeRTOS/port.o
 .debug_ranges  0x00000000000003f0      0x210 Middlewares/FreeRTOS/tasks.o
 .debug_ranges  0x0000000000000600       0xa8 Drivers/STM32F4xx_HAL_Driver/stm32f4xx_hal.o
 .debug_ranges  0x00000000000006a8      0x148 Drivers/STM32F4xx_HAL_Driver/stm32f4xx_hal_cortex.o
 .debug_ranges  0x00000000000007f0       0x70 Drivers/STM32F4xx_HAL_Driver/stm32f4xx_hal_gpio.o
 .debug_ranges  0x0000000000000860       0xb0 Drivers/STM32F4xx_HAL_Driver/stm32f4xx_hal_pcd.o
 .debug_ranges  0x0000000000000910       0x18 Drivers/STM32F4xx_HAL_Driver/stm32f4xx_hal_pcd_ex.o
 .debug_ranges  0x0000000000000928      0x150 Drivers/STM32F4xx_HAL_Driver/stm32f4xx_hal_rcc.o
 .debug_ranges  0x0000000000000a78      0x190 Drivers/STM32F4xx_HAL_Driver/stm32f4xx_hal_spi.o
 .debug_ranges  0x0000000000000c08      0x330 Drivers/STM32F4xx_HAL_Driver/stm32f4xx_hal_tim.o
 .debug_ranges  0x0000000000000f38       0xe0 Drivers/STM32F4xx_HAL_Driver/stm32f4xx_hal_tim_ex.o
 .debug_ranges  0x0000000000001018       0xf8 Drivers/STM32F4xx_HAL_Driver/stm32f4xx_hal_uart.o
 .debug_ranges  0x0000000000001110      0x170 Drivers/STM32F4xx_HAL_Driver/stm32f4xx_ll_usb.o
 .debug_ranges  0x0000000000001280       0x18 Drivers/CMSIS/system_stm32f4xx.o
 .debug_ranges  0x0000000000001298       0xd8 Application/User/main.o
 .debug_ranges  0x0000000000001370       0x98 Application/User/stm32f4xx_hal_msp.o
 .debug_ranges  0x0000000000001408       0x48 Application/User/stm32f4xx_hal_timebase_TIM.o
 .debug_ranges  0x0000000000001450       0x38 Application/User/stm32f4xx_it.o
 .debug_ranges  0x0000000000001488       0x10 Application/User/usb_device.o
 .debug_ranges  0x0000000000001498       0x30 Application/User/usbd_cdc_if.o
 .debug_ranges  0x00000000000014c8      0x100 Application/User/usbd_conf.o
 .debug_ranges  0x00000000000015c8       0x40 Application/User/usbd_desc.o
 .debug_ranges  0x0000000000001608       0x20 Application/SW4STM32/startup_stm32f407xx.o

.debug_macro    0x0000000000000000    0x18de6
 .debug_macro   0x0000000000000000      0x3b7 Middlewares/USB_Device_Library/usbd_cdc.o
 .debug_macro   0x00000000000003b7      0x89e Middlewares/USB_Device_Library/usbd_cdc.o
 .debug_macro   0x0000000000000c55       0x58 Middlewares/USB_Device_Library/usbd_cdc.o
 .debug_macro   0x0000000000000cad       0x22 Middlewares/USB_Device_Library/usbd_cdc.o
 .debug_macro   0x0000000000000ccf       0x35 Middlewares/USB_Device_Library/usbd_cdc.o
 .debug_macro   0x0000000000000d04       0x9c Middlewares/USB_Device_Library/usbd_cdc.o
 .debug_macro   0x0000000000000da0       0x16 Middlewares/USB_Device_Library/usbd_cdc.o
 .debug_macro   0x0000000000000db6       0x4a Middlewares/USB_Device_Library/usbd_cdc.o
 .debug_macro   0x0000000000000e00       0x97 Middlewares/USB_Device_Library/usbd_cdc.o
 .debug_macro   0x0000000000000e97      0x329 Middlewares/USB_Device_Library/usbd_cdc.o
 .debug_macro   0x00000000000011c0       0xfd Middlewares/USB_Device_Library/usbd_cdc.o
 .debug_macro   0x00000000000012bd       0x10 Middlewares/USB_Device_Library/usbd_cdc.o
 .debug_macro   0x00000000000012cd       0x52 Middlewares/USB_Device_Library/usbd_cdc.o
 .debug_macro   0x000000000000131f       0x16 Middlewares/USB_Device_Library/usbd_cdc.o
 .debug_macro   0x0000000000001335       0x43 Middlewares/USB_Device_Library/usbd_cdc.o
 .debug_macro   0x0000000000001378      0x187 Middlewares/USB_Device_Library/usbd_cdc.o
 .debug_macro   0x00000000000014ff       0x10 Middlewares/USB_Device_Library/usbd_cdc.o
 .debug_macro   0x000000000000150f       0x22 Middlewares/USB_Device_Library/usbd_cdc.o
 .debug_macro   0x0000000000001531       0x22 Middlewares/USB_Device_Library/usbd_cdc.o
 .debug_macro   0x0000000000001553       0x3a Middlewares/USB_Device_Library/usbd_cdc.o
 .debug_macro   0x000000000000158d       0x10 Middlewares/USB_Device_Library/usbd_cdc.o
 .debug_macro   0x000000000000159d       0x40 Middlewares/USB_Device_Library/usbd_cdc.o
 .debug_macro   0x00000000000015dd       0x65 Middlewares/USB_Device_Library/usbd_cdc.o
 .debug_macro   0x0000000000001642       0x16 Middlewares/USB_Device_Library/usbd_cdc.o
 .debug_macro   0x0000000000001658      0x197 Middlewares/USB_Device_Library/usbd_cdc.o
 .debug_macro   0x00000000000017ef       0x16 Middlewares/USB_Device_Library/usbd_cdc.o
 .debug_macro   0x0000000000001805       0x35 Middlewares/USB_Device_Library/usbd_cdc.o
 .debug_macro   0x000000000000183a       0x16 Middlewares/USB_Device_Library/usbd_cdc.o
 .debug_macro   0x0000000000001850       0x29 Middlewares/USB_Device_Library/usbd_cdc.o
 .debug_macro   0x0000000000001879       0x16 Middlewares/USB_Device_Library/usbd_cdc.o
 .debug_macro   0x000000000000188f       0x2e Middlewares/USB_Device_Library/usbd_cdc.o
 .debug_macro   0x00000000000018bd       0x28 Middlewares/USB_Device_Library/usbd_cdc.o
 .debug_macro   0x00000000000018e5       0xfd Middlewares/USB_Device_Library/usbd_cdc.o
 .debug_macro   0x00000000000019e2      0x1df Middlewares/USB_Device_Library/usbd_cdc.o
 .debug_macro   0x0000000000001bc1       0x35 Middlewares/USB_Device_Library/usbd_cdc.o
 .debug_macro   0x0000000000001bf6       0x50 Middlewares/USB_Device_Library/usbd_cdc.o
 .debug_macro   0x0000000000001c46      0xe66 Middlewares/USB_Device_Library/usbd_cdc.o
 .debug_macro   0x0000000000002aac     0x9358 Middlewares/USB_Device_Library/usbd_cdc.o
 .debug_macro   0x000000000000be04       0x43 Middlewares/USB_Device_Library/usbd_cdc.o
 .debug_macro   0x000000000000be47      0x148 Middlewares/USB_Device_Library/usbd_cdc.o
 .debug_macro   0x000000000000bf8f      0x1bc Middlewares/USB_Device_Library/usbd_cdc.o
 .debug_macro   0x000000000000c14b     0x33a6 Middlewares/USB_Device_Library/usbd_cdc.o
 .debug_macro   0x000000000000f4f1       0x50 Middlewares/USB_Device_Library/usbd_cdc.o
 .debug_macro   0x000000000000f541      0x964 Middlewares/USB_Device_Library/usbd_cdc.o
 .debug_macro   0x000000000000fea5      0x9da Middlewares/USB_Device_Library/usbd_cdc.o
 .debug_macro   0x000000000001087f      0x11e Middlewares/USB_Device_Library/usbd_cdc.o
 .debug_macro   0x000000000001099d      0x13e Middlewares/USB_Device_Library/usbd_cdc.o
 .debug_macro   0x0000000000010adb       0x27 Middlewares/USB_Device_Library/usbd_cdc.o
 .debug_macro   0x0000000000010b02      0x272 Middlewares/USB_Device_Library/usbd_cdc.o
 .debug_macro   0x0000000000010d74       0x5f Middlewares/USB_Device_Library/usbd_cdc.o
 .debug_macro   0x0000000000010dd3      0x23a Middlewares/USB_Device_Library/usbd_cdc.o
 .debug_macro   0x000000000001100d      0x13a Middlewares/USB_Device_Library/usbd_cdc.o
 .debug_macro   0x0000000000011147      0x21e Middlewares/USB_Device_Library/usbd_cdc.o
 .debug_macro   0x0000000000011365       0x2e Middlewares/USB_Device_Library/usbd_cdc.o
 .debug_macro   0x0000000000011393      0x11e Middlewares/USB_Device_Library/usbd_cdc.o
 .debug_macro   0x00000000000114b1       0x7f Middlewares/USB_Device_Library/usbd_cdc.o
 .debug_macro   0x0000000000011530       0x89 Middlewares/USB_Device_Library/usbd_cdc.o
 .debug_macro   0x00000000000115b9      0x202 Middlewares/USB_Device_Library/usbd_cdc.o
 .debug_macro   0x00000000000117bb      0x6d9 Middlewares/USB_Device_Library/usbd_cdc.o
 .debug_macro   0x0000000000011e94       0x5b Middlewares/USB_Device_Library/usbd_cdc.o
 .debug_macro   0x0000000000011eef      0x14d Middlewares/USB_Device_Library/usbd_cdc.o
 .debug_macro   0x000000000001203c      0x287 Middlewares/USB_Device_Library/usbd_cdc.o
 .debug_macro   0x00000000000122c3      0x1df Middlewares/USB_Device_Library/usbd_cdc.o
 .debug_macro   0x00000000000124a2      0x115 Middlewares/USB_Device_Library/usbd_cdc.o
 .debug_macro   0x00000000000125b7      0x125 Middlewares/USB_Device_Library/usbd_cdc.o
 .debug_macro   0x00000000000126dc       0x70 Middlewares/USB_Device_Library/usbd_cdc.o
 .debug_macro   0x000000000001274c      0x1c3 Middlewares/USB_Device_Library/usbd_cdc.o
 .debug_macro   0x000000000001290f       0x83 Middlewares/USB_Device_Library/usbd_cdc.o
 .debug_macro   0x0000000000012992      0x390 Middlewares/USB_Device_Library/usbd_core.o
 .debug_macro   0x0000000000012d22      0x1c9 Middlewares/USB_Device_Library/usbd_core.o
 .debug_macro   0x0000000000012eeb      0x39a Middlewares/USB_Device_Library/usbd_ctlreq.o