Archive member included to satisfy reference by file (symbol)

d:/sotfware/eclipse/plugins/fr.ac6.mcu.externaltools.arm-none.win32_1.7.0.201602121829/tools/compiler/bin/../lib/gcc/arm-none-eabi/5.2.1/armv7e-m/fpu\libgcc.a(_arm_addsubdf3.o)
                              Application/User/quad_driver.o (__aeabi_f2d)
d:/sotfware/eclipse/plugins/fr.ac6.mcu.externaltools.arm-none.win32_1.7.0.201602121829/tools/compiler/bin/../lib/gcc/arm-none-eabi/5.2.1/../../../../arm-none-eabi/lib/armv7e-m/fpu\libc_nano.a(lib_a-exit.o)
                              d:/sotfware/eclipse/plugins/fr.ac6.mcu.externaltools.arm-none.win32_1.7.0.201602121829/tools/compiler/bin/../lib/gcc/arm-none-eabi/5.2.1/../../../../arm-none-eabi/lib/armv7e-m/fpu/crt0.o (exit)
d:/sotfware/eclipse/plugins/fr.ac6.mcu.externaltools.arm-none.win32_1.7.0.201602121829/tools/compiler/bin/../lib/gcc/arm-none-eabi/5.2.1/../../../../arm-none-eabi/lib/armv7e-m/fpu\libc_nano.a(lib_a-impure.o)
                              d:/sotfware/eclipse/plugins/fr.ac6.mcu.externaltools.arm-none.win32_1.7.0.201602121829/tools/compiler/bin/../lib/gcc/arm-none-eabi/5.2.1/../../../../arm-none-eabi/lib/armv7e-m/fpu\libc_nano.a(lib_a-exit.o) (_global_impure_ptr)
d:/sotfware/eclipse/plugins/fr.ac6.mcu.externaltools.arm-none.win32_1.7.0.201602121829/tools/compiler/bin/../lib/gcc/arm-none-eabi/5.2.1/../../../../arm-none-eabi/lib/armv7e-m/fpu\libc_nano.a(lib_a-init.o)
                              d:/sotfware/eclipse/plugins/fr.ac6.mcu.externaltools.arm-none.win32_1.7.0.201602121829/tools/compiler/bin/../lib/gcc/arm-none-eabi/5.2.1/../../../../arm-none-eabi/lib/armv7e-m/fpu/crt0.o (__libc_init_array)
d:/sotfware/eclipse/plugins/fr.ac6.mcu.externaltools.arm-none.win32_1.7.0.201602121829/tools/compiler/bin/../lib/gcc/arm-none-eabi/5.2.1/../../../../arm-none-eabi/lib/armv7e-m/fpu\libc_nano.a(lib_a-malloc.o)
                              Middlewares/USB_Device_Library/usbd_cdc.o (malloc)
d:/sotfware/eclipse/plugins/fr.ac6.mcu.externaltools.arm-none.win32_1.7.0.201602121829/tools/compiler/bin/../lib/gcc/arm-none-eabi/5.2.1/../../../../arm-none-eabi/lib/armv7e-m/fpu\libc_nano.a(lib_a-memcpy-stub.o)
                              Middlewares/FreeRTOS/queue.o (memcpy)
d:/sotfware/eclipse/plugins/fr.ac6.mcu.externaltools.arm-none.win32_1.7.0.201602121829/tools/compiler/bin/../lib/gcc/arm-none-eabi/5.2.1/../../../../arm-none-eabi/lib/armv7e-m/fpu\libc_nano.a(lib_a-memset.o)
                              d:/sotfware/eclipse/plugins/fr.ac6.mcu.externaltools.arm-none.win32_1.7.0.201602121829/tools/compiler/bin/../lib/gcc/arm-none-eabi/5.2.1/../../../../arm-none-eabi/lib/armv7e-m/fpu/crt0.o (memset)
d:/sotfware/eclipse/plugins/fr.ac6.mcu.externaltools.arm-none.win32_1.7.0.201602121829/tools/compiler/bin/../lib/gcc/arm-none-eabi/5.2.1/../../../../arm-none-eabi/lib/armv7e-m/fpu\libc_nano.a(lib_a-nano-freer.o)
                              d:/sotfware/eclipse/plugins/fr.ac6.mcu.externaltools.arm-none.win32_1.7.0.201602121829/tools/compiler/bin/../lib/gcc/arm-none-eabi/5.2.1/../../../../arm-none-eabi/lib/armv7e-m/fpu\libc_nano.a(lib_a-malloc.o) (_free_r)
d:/sotfware/eclipse/plugins/fr.ac6.mcu.externaltools.arm-none.win32_1.7.0.201602121829/tools/compiler/bin/../lib/gcc/arm-none-eabi/5.2.1/../../../../arm-none-eabi/lib/armv7e-m/fpu\libc_nano.a(lib_a-nano-mallocr.o)
                              d:/sotfware/eclipse/plugins/fr.ac6.mcu.externaltools.arm-none.win32_1.7.0.201602121829/tools/compiler/bin/../lib/gcc/arm-none-eabi/5.2.1/../../../../arm-none-eabi/lib/armv7e-m/fpu\libc_nano.a(lib_a-malloc.o) (_malloc_r)
d:/sotfware/eclipse/plugins/fr.ac6.mcu.externaltools.arm-none.win32_1.7.0.201602121829/tools/compiler/bin/../lib/gcc/arm-none-eabi/5.2.1/../../../../arm-none-eabi/lib/armv7e-m/fpu\libc_nano.a(lib_a-sbrkr.o)
                              d:/sotfware/eclipse/plugins/fr.ac6.mcu.externaltools.arm-none.win32_1.7.0.201602121829/tools/compiler/bin/../lib/gcc/arm-none-eabi/5.2.1/../../../../arm-none-eabi/lib/armv7e-m/fpu\libc_nano.a(lib_a-nano-mallocr.o) (_sbrk_r)
d:/sotfware/eclipse/plugins/fr.ac6.mcu.externaltools.arm-none.win32_1.7.0.201602121829/tools/compiler/bin/../lib/gcc/arm-none-eabi/5.2.1/../../../../arm-none-eabi/lib/armv7e-m/fpu\libc_nano.a(lib_a-sprintf.o)
                              Application/User/quad_driver.o (sprintf)
d:/sotfware/eclipse/plugins/fr.ac6.mcu.externaltools.arm-none.win32_1.7.0.201602121829/tools/compiler/bin/../lib/gcc/arm-none-eabi/5.2.1/../../../../arm-none-eabi/lib/armv7e-m/fpu\libc_nano.a(lib_a-strlen.o)
                              Application/User/quad_driver.o (strlen)
d:/sotfware/eclipse/plugins/fr.ac6.mcu.externaltools.arm-none.win32_1.7.0.201602121829/tools/compiler/bin/../lib/gcc/arm-none-eabi/5.2.1/../../../../arm-none-eabi/lib/armv7e-m/fpu\libc_nano.a(lib_a-nano-svfprintf.o)
[...]
Memory Configuration

Name             Origin             Length             Attributes
FLASH            0x08000000         0x00100000         xr
RAM              0x20000000         0x00020000         xrw
CCMRAM           0x10000000         0x00010000         rw
*default*        0x00000000         0xffffffff

Linker script and memory map

LOAD d:/sotfware/eclipse/plugins/fr.ac6.mcu.externaltools.arm-none.win32_1.7.0.201602121829/tools/compiler/bin/../lib/gcc/arm-none-eabi/5.2.1/armv7e-m/fpu/crti.o
LOAD d:/sotfware/eclipse/plugins/fr.ac6.mcu.externaltools.arm-none.win32_1.7.0.201602121829/tools/compiler/bin/../lib/gcc/arm-none-eabi/5.2.1/armv7e-m/fpu/crtbegin.o
LOAD d:/sotfware/eclipse/plugins/fr.ac6.mcu.externaltools.arm-none.win32_1.7.0.201602121829/tools/compiler/bin/../lib/gcc/arm-none-eabi/5.2.1/../../../../arm-none-eabi/lib/armv7e-m/fpu/crt0.o
LOAD d:/sotfware/eclipse/plugins/fr.ac6.mcu.externaltools.arm-none.win32_1.7.0.201602121829/tools/compiler/bin/../lib/gcc/arm-none-eabi/5.2.1/../../../../arm-none-eabi/lib/armv7e-m/fpu\libm.a
LOAD Application/SW4STM32/startup_stm32f407xx.o
LOAD Application/User/chip_select_demux.o
LOAD Application/User/freertos.o
LOAD Application/User/main.o
LOAD Application/User/quad_driver.o
LOAD Application/User/spi_wrapper.o
LOAD Application/User/stm32f4xx_hal_msp.o
LOAD Application/User/stm32f4xx_hal_timebase_TIM.o
LOAD Application/User/stm32f4xx_it.o
LOAD Application/User/usb_device.o
LOAD Application/User/usbd_cdc_if.o
LOAD Application/User/usbd_conf.o
LOAD Application/User/usbd_desc.o
LOAD Drivers/CMSIS/system_stm32f4xx.o
LOAD Drivers/STM32F4xx_HAL_Driver/stm32f4xx_hal.o
LOAD Drivers/STM32F4xx_HAL_Driver/stm32f4xx_hal_cortex.o
LOAD Drivers/STM32F4xx_HAL_Driver/stm32f4xx_hal_dma.o
LOAD Drivers/STM32F4xx_HAL_Driver/stm32f4xx_hal_dma_ex.o
LOAD Drivers/STM32F4xx_HAL_Driver/stm32f4xx_hal_flash.o
LOAD Drivers/STM32F4xx_HAL_Driver/stm32f4xx_hal_flash_ex.o
LOAD Drivers/STM32F4xx_HAL_Driver/stm32f4xx_hal_flash_ramfunc.o
LOAD Drivers/STM32F4xx_HAL_Driver/stm32f4xx_hal_gpio.o
LOAD Drivers/STM32F4xx_HAL_Driver/stm32f4xx_hal_pcd.o
LOAD Drivers/STM32F4xx_HAL_Driver/stm32f4xx_hal_pcd_ex.o
LOAD Drivers/STM32F4xx_HAL_Driver/stm32f4xx_hal_pwr.o
LOAD Drivers/STM32F4xx_HAL_Driver/stm32f4xx_hal_pwr_ex.o
LOAD Drivers/STM32F4xx_HAL_Driver/stm32f4xx_hal_rcc.o
LOAD Drivers/STM32F4xx_HAL_Driver/stm32f4xx_hal_rcc_ex.o
LOAD Drivers/STM32F4xx_HAL_Driver/stm32f4xx_hal_rtc.o
LOAD Drivers/STM32F4xx_HAL_Driver/stm32f4xx_hal_rtc_ex.o
LOAD Drivers/STM32F4xx_HAL_Driver/stm32f4xx_hal_spi.o
LOAD Drivers/STM32F4xx_HAL_Driver/stm32f4xx_hal_tim.o
LOAD Drivers/STM32F4xx_HAL_Driver/stm32f4xx_hal_tim_ex.o
LOAD Drivers/STM32F4xx_HAL_Driver/stm32f4xx_hal_uart.o
LOAD Drivers/STM32F4xx_HAL_Driver/stm32f4xx_ll_usb.o
LOAD Middlewares/FreeRTOS/cmsis_os.o
LOAD Middlewares/FreeRTOS/croutine.o
LOAD Middlewares/FreeRTOS/event_groups.o
LOAD Middlewares/FreeRTOS/heap_4.o
LOAD Middlewares/FreeRTOS/list.o
LOAD Middlewares/FreeRTOS/port.o
LOAD Middlewares/FreeRTOS/queue.o
LOAD Middlewares/FreeRTOS/tasks.o
LOAD Middlewares/FreeRTOS/timers.o
LOAD Middlewares/USB_Device_Library/usbd_cdc.o
LOAD Middlewares/USB_Device_Library/usbd_core.o
LOAD Middlewares/USB_Device_Library/usbd_ctlreq.o
LOAD Middlewares/USB_Device_Library/usbd_ioreq.o
START GROUP
LOAD d:/sotfware/eclipse/plugins/fr.ac6.mcu.externaltools.arm-none.win32_1.7.0.201602121829/tools/compiler/bin/../lib/gcc/arm-none-eabi/5.2.1/armv7e-m/fpu\libgcc.a
LOAD d:/sotfware/eclipse/plugins/fr.ac6.mcu.externaltools.arm-none.win32_1.7.0.201602121829/tools/compiler/bin/../lib/gcc/arm-none-eabi/5.2.1/../../../../arm-none-eabi/lib/armv7e-m/fpu\libc_nano.a
END GROUP
START GROUP
LOAD d:/sotfware/eclipse/plugins/fr.ac6.mcu.externaltools.arm-none.win32_1.7.0.201602121829/tools/compiler/bin/../lib/gcc/arm-none-eabi/5.2.1/armv7e-m/fpu\libgcc.a
LOAD d:/sotfware/eclipse/plugins/fr.ac6.mcu.externaltools.arm-none.win32_1.7.0.201602121829/tools/compiler/bin/../lib/gcc/arm-none-eabi/5.2.1/../../../../arm-none-eabi/lib/armv7e-m/fpu\libc_nano.a
LOAD d:/sotfware/eclipse/plugins/fr.ac6.mcu.externaltools.arm-none.win32_1.7.0.201602121829/tools/compiler/bin/../lib/gcc/arm-none-eabi/5.2.1/../../../../arm-none-eabi/lib/armv7e-m/fpu\libnosys.a
END GROUP
START GROUP
LOAD d:/sotfware/eclipse/plugins/fr.ac6.mcu.externaltools.arm-none.win32_1.7.0.201602121829/tools/compiler/bin/../lib/gcc/arm-none-eabi/5.2.1/armv7e-m/fpu\libgcc.a
LOAD d:/sotfware/eclipse/plugins/fr.ac6.mcu.externaltools.arm-none.win32_1.7.0.201602121829/tools/compiler/bin/../lib/gcc/arm-none-eabi/5.2.1/../../../../arm-none-eabi/lib/armv7e-m/fpu\libc_nano.a
LOAD d:/sotfware/eclipse/plugins/fr.ac6.mcu.externaltools.arm-none.win32_1.7.0.201602121829/tools/compiler/bin/../lib/gcc/arm-none-eabi/5.2.1/../../../../arm-none-eabi/lib/armv7e-m/fpu\libnosys.a
END GROUP
LOAD d:/sotfware/eclipse/plugins/fr.ac6.mcu.externaltools.arm-none.win32_1.7.0.201602121829/tools/compiler/bin/../lib/gcc/arm-none-eabi/5.2.1/armv7e-m/fpu/crtend.o
LOAD d:/sotfware/eclipse/plugins/fr.ac6.mcu.externaltools.arm-none.win32_1.7.0.201602121829/tools/compiler/bin/../lib/gcc/arm-none-eabi/5.2.1/armv7e-m/fpu/crtn.o
                0x20020000                _estack = 0x20020000
                0x00000400                _Min_Heap_Size = 0x400
                0x00000200                _Min_Stack_Size = 0x200

.isr_vector     0x08000000      0x188
                0x08000000                . = ALIGN (0x4)
 *(.isr_vector)
 .isr_vector    0x08000000      0x188 Application/SW4STM32/startup_stm32f407xx.o
                0x08000000                g_pfnVectors
                0x08000188                . = ALIGN (0x4)

.text           0x08000188     0x4a44
                0x08000188                . = ALIGN (0x4)
 *(.text)
 .text          0x08000188       0xa4 d:/sotfware/eclipse/plugins/fr.ac6.mcu.externaltools.arm-none.win32_1.7.0.201602121829/tools/compiler/bin/../lib/gcc/arm-none-eabi/5.2.1/armv7e-m/fpu/crtbegin.o
 *(.text*)
 .text.Reset_Handler
                0x0800022c       0x50 Application/SW4STM32/startup_stm32f407xx.o
                0x0800022c                Reset_Handler
 .text.Default_Handler
                0x0800027c        0x2 Application/SW4STM32/startup_stm32f407xx.o
                0x0800027c                RTC_Alarm_IRQHandler
                0x0800027c                HASH_RNG_IRQHandler
                0x0800027c                EXTI2_IRQHandler
                0x0800027c                TIM8_CC_IRQHandler
                0x0800027c                DebugMon_Handler
                0x0800027c                TIM1_CC_IRQHandler
                0x0800027c                DMA2_Stream5_IRQHandler
                0x0800027c                HardFault_Handler
                0x0800027c                DMA1_Stream5_IRQHandler
                0x0800027c                PVD_IRQHandler
                0x0800027c                SDIO_IRQHandler
                0x0800027c                TAMP_STAMP_IRQHandler
                0x0800027c                NMI_Handler
                0x0800027c                CAN2_RX1_IRQHandler
                0x0800027c                EXTI3_IRQHandler
                0x0800027c                TIM1_UP_TIM10_IRQHandler
                0x0800027c                TIM8_UP_TIM13_IRQHandler
                0x0800027c                I2C3_ER_IRQHandler
                0x0800027c                EXTI0_IRQHandler
                0x0800027c                I2C2_EV_IRQHandler
                0x0800027c                DMA1_Stream2_IRQHandler
                0x0800027c                CAN1_RX0_IRQHandler
                0x0800027c                FPU_IRQHandler
                0x0800027c                OTG_HS_WKUP_IRQHandler
                0x0800027c                UsageFault_Handler
                0x0800027c                CAN2_SCE_IRQHandler
                0x0800027c                DMA2_Stream2_IRQHandler
                0x0800027c                SPI1_IRQHandler
                0x0800027c                TIM6_DAC_IRQHandler
                0x0800027c                TIM1_BRK_TIM9_IRQHandler
                0x0800027c                DCMI_IRQHandler
                0x0800027c                CAN2_RX0_IRQHandler
                0x0800027c                DMA2_Stream3_IRQHandler
                0x0800027c                USART6_IRQHandler
                0x0800027c                USART3_IRQHandler
                0x0800027c                CAN1_RX1_IRQHandler
                0x0800027c                UART5_IRQHandler
                0x0800027c                DMA2_Stream0_IRQHandler
                0x0800027c                TIM4_IRQHandler
                0x0800027c                I2C1_EV_IRQHandler
                0x0800027c                DMA1_Stream6_IRQHandler
                0x0800027c                DMA1_Stream1_IRQHandler
                0x0800027c                UART4_IRQHandler
                0x0800027c                RCC_IRQHandler
                0x0800027c                TIM8_BRK_TIM12_IRQHandler
                0x0800027c                Default_Handler
                0x0800027c                EXTI15_10_IRQHandler
                0x0800027c                ADC_IRQHandler
                0x0800027c                DMA1_Stream7_IRQHandler
                0x0800027c                TIM7_IRQHandler
                0x0800027c                CAN2_TX_IRQHandler
                0x0800027c                TIM5_IRQHandler
                0x0800027c                DMA2_Stream7_IRQHandler
                0x0800027c                I2C3_EV_IRQHandler
                0x0800027c                EXTI9_5_IRQHandler
                0x0800027c                RTC_WKUP_IRQHandler
                0x0800027c                ETH_WKUP_IRQHandler
                0x0800027c                OTG_HS_EP1_IN_IRQHandler
                0x0800027c                MemManage_Handler
                0x0800027c                DMA1_Stream0_IRQHandler
                0x0800027c                CAN1_TX_IRQHandler
                0x0800027c                EXTI4_IRQHandler
                0x0800027c                FSMC_IRQHandler
                0x0800027c                ETH_IRQHandler
                0x0800027c                OTG_HS_EP1_OUT_IRQHandler
                0x0800027c                WWDG_IRQHandler
                0x0800027c                TIM2_IRQHandler
                0x0800027c                OTG_FS_WKUP_IRQHandler
                0x0800027c                TIM1_TRG_COM_TIM11_IRQHandler
                0x0800027c                OTG_HS_IRQHandler
                0x0800027c                EXTI1_IRQHandler
                0x0800027c                I2C2_ER_IRQHandler
                0x0800027c                DMA2_Stream1_IRQHandler
                0x0800027c                CAN1_SCE_IRQHandler
                0x0800027c                FLASH_IRQHandler
                0x0800027c                DMA2_Stream4_IRQHandler
                0x0800027c                BusFault_Handler
                0x0800027c                USART1_IRQHandler
                0x0800027c                SPI3_IRQHandler
                0x0800027c                DMA1_Stream4_IRQHandler
                0x0800027c                I2C1_ER_IRQHandler
                0x0800027c                DMA2_Stream6_IRQHandler
                0x0800027c                DMA1_Stream3_IRQHandler
 .text.StartDefaultTask
                0x0800027e        0xe Application/User/main.o
                0x0800027e                StartDefaultTask
 .text.sendMessageTaskFunction
                0x0800028c       0x80 Application/User/main.o
                0x0800028c                sendMessageTaskFunction
 .text.speedTaskFunction
                0x0800030c       0x48 Application/User/main.o
                0x0800030c                speedTaskFunction
 .text.controlLoopTaskFunction
                0x08000354       0x1c Application/User/main.o
                0x08000354                controlLoopTaskFunction
 .text.SystemClock_Config
                0x08000370       0x9c Application/User/main.o
                0x08000370                SystemClock_Config
 .text.startup.main
                0x0800040c      0x384 Application/User/main.o
                0x0800040c                main
 .text.HAL_MspInit
                0x08000790       0x18 Application/User/stm32f4xx_hal_msp.o
                0x08000790                HAL_MspInit
 .text.HAL_SPI_MspInit
                0x080007a8       0x78 Application/User/stm32f4xx_hal_msp.o
                0x080007a8                HAL_SPI_MspInit
 .text.HAL_TIM_Base_MspInit
                0x08000820       0x3c Application/User/stm32f4xx_hal_msp.o
                0x08000820                HAL_TIM_Base_MspInit
 .text.HAL_TIM_MspPostInit
                0x0800085c       0x48 Application/User/stm32f4xx_hal_msp.o
                0x0800085c                HAL_TIM_MspPostInit
 .text.HAL_UART_MspInit
                0x080008a4       0x60 Application/User/stm32f4xx_hal_msp.o
                0x080008a4                HAL_UART_MspInit
 .text.HAL_InitTick
                0x08000904       0x7c Application/User/stm32f4xx_hal_timebase_TIM.o
                0x08000904                HAL_InitTick
 .text.HAL_TIM_PeriodElapsedCallback
                0x08000980        0x4 Application/User/stm32f4xx_hal_timebase_TIM.o
                0x08000980                HAL_TIM_PeriodElapsedCallback
 .text.SysTick_Handler
                0x08000984        0x4 Application/User/stm32f4xx_it.o
                0x08000984                SysTick_Handler
 .text.TIM3_IRQHandler
                0x08000988        0xc Application/User/stm32f4xx_it.o
                0x08000988                TIM3_IRQHandler
 .text.SPI2_IRQHandler
                0x08000994        0xc Application/User/stm32f4xx_it.o
                0x08000994                SPI2_IRQHandler
 .text.USART2_IRQHandler
                0x080009a0        0xc Application/User/stm32f4xx_it.o
                0x080009a0                USART2_IRQHandler
 .text.TIM8_TRG_COM_TIM14_IRQHandler
                0x080009ac        0xc Application/User/stm32f4xx_it.o
                0x080009ac                TIM8_TRG_COM_TIM14_IRQHandler
 .text.OTG_FS_IRQHandler
                0x080009b8        0xc Application/User/stm32f4xx_it.o
                0x080009b8                OTG_FS_IRQHandler
 .text.MX_USB_DEVICE_Init
                0x080009c4       0x38 Application/User/usb_device.o
                0x080009c4                MX_USB_DEVICE_Init
 .text.CDC_DeInit_FS
                0x080009fc        0x4 Application/User/usbd_cdc_if.o
 .text.CDC_Control_FS
                0x08000a00        0x4 Application/User/usbd_cdc_if.o
 .text.CDC_Receive_FS
                0x08000a04       0x1c Application/User/usbd_cdc_if.o
 .text.CDC_Init_FS
                0x08000a20       0x2c Application/User/usbd_cdc_if.o
 .text.CDC_Transmit_FS
                0x08000a4c       0x20 Application/User/usbd_cdc_if.o
                0x08000a4c                CDC_Transmit_FS
 .text.HAL_PCD_MspInit
                0x08000a6c       0x74 Application/User/usbd_conf.o
                0x08000a6c                HAL_PCD_MspInit
 .text.HAL_PCD_SetupStageCallback
                0x08000ae0        0xc Application/User/usbd_conf.o
                0x08000ae0                HAL_PCD_SetupStageCallback
 .text.HAL_PCD_DataOutStageCallback
                0x08000aec       0x12 Application/User/usbd_conf.o
                0x08000aec                HAL_PCD_DataOutStageCallback
 .text.HAL_PCD_DataInStageCallback
                0x08000afe       0x10 Application/User/usbd_conf.o
                0x08000afe                HAL_PCD_DataInStageCallback
 .text.HAL_PCD_SOFCallback
                0x08000b0e        0x8 Application/User/usbd_conf.o
                0x08000b0e                HAL_PCD_SOFCallback
 .text.HAL_PCD_ResetCallback
                0x08000b16       0x20 Application/User/usbd_conf.o
                0x08000b16                HAL_PCD_ResetCallback
 *fill*         0x08000b36        0x2 
 .text.HAL_PCD_SuspendCallback
                0x08000b38       0x30 Application/User/usbd_conf.o
                0x08000b38                HAL_PCD_SuspendCallback
 .text.HAL_PCD_ResumeCallback
                0x08000b68        0x8 Application/User/usbd_conf.o
                0x08000b68                HAL_PCD_ResumeCallback
 .text.HAL_PCD_ISOOUTIncompleteCallback
                0x08000b70        0x8 Application/User/usbd_conf.o
                0x08000b70                HAL_PCD_ISOOUTIncompleteCallback
 .text.HAL_PCD_ISOINIncompleteCallback
                0x08000b78        0x8 Application/User/usbd_conf.o
                0x08000b78                HAL_PCD_ISOINIncompleteCallback
 .text.HAL_PCD_ConnectCallback
                0x08000b80        0x8 Application/User/usbd_conf.o
                0x08000b80                HAL_PCD_ConnectCallback
 .text.HAL_PCD_DisconnectCallback
                0x08000b88        0x8 Application/User/usbd_conf.o
                0x08000b88                HAL_PCD_DisconnectCallback
 .text.USBD_LL_Init
                0x08000b90       0x5c Application/User/usbd_conf.o
                0x08000b90                USBD_LL_Init
 .text.USBD_LL_Start
                0x08000bec        0xe Application/User/usbd_conf.o
                0x08000bec                USBD_LL_Start
 .text.USBD_LL_OpenEP
                0x08000bfa       0x14 Application/User/usbd_conf.o
                0x08000bfa                USBD_LL_OpenEP
 .text.USBD_LL_CloseEP
                0x08000c0e        0xe Application/User/usbd_conf.o
                0x08000c0e                USBD_LL_CloseEP
 .text.USBD_LL_StallEP
                0x08000c1c        0xe Application/User/usbd_conf.o
                0x08000c1c                USBD_LL_StallEP
 .text.USBD_LL_ClearStallEP
                0x08000c2a        0xe Application/User/usbd_conf.o
                0x08000c2a                USBD_LL_ClearStallEP
 .text.USBD_LL_IsStallEP
                0x08000c38       0x26 Application/User/usbd_conf.o
                0x08000c38                USBD_LL_IsStallEP
 .text.USBD_LL_SetUSBAddress
                0x08000c5e        0xe Application/User/usbd_conf.o
                0x08000c5e                USBD_LL_SetUSBAddress
 .text.USBD_LL_Transmit
                0x08000c6c        0xe Application/User/usbd_conf.o
                0x08000c6c                USBD_LL_Transmit
 .text.USBD_LL_PrepareReceive
                0x08000c7a        0xe Application/User/usbd_conf.o
                0x08000c7a                USBD_LL_PrepareReceive
 .text.USBD_LL_GetRxDataSize
                0x08000c88        0xc Application/User/usbd_conf.o
                0x08000c88                USBD_LL_GetRxDataSize
 .text.USBD_FS_DeviceDescriptor
                0x08000c94        0xc Application/User/usbd_desc.o
                0x08000c94                USBD_FS_DeviceDescriptor
 .text.USBD_FS_LangIDStrDescriptor
                0x08000ca0        0xc Application/User/usbd_desc.o
                0x08000ca0                USBD_FS_LangIDStrDescriptor
 .text.USBD_FS_ManufacturerStrDescriptor
                0x08000cac       0x1c Application/User/usbd_desc.o
                0x08000cac                USBD_FS_ManufacturerStrDescriptor
 .text.USBD_FS_ProductStrDescriptor
                0x08000cc8       0x1c Application/User/usbd_desc.o
                0x08000cc8                USBD_FS_ProductStrDescriptor
 .text.USBD_FS_SerialStrDescriptor
                0x08000ce4       0x1c Application/User/usbd_desc.o
                0x08000ce4                USBD_FS_SerialStrDescriptor
 .text.USBD_FS_ConfigStrDescriptor
                0x08000d00       0x1c Application/User/usbd_desc.o
                0x08000d00                USBD_FS_ConfigStrDescriptor
 .text.USBD_FS_InterfaceStrDescriptor
                0x08000d1c       0x1c Application/User/usbd_desc.o
                0x08000d1c                USBD_FS_InterfaceStrDescriptor
 .text.SystemInit
                0x08000d38       0x4c Drivers/CMSIS/system_stm32f4xx.o
                0x08000d38                SystemInit
 .text.HAL_Init
                0x08000d84       0x34 Drivers/STM32F4xx_HAL_Driver/stm32f4xx_hal.o
                0x08000d84                HAL_Init
 .text.HAL_IncTick
                0x08000db8       0x10 Drivers/STM32F4xx_HAL_Driver/stm32f4xx_hal.o
                0x08000db8                HAL_IncTick
 .text.HAL_GetTick
                0x08000dc8        0xc Drivers/STM32F4xx_HAL_Driver/stm32f4xx_hal.o
                0x08000dc8                HAL_GetTick
 .text.HAL_Delay
                0x08000dd4       0x1a Drivers/STM32F4xx_HAL_Driver/stm32f4xx_hal.o
                0x08000dd4                HAL_Delay
 *fill*         0x08000dee        0x2 
 .text.HAL_NVIC_SetPriorityGrouping
                0x08000df0       0x24 Drivers/STM32F4xx_HAL_Driver/stm32f4xx_hal_cortex.o
                0x08000df0                HAL_NVIC_SetPriorityGrouping
 .text.HAL_NVIC_SetPriority
                0x08000e14       0x68 Drivers/STM32F4xx_HAL_Driver/stm32f4xx_hal_cortex.o
                0x08000e14                HAL_NVIC_SetPriority
 .text.HAL_NVIC_EnableIRQ
                0x08000e7c       0x18 Drivers/STM32F4xx_HAL_Driver/stm32f4xx_hal_cortex.o
                0x08000e7c                HAL_NVIC_EnableIRQ
 .text.HAL_SYSTICK_Config
                0x08000e94       0x2c Drivers/STM32F4xx_HAL_Driver/stm32f4xx_hal_cortex.o
                0x08000e94                HAL_SYSTICK_Config
 .text.HAL_SYSTICK_CLKSourceConfig
                0x08000ec0       0x18 Drivers/STM32F4xx_HAL_Driver/stm32f4xx_hal_cortex.o
                0x08000ec0                HAL_SYSTICK_CLKSourceConfig
 .text.HAL_GPIO_Init
                0x08000ed8      0x1cc Drivers/STM32F4xx_HAL_Driver/stm32f4xx_hal_gpio.o
                0x08000ed8                HAL_GPIO_Init
 .text.HAL_GPIO_WritePin
                0x080010a4        0x8 Drivers/STM32F4xx_HAL_Driver/stm32f4xx_hal_gpio.o
                0x080010a4                HAL_GPIO_WritePin
 .text.HAL_PCD_Init
                0x080010ac       0xd8 Drivers/STM32F4xx_HAL_Driver/stm32f4xx_hal_pcd.o
                0x080010ac                HAL_PCD_Init
 .text.HAL_PCD_Start
                0x08001184       0x2a Drivers/STM32F4xx_HAL_Driver/stm32f4xx_hal_pcd.o
                0x08001184                HAL_PCD_Start
 .text.HAL_PCD_IRQHandler
                0x080011ae      0x45a Drivers/STM32F4xx_HAL_Driver/stm32f4xx_hal_pcd.o
                0x080011ae                HAL_PCD_IRQHandler
 .text.HAL_PCD_SetAddress
                0x08001608       0x24 Drivers/STM32F4xx_HAL_Driver/stm32f4xx_hal_pcd.o
                0x08001608                HAL_PCD_SetAddress
 .text.HAL_PCD_EP_Open
                0x0800162c       0x5e Drivers/STM32F4xx_HAL_Driver/stm32f4xx_hal_pcd.o
                0x0800162c                HAL_PCD_EP_Open
 .text.HAL_PCD_EP_Close
                0x0800168a       0x48 Drivers/STM32F4xx_HAL_Driver/stm32f4xx_hal_pcd.o
                0x0800168a                HAL_PCD_EP_Close
 .text.HAL_PCD_EP_Receive
                0x080016d2       0x62 Drivers/STM32F4xx_HAL_Driver/stm32f4xx_hal_pcd.o
                0x080016d2                HAL_PCD_EP_Receive
 .text.HAL_PCD_EP_GetRxCount
                0x08001734       0x10 Drivers/STM32F4xx_HAL_Driver/stm32f4xx_hal_pcd.o
                0x08001734                HAL_PCD_EP_GetRxCount
 .text.HAL_PCD_EP_Transmit
                0x08001744       0x5a Drivers/STM32F4xx_HAL_Driver/stm32f4xx_hal_pcd.o
                0x08001744                HAL_PCD_EP_Transmit
 .text.HAL_PCD_EP_SetStall
                0x0800179e       0x5a Drivers/STM32F4xx_HAL_Driver/stm32f4xx_hal_pcd.o
                0x0800179e                HAL_PCD_EP_SetStall
 .text.HAL_PCD_EP_ClrStall
                0x080017f8       0x4c Drivers/STM32F4xx_HAL_Driver/stm32f4xx_hal_pcd.o
                0x080017f8                HAL_PCD_EP_ClrStall
 .text.HAL_PCDEx_SetTxFiFo
                0x08001844       0x42 Drivers/STM32F4xx_HAL_Driver/stm32f4xx_hal_pcd_ex.o
                0x08001844                HAL_PCDEx_SetTxFiFo
 .text.HAL_PCDEx_SetRxFiFo
                0x08001886        0x8 Drivers/STM32F4xx_HAL_Driver/stm32f4xx_hal_pcd_ex.o
                0x08001886                HAL_PCDEx_SetRxFiFo
 *fill*         0x0800188e        0x2 
 .text.HAL_RCC_OscConfig
                0x08001890      0x2d0 Drivers/STM32F4xx_HAL_Driver/stm32f4xx_hal_rcc.o
                0x08001890                HAL_RCC_OscConfig
 .text.HAL_RCC_ClockConfig
                0x08001b60      0x140 Drivers/STM32F4xx_HAL_Driver/stm32f4xx_hal_rcc.o
                0x08001b60                HAL_RCC_ClockConfig
 .text.HAL_RCC_GetSysClockFreq
                0x08001ca0       0x7c Drivers/STM32F4xx_HAL_Driver/stm32f4xx_hal_rcc.o
                0x08001ca0                HAL_RCC_GetSysClockFreq
 .text.HAL_RCC_GetHCLKFreq
                0x08001d1c       0x34 Drivers/STM32F4xx_HAL_Driver/stm32f4xx_hal_rcc.o
                0x08001d1c                HAL_RCC_GetHCLKFreq
 .text.HAL_RCC_GetPCLK1Freq
                0x08001d50       0x2c Drivers/STM32F4xx_HAL_Driver/stm32f4xx_hal_rcc.o
                0x08001d50                HAL_RCC_GetPCLK1Freq
 .text.HAL_RCC_GetPCLK2Freq
                0x08001d7c       0x2c Drivers/STM32F4xx_HAL_Driver/stm32f4xx_hal_rcc.o
                0x08001d7c                HAL_RCC_GetPCLK2Freq
 .text.HAL_RCC_GetClockConfig
                0x08001da8       0x3c Drivers/STM32F4xx_HAL_Driver/stm32f4xx_hal_rcc.o
                0x08001da8                HAL_RCC_GetClockConfig
 .text.SPI_WaitFlagStateUntilTimeout
                0x08001de4       0x88 Drivers/STM32F4xx_HAL_Driver/stm32f4xx_hal_spi.o
 .text.SPI_CheckFlag_BSY
                0x08001e6c       0x20 Drivers/STM32F4xx_HAL_Driver/stm32f4xx_hal_spi.o
 .text.HAL_SPI_Init
                0x08001e8c       0x80 Drivers/STM32F4xx_HAL_Driver/stm32f4xx_hal_spi.o
                0x08001e8c                HAL_SPI_Init
 .text.HAL_SPI_Transmit_IT
                0x08001f0c       0xb0 Drivers/STM32F4xx_HAL_Driver/stm32f4xx_hal_spi.o
                0x08001f0c                HAL_SPI_Transmit_IT
 .text.HAL_SPI_TxCpltCallback
                0x08001fbc        0x2 Drivers/STM32F4xx_HAL_Driver/stm32f4xx_hal_spi.o
                0x08001fbc                HAL_SPI_TxCpltCallback
 .text.HAL_SPI_ErrorCallback
                0x08001fbe        0x2 Drivers/STM32F4xx_HAL_Driver/stm32f4xx_hal_spi.o
                0x08001fbe                HAL_SPI_ErrorCallback
 .text.SPI_CloseTx_ISR
                0x08001fc0       0x52 Drivers/STM32F4xx_HAL_Driver/stm32f4xx_hal_spi.o
 .text.SPI_TxISR_8BIT
                0x08002012       0x2e Drivers/STM32F4xx_HAL_Driver/stm32f4xx_hal_spi.o
 .text.SPI_TxISR_16BIT
                0x08002040       0x2c Drivers/STM32F4xx_HAL_Driver/stm32f4xx_hal_spi.o
 .text.HAL_SPI_IRQHandler
                0x0800206c       0xa6 Drivers/STM32F4xx_HAL_Driver/stm32f4xx_hal_spi.o
                0x0800206c                HAL_SPI_IRQHandler
 *fill*         0x08002112        0x2 
 .text.TIM_OC1_SetConfig
                0x08002114       0x58 Drivers/STM32F4xx_HAL_Driver/stm32f4xx_hal_tim.o
 .text.TIM_OC3_SetConfig
                0x0800216c       0x60 Drivers/STM32F4xx_HAL_Driver/stm32f4xx_hal_tim.o
 .text.TIM_OC4_SetConfig
                0x080021cc       0x50 Drivers/STM32F4xx_HAL_Driver/stm32f4xx_hal_tim.o
 .text.HAL_TIM_Base_Start
                0x0800221c       0x1a Drivers/STM32F4xx_HAL_Driver/stm32f4xx_hal_tim.o
                0x0800221c                HAL_TIM_Base_Start
 .text.HAL_TIM_Base_Start_IT
                0x08002236       0x16 Drivers/STM32F4xx_HAL_Driver/stm32f4xx_hal_tim.o
                0x08002236                HAL_TIM_Base_Start_IT
 .text.HAL_TIM_PWM_MspInit
                0x0800224c        0x2 Drivers/STM32F4xx_HAL_Driver/stm32f4xx_hal_tim.o
                0x0800224c                HAL_TIM_PWM_MspInit
 .text.HAL_TIM_ConfigClockSource
                0x0800224e      0x174 Drivers/STM32F4xx_HAL_Driver/stm32f4xx_hal_tim.o
                0x0800224e                HAL_TIM_ConfigClockSource
 .text.HAL_TIM_OC_DelayElapsedCallback
                0x080023c2        0x2 Drivers/STM32F4xx_HAL_Driver/stm32f4xx_hal_tim.o
                0x080023c2                HAL_TIM_OC_DelayElapsedCallback
 .text.HAL_TIM_IC_CaptureCallback
                0x080023c4        0x2 Drivers/STM32F4xx_HAL_Driver/stm32f4xx_hal_tim.o
                0x080023c4                HAL_TIM_IC_CaptureCallback
 .text.HAL_TIM_PWM_PulseFinishedCallback
                0x080023c6        0x2 Drivers/STM32F4xx_HAL_Driver/stm32f4xx_hal_tim.o
                0x080023c6                HAL_TIM_PWM_PulseFinishedCallback
 .text.HAL_TIM_TriggerCallback
                0x080023c8        0x2 Drivers/STM32F4xx_HAL_Driver/stm32f4xx_hal_tim.o
                0x080023c8                HAL_TIM_TriggerCallback
 .text.HAL_TIM_IRQHandler
                0x080023ca      0x144 Drivers/STM32F4xx_HAL_Driver/stm32f4xx_hal_tim.o
                0x080023ca                HAL_TIM_IRQHandler
 *fill*         0x0800250e        0x2 
 .text.TIM_Base_SetConfig
                0x08002510       0xc8 Drivers/STM32F4xx_HAL_Driver/stm32f4xx_hal_tim.o
                0x08002510                TIM_Base_SetConfig
 .text.HAL_TIM_Base_Init
                0x080025d8       0x34 Drivers/STM32F4xx_HAL_Driver/stm32f4xx_hal_tim.o
                0x080025d8                HAL_TIM_Base_Init
 .text.HAL_TIM_PWM_Init
                0x0800260c       0x34 Drivers/STM32F4xx_HAL_Driver/stm32f4xx_hal_tim.o
                0x0800260c                HAL_TIM_PWM_Init
 .text.TIM_OC2_SetConfig
                0x08002640       0x64 Drivers/STM32F4xx_HAL_Driver/stm32f4xx_hal_tim.o
                0x08002640                TIM_OC2_SetConfig
 .text.HAL_TIM_PWM_ConfigChannel
                0x080026a4       0xc6 Drivers/STM32F4xx_HAL_Driver/stm32f4xx_hal_tim.o
                0x080026a4                HAL_TIM_PWM_ConfigChannel
 .text.TIM_CCxChannelCmd
                0x0800276a       0x1a Drivers/STM32F4xx_HAL_Driver/stm32f4xx_hal_tim.o
                0x0800276a                TIM_CCxChannelCmd
 .text.HAL_TIM_PWM_Start
                0x08002784       0x34 Drivers/STM32F4xx_HAL_Driver/stm32f4xx_hal_tim.o
                0x08002784                HAL_TIM_PWM_Start
 .text.HAL_TIMEx_MasterConfigSynchronization
                0x080027b8       0x44 Drivers/STM32F4xx_HAL_Driver/stm32f4xx_hal_tim_ex.o
                0x080027b8                HAL_TIMEx_MasterConfigSynchronization
 .text.HAL_TIMEx_CommutationCallback
                0x080027fc        0x2 Drivers/STM32F4xx_HAL_Driver/stm32f4xx_hal_tim_ex.o
                0x080027fc                HAL_TIMEx_CommutationCallback
 .text.HAL_TIMEx_BreakCallback
                0x080027fe        0x2 Drivers/STM32F4xx_HAL_Driver/stm32f4xx_hal_tim_ex.o
                0x080027fe                HAL_TIMEx_BreakCallback
 .text.UART_SetConfig
                0x08002800      0x23c Drivers/STM32F4xx_HAL_Driver/stm32f4xx_hal_uart.o
 .text.HAL_UART_Init
                0x08002a3c       0x5c Drivers/STM32F4xx_HAL_Driver/stm32f4xx_hal_uart.o
                0x08002a3c                HAL_UART_Init
 .text.HAL_UART_Transmit_IT
                0x08002a98       0x3e Drivers/STM32F4xx_HAL_Driver/stm32f4xx_hal_uart.o
                0x08002a98                HAL_UART_Transmit_IT
 .text.HAL_UART_TxCpltCallback
                0x08002ad6        0x2 Drivers/STM32F4xx_HAL_Driver/stm32f4xx_hal_uart.o
                0x08002ad6                HAL_UART_TxCpltCallback
 .text.HAL_UART_RxCpltCallback
                0x08002ad8        0x2 Drivers/STM32F4xx_HAL_Driver/stm32f4xx_hal_uart.o
                0x08002ad8                HAL_UART_RxCpltCallback
 .text.HAL_UART_ErrorCallback
                0x08002ada        0x2 Drivers/STM32F4xx_HAL_Driver/stm32f4xx_hal_uart.o
                0x08002ada                HAL_UART_ErrorCallback
 .text.HAL_UART_IRQHandler
                0x08002adc      0x19c Drivers/STM32F4xx_HAL_Driver/stm32f4xx_hal_uart.o
                0x08002adc                HAL_UART_IRQHandler
 .text.USB_CoreInit
                0x08002c78       0x74 Drivers/STM32F4xx_HAL_Driver/stm32f4xx_ll_usb.o
                0x08002c78                USB_CoreInit
 .text.USB_EnableGlobalInt
                0x08002cec        0xc Drivers/STM32F4xx_HAL_Driver/stm32f4xx_ll_usb.o
                0x08002cec                USB_EnableGlobalInt
 .text.USB_DisableGlobalInt
                0x08002cf8        0xc Drivers/STM32F4xx_HAL_Driver/stm32f4xx_ll_usb.o
                0x08002cf8                USB_DisableGlobalInt
 .text.USB_SetCurrentMode
                0x08002d04       0x2c Drivers/STM32F4xx_HAL_Driver/stm32f4xx_ll_usb.o
                0x08002d04                USB_SetCurrentMode
 .text.USB_DevInit
                0x08002d30      0x134 Drivers/STM32F4xx_HAL_Driver/stm32f4xx_ll_usb.o
                0x08002d30                USB_DevInit
 .text.USB_FlushTxFifo
                0x08002e64       0x24 Drivers/STM32F4xx_HAL_Driver/stm32f4xx_ll_usb.o
                0x08002e64                USB_FlushTxFifo
 .text.USB_FlushRxFifo
                0x08002e88       0x20 Drivers/STM32F4xx_HAL_Driver/stm32f4xx_ll_usb.o
                0x08002e88                USB_FlushRxFifo
 .text.USB_SetDevSpeed
                0x08002ea8        0xe Drivers/STM32F4xx_HAL_Driver/stm32f4xx_ll_usb.o
                0x08002ea8                USB_SetDevSpeed
 .text.USB_GetDevSpeed
                0x08002eb6       0x36 Drivers/STM32F4xx_HAL_Driver/stm32f4xx_ll_usb.o
                0x08002eb6                USB_GetDevSpeed
 .text.USB_ActivateEndpoint
                0x08002eec       0x82 Drivers/STM32F4xx_HAL_Driver/stm32f4xx_ll_usb.o
                0x08002eec                USB_ActivateEndpoint
 .text.USB_DeactivateEndpoint
                0x08002f6e       0x6e Drivers/STM32F4xx_HAL_Driver/stm32f4xx_ll_usb.o
                0x08002f6e                USB_DeactivateEndpoint
 .text.USB_EPStartXfer
                0x08002fdc      0x238 Drivers/STM32F4xx_HAL_Driver/stm32f4xx_ll_usb.o
                0x08002fdc                USB_EPStartXfer
 .text.USB_EP0StartXfer
                0x08003214      0x154 Drivers/STM32F4xx_HAL_Driver/stm32f4xx_ll_usb.o
                0x08003214                USB_EP0StartXfer
 .text.USB_WritePacket
                0x08003368       0x28 Drivers/STM32F4xx_HAL_Driver/stm32f4xx_ll_usb.o
                0x08003368                USB_WritePacket
 .text.USB_ReadPacket
                0x08003390       0x1c Drivers/STM32F4xx_HAL_Driver/stm32f4xx_ll_usb.o
                0x08003390                USB_ReadPacket
 .text.USB_EPSetStall
                0x080033ac       0x64 Drivers/STM32F4xx_HAL_Driver/stm32f4xx_ll_usb.o
                0x080033ac                USB_EPSetStall
 .text.USB_EPClearStall
                0x08003410       0x3c Drivers/STM32F4xx_HAL_Driver/stm32f4xx_ll_usb.o
                0x08003410                USB_EPClearStall
 .text.USB_SetDevAddress
                0x0800344c       0x20 Drivers/STM32F4xx_HAL_Driver/stm32f4xx_ll_usb.o
                0x0800344c                USB_SetDevAddress
 .text.USB_DevConnect
                0x0800346c       0x18 Drivers/STM32F4xx_HAL_Driver/stm32f4xx_ll_usb.o
                0x0800346c                USB_DevConnect
 .text.USB_DevDisconnect
                0x08003484       0x18 Drivers/STM32F4xx_HAL_Driver/stm32f4xx_ll_usb.o
                0x08003484                USB_DevDisconnect
 .text.USB_ReadInterrupts
                0x0800349c        0x8 Drivers/STM32F4xx_HAL_Driver/stm32f4xx_ll_usb.o
                0x0800349c                USB_ReadInterrupts
 .text.USB_ReadDevAllOutEpInterrupt
                0x080034a4       0x10 Drivers/STM32F4xx_HAL_Driver/stm32f4xx_ll_usb.o
                0x080034a4                USB_ReadDevAllOutEpInterrupt
 .text.USB_ReadDevAllInEpInterrupt
                0x080034b4       0x10 Drivers/STM32F4xx_HAL_Driver/stm32f4xx_ll_usb.o
                0x080034b4                USB_ReadDevAllInEpInterrupt
 .text.USB_ReadDevOutEPInterrupt
                0x080034c4       0x14 Drivers/STM32F4xx_HAL_Driver/stm32f4xx_ll_usb.o
                0x080034c4                USB_ReadDevOutEPInterrupt
 .text.USB_ReadDevInEPInterrupt
                0x080034d8       0x20 Drivers/STM32F4xx_HAL_Driver/stm32f4xx_ll_usb.o
                0x080034d8                USB_ReadDevInEPInterrupt
 .text.USB_GetMode
                0x080034f8        0x8 Drivers/STM32F4xx_HAL_Driver/stm32f4xx_ll_usb.o
                0x080034f8                USB_GetMode
 .text.USB_ActivateSetup
                0x08003500       0x36 Drivers/STM32F4xx_HAL_Driver/stm32f4xx_ll_usb.o
                0x08003500                USB_ActivateSetup
 .text.USB_EP0_OutStart
                0x08003536       0x46 Drivers/STM32F4xx_HAL_Driver/stm32f4xx_ll_usb.o
                0x08003536                USB_EP0_OutStart
 .text.USB_CoreReset
                0x0800357c       0x30 Drivers/STM32F4xx_HAL_Driver/stm32f4xx_ll_usb.o
 .text.osKernelStart
                0x080035ac        0xa Middlewares/FreeRTOS/cmsis_os.o
                0x080035ac                osKernelStart
 .text.osThreadCreate
                0x080035b6       0x38 Middlewares/FreeRTOS/cmsis_os.o
                0x080035b6                osThreadCreate
 .text.osDelay  0x080035ee       0x10 Middlewares/FreeRTOS/cmsis_os.o
                0x080035ee                osDelay
 .text.osSystickHandler
                0x080035fe       0x14 Middlewares/FreeRTOS/cmsis_os.o
                0x080035fe                osSystickHandler
 *fill*         0x08003612        0x2 
 .text.unlikely.prvInsertBlockIntoFreeList
                0x08003614       0x44 Middlewares/FreeRTOS/heap_4.o
 .text.pvPortMalloc
                0x08003658      0x120 Middlewares/FreeRTOS/heap_4.o
                0x08003658                pvPortMalloc
 .text.vPortFree
                0x08003778       0x70 Middlewares/FreeRTOS/heap_4.o
                0x08003778                vPortFree
 .text.vListInitialise
                0x080037e8       0x16 Middlewares/FreeRTOS/list.o
                0x080037e8                vListInitialise
 .text.vListInitialiseItem
                0x080037fe        0x6 Middlewares/FreeRTOS/list.o
                0x080037fe                vListInitialiseItem
 .text.vListInsertEnd
                0x08003804       0x18 Middlewares/FreeRTOS/list.o
                0x08003804                vListInsertEnd
 .text.vListInsert
                0x0800381c       0x30 Middlewares/FreeRTOS/list.o
                0x0800381c                vListInsert
 .text.uxListRemove
                0x0800384c       0x20 Middlewares/FreeRTOS/list.o
                0x0800384c                uxListRemove
 .text.prvTaskExitError
                0x0800386c       0x30 Middlewares/FreeRTOS/port.o
 .text.prvPortStartFirstTask
                0x0800389c       0x20 Middlewares/FreeRTOS/port.o
 .text.vPortEnableVFP
                0x080038bc       0x14 Middlewares/FreeRTOS/port.o
 .text.pxPortInitialiseStack
                0x080038d0       0x24 Middlewares/FreeRTOS/port.o
                0x080038d0                pxPortInitialiseStack
 .text.SVC_Handler
                0x080038f4       0x20 Middlewares/FreeRTOS/port.o
                0x080038f4                SVC_Handler
 .text.vPortEnterCritical
                0x08003914       0x44 Middlewares/FreeRTOS/port.o
                0x08003914                vPortEnterCritical
 .text.vPortExitCritical
                0x08003958       0x28 Middlewares/FreeRTOS/port.o
                0x08003958                vPortExitCritical
 .text.PendSV_Handler
                0x08003980       0x60 Middlewares/FreeRTOS/port.o
                0x08003980                PendSV_Handler
 .text.xPortSysTickHandler
                0x080039e0       0x30 Middlewares/FreeRTOS/port.o
                0x080039e0                xPortSysTickHandler
 .text.vPortSetupTimerInterrupt
                0x08003a10       0x28 Middlewares/FreeRTOS/port.o
                0x08003a10                vPortSetupTimerInterrupt
 .text.xPortStartScheduler
                0x08003a38       0xe4 Middlewares/FreeRTOS/port.o
                0x08003a38                xPortStartScheduler
 .text.prvResetNextTaskUnblockTime
                0x08003b1c       0x24 Middlewares/FreeRTOS/tasks.o
 .text.prvAddCurrentTaskToDelayedList
                0x08003b40       0x3c Middlewares/FreeRTOS/tasks.o
 .text.xTaskGenericCreate.part.5
                0x08003b7c      0x1a0 Middlewares/FreeRTOS/tasks.o
 .text.xTaskGenericCreate
                0x08003d1c       0x3c Middlewares/FreeRTOS/tasks.o
                0x08003d1c                xTaskGenericCreate
 .text.vTaskStartScheduler
                0x08003d58       0x60 Middlewares/FreeRTOS/tasks.o
                0x08003d58                vTaskStartScheduler
 .text.vTaskSuspendAll
                0x08003db8       0x14 Middlewares/FreeRTOS/tasks.o
                0x08003db8                vTaskSuspendAll
 .text.xTaskIncrementTick
                0x08003dcc      0x100 Middlewares/FreeRTOS/tasks.o
                0x08003dcc                xTaskIncrementTick
 .text.xTaskResumeAll
                0x08003ecc       0xe8 Middlewares/FreeRTOS/tasks.o
                0x08003ecc                xTaskResumeAll
 .text.vTaskDelay
                0x08003fb4       0x70 Middlewares/FreeRTOS/tasks.o
                0x08003fb4                vTaskDelay
 .text.prvIdleTask
                0x08004024       0x70 Middlewares/FreeRTOS/tasks.o
 .text.vTaskSwitchContext
                0x08004094       0x68 Middlewares/FreeRTOS/tasks.o
                0x08004094                vTaskSwitchContext
 .text.xTaskGetSchedulerState
                0x080040fc       0x20 Middlewares/FreeRTOS/tasks.o
                0x080040fc                xTaskGetSchedulerState
 .text.USBD_CDC_DataIn
                0x0800411c       0x12 Middlewares/USB_Device_Library/usbd_cdc.o
 .text.USBD_CDC_EP0_RxReady
                0x0800412e       0x28 Middlewares/USB_Device_Library/usbd_cdc.o
 *fill*         0x08004156        0x2 
 .text.USBD_CDC_GetFSCfgDesc
                0x08004158        0xc Middlewares/USB_Device_Library/usbd_cdc.o
 .text.USBD_CDC_GetHSCfgDesc
                0x08004164        0xc Middlewares/USB_Device_Library/usbd_cdc.o
 .text.USBD_CDC_GetOtherSpeedCfgDesc
                0x08004170        0xc Middlewares/USB_Device_Library/usbd_cdc.o
 .text.USBD_CDC_GetDeviceQualifierDescriptor
                0x0800417c        0xc Middlewares/USB_Device_Library/usbd_cdc.o
                0x0800417c                USBD_CDC_GetDeviceQualifierDescriptor
 .text.USBD_CDC_DataOut
                0x08004188       0x2e Middlewares/USB_Device_Library/usbd_cdc.o
 *fill*         0x080041b6        0x2 
 .text.USBD_CDC_Setup
                0x080041b8       0x6c Middlewares/USB_Device_Library/usbd_cdc.o
 .text.USBD_CDC_DeInit
                0x08004224       0x3a Middlewares/USB_Device_Library/usbd_cdc.o
 .text.USBD_CDC_Init
                0x0800425e       0x8c Middlewares/USB_Device_Library/usbd_cdc.o
 .text.USBD_CDC_RegisterInterface
                0x080042ea        0xe Middlewares/USB_Device_Library/usbd_cdc.o
                0x080042ea                USBD_CDC_RegisterInterface
 .text.USBD_CDC_SetTxBuffer
                0x080042f8       0x10 Middlewares/USB_Device_Library/usbd_cdc.o
                0x080042f8                USBD_CDC_SetTxBuffer
 .text.USBD_CDC_SetRxBuffer
                0x08004308        0xc Middlewares/USB_Device_Library/usbd_cdc.o
                0x08004308                USBD_CDC_SetRxBuffer
 .text.USBD_CDC_TransmitPacket
                0x08004314       0x2e Middlewares/USB_Device_Library/usbd_cdc.o
                0x08004314                USBD_CDC_TransmitPacket
 .text.USBD_CDC_ReceivePacket
                0x08004342       0x26 Middlewares/USB_Device_Library/usbd_cdc.o
                0x08004342                USBD_CDC_ReceivePacket
 .text.USBD_Init
                0x08004368       0x2a Middlewares/USB_Device_Library/usbd_core.o
                0x08004368                USBD_Init
 .text.USBD_RegisterClass
                0x08004392        0xe Middlewares/USB_Device_Library/usbd_core.o
                0x08004392                USBD_RegisterClass
 .text.USBD_Start
                0x080043a0        0xa Middlewares/USB_Device_Library/usbd_core.o
                0x080043a0                USBD_Start
 .text.USBD_SetClassConfig
                0x080043aa       0x16 Middlewares/USB_Device_Library/usbd_core.o
                0x080043aa                USBD_SetClassConfig
 .text.USBD_ClrClassConfig
                0x080043c0        0xe Middlewares/USB_Device_Library/usbd_core.o
                0x080043c0                USBD_ClrClassConfig
 .text.USBD_LL_SetupStage
                0x080043ce       0x5a Middlewares/USB_Device_Library/usbd_core.o
                0x080043ce                USBD_LL_SetupStage
 .text.USBD_LL_DataOutStage
                0x08004428       0x62 Middlewares/USB_Device_Library/usbd_core.o
                0x08004428                USBD_LL_DataOutStage
 .text.USBD_LL_DataInStage
                0x0800448a       0x9c Middlewares/USB_Device_Library/usbd_core.o
                0x0800448a                USBD_LL_DataInStage
 .text.USBD_LL_Reset
                0x08004526       0x3e Middlewares/USB_Device_Library/usbd_core.o
                0x08004526                USBD_LL_Reset
 .text.USBD_LL_SetSpeed
                0x08004564        0x6 Middlewares/USB_Device_Library/usbd_core.o
                0x08004564                USBD_LL_SetSpeed
 .text.USBD_LL_Suspend
                0x0800456a       0x12 Middlewares/USB_Device_Library/usbd_core.o
                0x0800456a                USBD_LL_Suspend
 .text.USBD_LL_Resume
                0x0800457c        0xc Middlewares/USB_Device_Library/usbd_core.o
                0x0800457c                USBD_LL_Resume
 .text.USBD_LL_SOF
                0x08004588       0x18 Middlewares/USB_Device_Library/usbd_core.o
                0x08004588                USBD_LL_SOF
 .text.USBD_LL_IsoINIncomplete
                0x080045a0        0x4 Middlewares/USB_Device_Library/usbd_core.o
                0x080045a0                USBD_LL_IsoINIncomplete
 .text.USBD_LL_IsoOUTIncomplete
                0x080045a4        0x4 Middlewares/USB_Device_Library/usbd_core.o
                0x080045a4                USBD_LL_IsoOUTIncomplete
 .text.USBD_LL_DevConnected
                0x080045a8        0x4 Middlewares/USB_Device_Library/usbd_core.o
                0x080045a8                USBD_LL_DevConnected
 .text.USBD_LL_DevDisconnected
                0x080045ac       0x16 Middlewares/USB_Device_Library/usbd_core.o
                0x080045ac                USBD_LL_DevDisconnected
 .text.USBD_ParseSetupRequest
                0x080045c2       0x28 Middlewares/USB_Device_Library/usbd_ctlreq.o
                0x080045c2                USBD_ParseSetupRequest
 .text.USBD_CtlError
                0x080045ea       0x16 Middlewares/USB_Device_Library/usbd_ctlreq.o
                0x080045ea                USBD_CtlError
 .text.USBD_StdDevReq
                0x08004600      0x214 Middlewares/USB_Device_Library/usbd_ctlreq.o
                0x08004600                USBD_StdDevReq
 .text.USBD_StdItfReq
                0x08004814       0x30 Middlewares/USB_Device_Library/usbd_ctlreq.o
                0x08004814                USBD_StdItfReq
 .text.USBD_StdEPReq
                0x08004844       0xc6 Middlewares/USB_Device_Library/usbd_ctlreq.o
                0x08004844                USBD_StdEPReq
 .text.USBD_GetString
                0x0800490a       0x38 Middlewares/USB_Device_Library/usbd_ctlreq.o
                0x0800490a                USBD_GetString
 .text.USBD_CtlSendData
                0x08004942       0x1a Middlewares/USB_Device_Library/usbd_ioreq.o
                0x08004942                USBD_CtlSendData
 .text.USBD_CtlContinueSendData
                0x0800495c       0x10 Middlewares/USB_Device_Library/usbd_ioreq.o
                0x0800495c                USBD_CtlContinueSendData
 .text.USBD_CtlPrepareRx
                0x0800496c       0x1e Middlewares/USB_Device_Library/usbd_ioreq.o
                0x0800496c                USBD_CtlPrepareRx
 .text.USBD_CtlContinueRx
                0x0800498a       0x10 Middlewares/USB_Device_Library/usbd_ioreq.o
                0x0800498a                USBD_CtlContinueRx
 .text.USBD_CtlSendStatus
                0x0800499a       0x16 Middlewares/USB_Device_Library/usbd_ioreq.o
                0x0800499a                USBD_CtlSendStatus
 .text.USBD_CtlReceiveStatus
                0x080049b0       0x16 Middlewares/USB_Device_Library/usbd_ioreq.o
                0x080049b0                USBD_CtlReceiveStatus
 *fill*         0x080049c6        0x2 
 .text.__libc_init_array
                0x080049c8       0x4c d:/sotfware/eclipse/plugins/fr.ac6.mcu.externaltools.arm-none.win32_1.7.0.201602121829/tools/compiler/bin/../lib/gcc/arm-none-eabi/5.2.1/../../../../arm-none-eabi/lib/armv7e-m/fpu\libc_nano.a(lib_a-init.o)
                0x080049c8                __libc_init_array
 .text.malloc   0x08004a14       0x10 d:/sotfware/eclipse/plugins/fr.ac6.mcu.externaltools.arm-none.win32_1.7.0.201602121829/tools/compiler/bin/../lib/gcc/arm-none-eabi/5.2.1/../../../../arm-none-eabi/lib/armv7e-m/fpu\libc_nano.a(lib_a-malloc.o)
                0x08004a14                malloc
 .text.free     0x08004a24       0x10 d:/sotfware/eclipse/plugins/fr.ac6.mcu.externaltools.arm-none.win32_1.7.0.201602121829/tools/compiler/bin/../lib/gcc/arm-none-eabi/5.2.1/../../../../arm-none-eabi/lib/armv7e-m/fpu\libc_nano.a(lib_a-malloc.o)
                0x08004a24                free
 .text.memset   0x08004a34       0x10 d:/sotfware/eclipse/plugins/fr.ac6.mcu.externaltools.arm-none.win32_1.7.0.201602121829/tools/compiler/bin/../lib/gcc/arm-none-eabi/5.2.1/../../../../arm-none-eabi/lib/armv7e-m/fpu\libc_nano.a(lib_a-memset.o)
                0x08004a34                memset
 .text._free_r  0x08004a44       0x8c d:/sotfware/eclipse/plugins/fr.ac6.mcu.externaltools.arm-none.win32_1.7.0.201602121829/tools/compiler/bin/../lib/gcc/arm-none-eabi/5.2.1/../../../../arm-none-eabi/lib/armv7e-m/fpu\libc_nano.a(lib_a-nano-freer.o)
                0x08004a44                _free_r
 .text._malloc_r
                0x08004ad0       0xa8 d:/sotfware/eclipse/plugins/fr.ac6.mcu.externaltools.arm-none.win32_1.7.0.201602121829/tools/compiler/bin/../lib/gcc/arm-none-eabi/5.2.1/../../../../arm-none-eabi/lib/armv7e-m/fpu\libc_nano.a(lib_a-nano-mallocr.o)
                0x08004ad0                _malloc_r
 .text._sbrk_r  0x08004b78       0x20 d:/sotfware/eclipse/plugins/fr.ac6.mcu.externaltools.arm-none.win32_1.7.0.201602121829/tools/compiler/bin/../lib/gcc/arm-none-eabi/5.2.1/../../../../arm-none-eabi/lib/armv7e-m/fpu\libc_nano.a(lib_a-sbrkr.o)
                0x08004b78                _sbrk_r
 .text._sbrk    0x08004b98       0x1c d:/sotfware/eclipse/plugins/fr.ac6.mcu.externaltools.arm-none.win32_1.7.0.201602121829/tools/compiler/bin/../lib/gcc/arm-none-eabi/5.2.1/../../../../arm-none-eabi/lib/armv7e-m/fpu\libnosys.a(sbrk.o)
                0x08004b98                _sbrk
 *(.glue_7)
 .glue_7        0x08004bb4        0x0 linker stubs
 *(.glue_7t)
 .glue_7t       0x08004bb4        0x0 linker stubs
 *(.eh_frame)
 .eh_frame      0x08004bb4        0x0 d:/sotfware/eclipse/plugins/fr.ac6.mcu.externaltools.arm-none.win32_1.7.0.201602121829/tools/compiler/bin/../lib/gcc/arm-none-eabi/5.2.1/armv7e-m/fpu/crtbegin.o
 *(.init)
 .init          0x08004bb4        0x4 d:/sotfware/eclipse/plugins/fr.ac6.mcu.externaltools.arm-none.win32_1.7.0.201602121829/tools/compiler/bin/../lib/gcc/arm-none-eabi/5.2.1/armv7e-m/fpu/crti.o
                0x08004bb4                _init
 .init          0x08004bb8        0x8 d:/sotfware/eclipse/plugins/fr.ac6.mcu.externaltools.arm-none.win32_1.7.0.201602121829/tools/compiler/bin/../lib/gcc/arm-none-eabi/5.2.1/armv7e-m/fpu/crtn.o
 *(.fini)
 .fini          0x08004bc0        0x4 d:/sotfware/eclipse/plugins/fr.ac6.mcu.externaltools.arm-none.win32_1.7.0.201602121829/tools/compiler/bin/../lib/gcc/arm-none-eabi/5.2.1/armv7e-m/fpu/crti.o
                0x08004bc0                _fini
 .fini          0x08004bc4        0x8 d:/sotfware/eclipse/plugins/fr.ac6.mcu.externaltools.arm-none.win32_1.7.0.201602121829/tools/compiler/bin/../lib/gcc/arm-none-eabi/5.2.1/armv7e-m/fpu/crtn.o
                0x08004bcc                . = ALIGN (0x4)
                0x08004bcc                _etext = .

.vfp11_veneer   0x08004bcc        0x0
 .vfp11_veneer  0x08004bcc        0x0 linker stubs

.v4_bx          0x08004bcc        0x0
 .v4_bx         0x08004bcc        0x0 linker stubs

.iplt           0x08004bcc        0x0
 .iplt          0x08004bcc        0x0 d:/sotfware/eclipse/plugins/fr.ac6.mcu.externaltools.arm-none.win32_1.7.0.201602121829/tools/compiler/bin/../lib/gcc/arm-none-eabi/5.2.1/armv7e-m/fpu/crtbegin.o

.rodata         0x08004bcc      0x110
                0x08004bcc                . = ALIGN (0x4)
 *(.rodata)
 .rodata        0x08004bcc       0x50 Application/User/main.o
 .rodata        0x08004c1c       0x10 Drivers/STM32F4xx_HAL_Driver/stm32f4xx_hal_rcc.o
                0x08004c1c                APBAHBPrescTable
 *(.rodata*)
 .rodata.str1.1
                0x08004c2c       0x57 Application/User/main.o
 .rodata.str1.1
                0x08004c83       0x4f Application/User/usbd_desc.o
 .rodata.str1.1
                0x08004cd2        0x5 Middlewares/FreeRTOS/tasks.o
 .rodata.str1.1
                0x08004cd7        0x2 d:/sotfware/eclipse/plugins/fr.ac6.mcu.externaltools.arm-none.win32_1.7.0.201602121829/tools/compiler/bin/../lib/gcc/arm-none-eabi/5.2.1/../../../../arm-none-eabi/lib/armv7e-m/fpu\libc_nano.a(lib_a-impure.o)
                0x08004cdc                . = ALIGN (0x4)
 *fill*         0x08004cd9        0x3 

.rel.dyn        0x08004cdc        0x0
 .rel.iplt      0x08004cdc        0x0 d:/sotfware/eclipse/plugins/fr.ac6.mcu.externaltools.arm-none.win32_1.7.0.201602121829/tools/compiler/bin/../lib/gcc/arm-none-eabi/5.2.1/armv7e-m/fpu/crtbegin.o

.ARM.extab
 *(.ARM.extab* .gnu.linkonce.armextab.*)

.ARM            0x08004cdc        0x0
                0x08004cdc                __exidx_start = .
 *(.ARM.exidx*)
                0x08004cdc                __exidx_end = .

.preinit_array  0x08004cdc        0x0
                0x08004cdc                PROVIDE (__preinit_array_start, .)
 *(.preinit_array*)
                0x08004cdc                PROVIDE (__preinit_array_end, .)

.init_array     0x08004cdc        0x4
                0x08004cdc                PROVIDE (__init_array_start, .)
 *(SORT(.init_array.*))
 *(.init_array*)
 .init_array    0x08004cdc        0x4 d:/sotfware/eclipse/plugins/fr.ac6.mcu.externaltools.arm-none.win32_1.7.0.201602121829/tools/compiler/bin/../lib/gcc/arm-none-eabi/5.2.1/armv7e-m/fpu/crtbegin.o
                0x08004ce0                PROVIDE (__init_array_end, .)

.fini_array     0x08004ce0        0x4
                [!provide]                PROVIDE (__fini_array_start, .)
 *(SORT(.fini_array.*))
 *(.fini_array*)
 .fini_array    0x08004ce0        0x4 d:/sotfware/eclipse/plugins/fr.ac6.mcu.externaltools.arm-none.win32_1.7.0.201602121829/tools/compiler/bin/../lib/gcc/arm-none-eabi/5.2.1/armv7e-m/fpu/crtbegin.o
                [!provide]                PROVIDE (__fini_array_end, .)
                0x08004ce4                _sidata = LOADADDR (.data)

.data           0x20000000      0x1c4 load address 0x08004ce4
                0x20000000                . = ALIGN (0x4)
                0x20000000                _sdata = .
 *(.data)
 .data          0x20000000       0x10 Application/User/usbd_cdc_if.o
                0x20000000                USBD_Interface_fops_FS
 .data          0x20000010       0x34 Application/User/usbd_desc.o
                0x20000010                USBD_FS_DeviceDesc
                0x20000024                USBD_LangIDDesc
                0x20000028                FS_Desc
 .data          0x20000044        0x4 Drivers/CMSIS/system_stm32f4xx.o
                0x20000044                SystemCoreClock
 .data          0x20000048        0x4 Middlewares/FreeRTOS/port.o
 .data          0x2000004c        0x4 Middlewares/FreeRTOS/tasks.o
 .data          0x20000050      0x110 Middlewares/USB_Device_Library/usbd_cdc.o
                0x20000050                USBD_CDC_CfgFSDesc
                0x20000094                USBD_CDC_CfgHSDesc
                0x200000d8                USBD_CDC_OtherSpeedCfgDesc
                0x20000128                USBD_CDC
 *(.data*)
 .data.impure_data
                0x20000160       0x60 d:/sotfware/eclipse/plugins/fr.ac6.mcu.externaltools.arm-none.win32_1.7.0.201602121829/tools/compiler/bin/../lib/gcc/arm-none-eabi/5.2.1/../../../../arm-none-eabi/lib/armv7e-m/fpu\libc_nano.a(lib_a-impure.o)
 .data._impure_ptr
                0x200001c0        0x4 d:/sotfware/eclipse/plugins/fr.ac6.mcu.externaltools.arm-none.win32_1.7.0.201602121829/tools/compiler/bin/../lib/gcc/arm-none-eabi/5.2.1/../../../../arm-none-eabi/lib/armv7e-m/fpu\libc_nano.a(lib_a-impure.o)
                0x200001c0                _impure_ptr
                0x200001c4                . = ALIGN (0x4)
                0x200001c4                _edata = .
                0x08004ea8                _siccmram = LOADADDR (.ccmram)

.jcr            0x200001c4        0x0 load address 0x08004ea8
 .jcr           0x200001c4        0x0 d:/sotfware/eclipse/plugins/fr.ac6.mcu.externaltools.arm-none.win32_1.7.0.201602121829/tools/compiler/bin/../lib/gcc/arm-none-eabi/5.2.1/armv7e-m/fpu/crtbegin.o

.tm_clone_table
                0x200001c4        0x0 load address 0x08004ea8
 .tm_clone_table
                0x200001c4        0x0 d:/sotfware/eclipse/plugins/fr.ac6.mcu.externaltools.arm-none.win32_1.7.0.201602121829/tools/compiler/bin/../lib/gcc/arm-none-eabi/5.2.1/armv7e-m/fpu/crtbegin.o
 .tm_clone_table
                0x200001c4        0x0 d:/sotfware/eclipse/plugins/fr.ac6.mcu.externaltools.arm-none.win32_1.7.0.201602121829/tools/compiler/bin/../lib/gcc/arm-none-eabi/5.2.1/armv7e-m/fpu/crtend.o

.igot.plt       0x200001c4        0x0 load address 0x08004ea8
 .igot.plt      0x200001c4        0x0 d:/sotfware/eclipse/plugins/fr.ac6.mcu.externaltools.arm-none.win32_1.7.0.201602121829/tools/compiler/bin/../lib/gcc/arm-none-eabi/5.2.1/armv7e-m/fpu/crtbegin.o

.ccmram         0x10000000        0x0 load address 0x08004ea8
                0x10000000                . = ALIGN (0x4)
                0x10000000                _sccmram = .
 *(.ccmram)
 *(.ccmram*)
                0x10000000                . = ALIGN (0x4)
                0x10000000                _eccmram = .
                0x10000000                . = ALIGN (0x4)

.bss            0x200001c4     0x4680
                0x200001c4                _sbss = .
                0x200001c4                __bss_start__ = _sbss
 *(.bss)
 .bss           0x200001c4       0x1c d:/sotfware/eclipse/plugins/fr.ac6.mcu.externaltools.arm-none.win32_1.7.0.201602121829/tools/compiler/bin/../lib/gcc/arm-none-eabi/5.2.1/armv7e-m/fpu/crtbegin.o
 .bss           0x200001e0     0x3c18 Middlewares/FreeRTOS/heap_4.o
 .bss           0x20003df8        0x8 Middlewares/FreeRTOS/port.o
 .bss           0x20003e00      0x124 Middlewares/FreeRTOS/tasks.o
                0x20003e04                pxCurrentTCB
 .bss           0x20003f24        0x1 Middlewares/USB_Device_Library/usbd_cdc.o
 .bss           0x20003f25        0x1 Middlewares/USB_Device_Library/usbd_ctlreq.o
 *(.bss*)
 *fill*         0x20003f26        0x2 
 .bss.__malloc_sbrk_start
                0x20003f28        0x4 d:/sotfware/eclipse/plugins/fr.ac6.mcu.externaltools.arm-none.win32_1.7.0.201602121829/tools/compiler/bin/../lib/gcc/arm-none-eabi/5.2.1/../../../../arm-none-eabi/lib/armv7e-m/fpu\libc_nano.a(lib_a-nano-mallocr.o)
                0x20003f28                __malloc_sbrk_start
 .bss.__malloc_free_list
                0x20003f2c        0x4 d:/sotfware/eclipse/plugins/fr.ac6.mcu.externaltools.arm-none.win32_1.7.0.201602121829/tools/compiler/bin/../lib/gcc/arm-none-eabi/5.2.1/../../../../arm-none-eabi/lib/armv7e-m/fpu\libc_nano.a(lib_a-nano-mallocr.o)
                0x20003f2c                __malloc_free_list
 .bss.heap_end.4169
                0x20003f30        0x4 d:/sotfware/eclipse/plugins/fr.ac6.mcu.externaltools.arm-none.win32_1.7.0.201602121829/tools/compiler/bin/../lib/gcc/arm-none-eabi/5.2.1/../../../../arm-none-eabi/lib/armv7e-m/fpu\libnosys.a(sbrk.o)
 *(COMMON)
 COMMON         0x20003f34       0xe4 Application/User/main.o
                0x20003f34                defaultTaskHandle
                0x20003f38                hspi2
                0x20003f90                controlLoopHandle
                0x20003f94                htim3
                0x20003fd0                sendMessageTaskHandle
                0x20003fd4                speedTaskHandle
                0x20003fd8                huart2
 COMMON         0x20004018       0x3c Application/User/stm32f4xx_hal_timebase_TIM.o
                0x20004018                htim14
 COMMON         0x20004054      0x224 Application/User/usb_device.o
                0x20004054                hUsbDeviceFS
 COMMON         0x20004278        0xc Application/User/usbd_cdc_if.o
                0x20004278                hUsbDevice_0
                0x2000427c                UserRxBufferFS
                0x20004280                UserTxBufferFS
 COMMON         0x20004284      0x3b8 Application/User/usbd_conf.o
                0x20004284                hpcd_USB_OTG_FS
 COMMON         0x2000463c      0x200 Application/User/usbd_desc.o
                0x2000463c                USBD_StrDesc
 COMMON         0x2000483c        0x4 Drivers/STM32F4xx_HAL_Driver/stm32f4xx_hal.o
                0x2000483c                uwTick
 COMMON         0x20004840        0x4 d:/sotfware/eclipse/plugins/fr.ac6.mcu.externaltools.arm-none.win32_1.7.0.201602121829/tools/compiler/bin/../lib/gcc/arm-none-eabi/5.2.1/../../../../arm-none-eabi/lib/armv7e-m/fpu\libc_nano.a(lib_a-reent.o)
                0x20004840                errno
                0x20004844                . = ALIGN (0x4)
                0x20004844                _ebss = .
                0x20004844                __bss_end__ = _ebss

._user_heap_stack
                0x20004844      0x604
                0x20004848                . = ALIGN (0x8)
 *fill*         0x20004844        0x4 
                0x20004848                PROVIDE (end, .)
                [!provide]                PROVIDE (_end, .)
                0x20004c48                . = (. + _Min_Heap_Size)
 *fill*         0x20004848      0x400 
                0x20004e48                . = (. + _Min_Stack_Size)
 *fill*         0x20004c48      0x200 
                0x20004e48                . = ALIGN (0x8)

/DISCARD/
 libc.a(*)
 libm.a(*)
 libgcc.a(*)

.ARM.attributes
                0x00000000       0x30
 *(.ARM.attributes)
 .ARM.attributes
                0x00000000       0x22 d:/sotfware/eclipse/plugins/fr.ac6.mcu.externaltools.arm-none.win32_1.7.0.201602121829/tools/compiler/bin/../lib/gcc/arm-none-eabi/5.2.1/armv7e-m/fpu/crti.o
 .ARM.attributes
                0x00000022       0x34 d:/sotfware/eclipse/plugins/fr.ac6.mcu.externaltools.arm-none.win32_1.7.0.201602121829/tools/compiler/bin/../lib/gcc/arm-none-eabi/5.2.1/armv7e-m/fpu/crtbegin.o
 .ARM.attributes
                0x00000056       0x21 Application/SW4STM32/startup_stm32f407xx.o
 .ARM.attributes
                0x00000077       0x39 Application/User/main.o
 .ARM.attributes
                0x000000b0       0x39 Application/User/stm32f4xx_hal_msp.o
 .ARM.attributes
                0x000000e9       0x39 Application/User/stm32f4xx_hal_timebase_TIM.o
 .ARM.attributes
                0x00000122       0x39 Application/User/stm32f4xx_it.o
 .ARM.attributes
                0x0000015b       0x39 Application/User/usb_device.o
 .ARM.attributes
                0x00000194       0x39 Application/User/usbd_cdc_if.o
 .ARM.attributes
                0x000001cd       0x39 Application/User/usbd_conf.o
 .ARM.attributes
                0x00000206       0x39 Application/User/usbd_desc.o
 .ARM.attributes
                0x0000023f       0x39 Drivers/CMSIS/system_stm32f4xx.o
 .ARM.attributes
                0x00000278       0x39 Drivers/STM32F4xx_HAL_Driver/stm32f4xx_hal.o
 .ARM.attributes
                0x000002b1       0x39 Drivers/STM32F4xx_HAL_Driver/stm32f4xx_hal_cortex.o
 .ARM.attributes
                0x000002ea       0x39 Drivers/STM32F4xx_HAL_Driver/stm32f4xx_hal_gpio.o
 .ARM.attributes
                0x00000323       0x39 Drivers/STM32F4xx_HAL_Driver/stm32f4xx_hal_pcd.o
 .ARM.attributes
                0x0000035c       0x39 Drivers/STM32F4xx_HAL_Driver/stm32f4xx_hal_pcd_ex.o
 .ARM.attributes
                0x00000395       0x39 Drivers/STM32F4xx_HAL_Driver/stm32f4xx_hal_rcc.o
 .ARM.attributes
                0x000003ce       0x39 Drivers/STM32F4xx_HAL_Driver/stm32f4xx_hal_spi.o
 .ARM.attributes
                0x00000407       0x39 Drivers/STM32F4xx_HAL_Driver/stm32f4xx_hal_tim.o
 .ARM.attributes
                0x00000440       0x39 Drivers/STM32F4xx_HAL_Driver/stm32f4xx_hal_tim_ex.o
 .ARM.attributes
                0x00000479       0x39 Drivers/STM32F4xx_HAL_Driver/stm32f4xx_hal_uart.o
 .ARM.attributes
                0x000004b2       0x39 Drivers/STM32F4xx_HAL_Driver/stm32f4xx_ll_usb.o
 .ARM.attributes
                0x000004eb       0x39 Middlewares/FreeRTOS/cmsis_os.o
 .ARM.attributes
                0x00000524       0x39 Middlewares/FreeRTOS/heap_4.o
 .ARM.attributes
                0x0000055d       0x39 Middlewares/FreeRTOS/list.o
 .ARM.attributes
                0x00000596       0x39 Middlewares/FreeRTOS/port.o
 .ARM.attributes
                0x000005cf       0x39 Middlewares/FreeRTOS/tasks.o
 .ARM.attributes
                0x00000608       0x39 Middlewares/USB_Device_Library/usbd_cdc.o
 .ARM.attributes
                0x00000641       0x39 Middlewares/USB_Device_Library/usbd_core.o
 .ARM.attributes
                0x0000067a       0x39 Middlewares/USB_Device_Library/usbd_ctlreq.o
 .ARM.attributes
                0x000006b3       0x39 Middlewares/USB_Device_Library/usbd_ioreq.o
 .ARM.attributes
                0x000006ec       0x34 d:/sotfware/eclipse/plugins/fr.ac6.mcu.externaltools.arm-none.win32_1.7.0.201602121829/tools/compiler/bin/../lib/gcc/arm-none-eabi/5.2.1/../../../../arm-none-eabi/lib/armv7e-m/fpu\libc_nano.a(lib_a-impure.o)
 .ARM.attributes
                0x00000720       0x34 d:/sotfware/eclipse/plugins/fr.ac6.mcu.externaltools.arm-none.win32_1.7.0.201602121829/tools/compiler/bin/../lib/gcc/arm-none-eabi/5.2.1/../../../../arm-none-eabi/lib/armv7e-m/fpu\libc_nano.a(lib_a-init.o)
 .ARM.attributes
                0x00000754       0x34 d:/sotfware/eclipse/plugins/fr.ac6.mcu.externaltools.arm-none.win32_1.7.0.201602121829/tools/compiler/bin/../lib/gcc/arm-none-eabi/5.2.1/../../../../arm-none-eabi/lib/armv7e-m/fpu\libc_nano.a(lib_a-malloc.o)
 .ARM.attributes
                0x00000788       0x34 d:/sotfware/eclipse/plugins/fr.ac6.mcu.externaltools.arm-none.win32_1.7.0.201602121829/tools/compiler/bin/../lib/gcc/arm-none-eabi/5.2.1/../../../../arm-none-eabi/lib/armv7e-m/fpu\libc_nano.a(lib_a-memset.o)
 .ARM.attributes
                0x000007bc       0x34 d:/sotfware/eclipse/plugins/fr.ac6.mcu.externaltools.arm-none.win32_1.7.0.201602121829/tools/compiler/bin/../lib/gcc/arm-none-eabi/5.2.1/../../../../arm-none-eabi/lib/armv7e-m/fpu\libc_nano.a(lib_a-nano-freer.o)
 .ARM.attributes
                0x000007f0       0x34 d:/sotfware/eclipse/plugins/fr.ac6.mcu.externaltools.arm-none.win32_1.7.0.201602121829/tools/compiler/bin/../lib/gcc/arm-none-eabi/5.2.1/../../../../arm-none-eabi/lib/armv7e-m/fpu\libc_nano.a(lib_a-nano-mallocr.o)
 .ARM.attributes
                0x00000824       0x34 d:/sotfware/eclipse/plugins/fr.ac6.mcu.externaltools.arm-none.win32_1.7.0.201602121829/tools/compiler/bin/../lib/gcc/arm-none-eabi/5.2.1/../../../../arm-none-eabi/lib/armv7e-m/fpu\libc_nano.a(lib_a-sbrkr.o)
 .ARM.attributes
                0x00000858       0x34 d:/sotfware/eclipse/plugins/fr.ac6.mcu.externaltools.arm-none.win32_1.7.0.201602121829/tools/compiler/bin/../lib/gcc/arm-none-eabi/5.2.1/../../../../arm-none-eabi/lib/armv7e-m/fpu\libc_nano.a(lib_a-reent.o)
 .ARM.attributes
                0x0000088c       0x34 d:/sotfware/eclipse/plugins/fr.ac6.mcu.externaltools.arm-none.win32_1.7.0.201602121829/tools/compiler/bin/../lib/gcc/arm-none-eabi/5.2.1/../../../../arm-none-eabi/lib/armv7e-m/fpu\libnosys.a(sbrk.o)
 .ARM.attributes
                0x000008c0       0x34 d:/sotfware/eclipse/plugins/fr.ac6.mcu.externaltools.arm-none.win32_1.7.0.201602121829/tools/compiler/bin/../lib/gcc/arm-none-eabi/5.2.1/armv7e-m/fpu/crtend.o
 .ARM.attributes
                0x000008f4       0x22 d:/sotfware/eclipse/plugins/fr.ac6.mcu.externaltools.arm-none.win32_1.7.0.201602121829/tools/compiler/bin/../lib/gcc/arm-none-eabi/5.2.1/armv7e-m/fpu/crtn.o
OUTPUT(STM32F4_Test1.elf elf32-littlearm)

.debug_line     0x00000000    0x12d3b
 .debug_line    0x00000000       0xc6 Application/SW4STM32/startup_stm32f407xx.o
 .debug_line    0x000000c6      0xc45 Application/User/main.o
 .debug_line    0x00000d0b      0x877 Application/User/stm32f4xx_hal_msp.o
 .debug_line    0x00001582      0x7e7 Application/User/stm32f4xx_hal_timebase_TIM.o
 .debug_line    0x00001d69      0x9b7 Application/User/stm32f4xx_it.o
 .debug_line    0x00002720      0x8f3 Application/User/usb_device.o
 .debug_line    0x00003013      0x929 Application/User/usbd_cdc_if.o
 .debug_line    0x0000393c      0xa85 Application/User/usbd_conf.o
 .debug_line    0x000043c1      0x8db Application/User/usbd_desc.o
 .debug_line    0x00004c9c      0x7f2 Drivers/CMSIS/system_stm32f4xx.o
 .debug_line    0x0000548e      0x921 Drivers/STM32F4xx_HAL_Driver/stm32f4xx_hal.o
 .debug_line    0x00005daf      0x996 Drivers/STM32F4xx_HAL_Driver/stm32f4xx_hal_cortex.o
 .debug_line    0x00006745      0x972 Drivers/STM32F4xx_HAL_Driver/stm32f4xx_hal_gpio.o
 .debug_line    0x000070b7      0xc42 Drivers/STM32F4xx_HAL_Driver/stm32f4xx_hal_pcd.o
 .debug_line    0x00007cf9      0x7dc Drivers/STM32F4xx_HAL_Driver/stm32f4xx_hal_pcd_ex.o
 .debug_line    0x000084d5      0xaa6 Drivers/STM32F4xx_HAL_Driver/stm32f4xx_hal_rcc.o
 .debug_line    0x00008f7b     0x1003 Drivers/STM32F4xx_HAL_Driver/stm32f4xx_hal_spi.o
 .debug_line    0x00009f7e     0x15f5 Drivers/STM32F4xx_HAL_Driver/stm32f4xx_hal_tim.o
 .debug_line    0x0000b573      0xb8e Drivers/STM32F4xx_HAL_Driver/stm32f4xx_hal_tim_ex.o
 .debug_line    0x0000c101      0xe53 Drivers/STM32F4xx_HAL_Driver/stm32f4xx_hal_uart.o
 .debug_line    0x0000cf54      0xd86 Drivers/STM32F4xx_HAL_Driver/stm32f4xx_ll_usb.o
 .debug_line    0x0000dcda      0xac6 Middlewares/FreeRTOS/cmsis_os.o
 .debug_line    0x0000e7a0      0x5fa Middlewares/FreeRTOS/heap_4.o
 .debug_line    0x0000ed9a      0x541 Middlewares/FreeRTOS/list.o
 .debug_line    0x0000f2db      0x573 Middlewares/FreeRTOS/port.o
 .debug_line    0x0000f84e      0xdb0 Middlewares/FreeRTOS/tasks.o
 .debug_line    0x000105fe      0xa6b Middlewares/USB_Device_Library/usbd_cdc.o
 .debug_line    0x00011069      0xa3c Middlewares/USB_Device_Library/usbd_core.o
 .debug_line    0x00011aa5      0x990 Middlewares/USB_Device_Library/usbd_ctlreq.o
 .debug_line    0x00012435      0x906 Middlewares/USB_Device_Library/usbd_ioreq.o

.debug_info     0x00000000    0x1b60d
 .debug_info    0x00000000       0xc5 Application/SW4STM32/startup_stm32f407xx.o
 .debug_info    0x000000c5     0x1cc6 Application/User/main.o
 .debug_info    0x00001d8b     0x1246 Application/User/stm32f4xx_hal_msp.o
 .debug_info    0x00002fd1      0xb91 Application/User/stm32f4xx_hal_timebase_TIM.o
 .debug_info    0x00003b62      0xea0 Application/User/stm32f4xx_it.o
 .debug_info    0x00004a02      0x619 Application/User/usb_device.o
 .debug_info    0x0000501b      0x761 Application/User/usbd_cdc_if.o
 .debug_info    0x0000577c     0x1841 Application/User/usbd_conf.o
 .debug_info    0x00006fbd      0x4f8 Application/User/usbd_desc.o
 .debug_info    0x000074b5      0x4b0 Drivers/CMSIS/system_stm32f4xx.o
 .debug_info    0x00007965      0x8ea Drivers/STM32F4xx_HAL_Driver/stm32f4xx_hal.o
 .debug_info    0x0000824f      0xe6a Drivers/STM32F4xx_HAL_Driver/stm32f4xx_hal_cortex.o
 .debug_info    0x000090b9      0x721 Drivers/STM32F4xx_HAL_Driver/stm32f4xx_hal_gpio.o
 .debug_info    0x000097da     0x127e Drivers/STM32F4xx_HAL_Driver/stm32f4xx_hal_pcd.o
 .debug_info    0x0000aa58      0x574 Drivers/STM32F4xx_HAL_Driver/stm32f4xx_hal_pcd_ex.o
 .debug_info    0x0000afcc      0xc9b Drivers/STM32F4xx_HAL_Driver/stm32f4xx_hal_rcc.o
 .debug_info    0x0000bc67     0x1964 Drivers/STM32F4xx_HAL_Driver/stm32f4xx_hal_spi.o
 .debug_info    0x0000d5cb     0x2eb0 Drivers/STM32F4xx_HAL_Driver/stm32f4xx_hal_tim.o
 .debug_info    0x0001047b      0xf75 Drivers/STM32F4xx_HAL_Driver/stm32f4xx_hal_tim_ex.o
 .debug_info    0x000113f0     0x10fc Drivers/STM32F4xx_HAL_Driver/stm32f4xx_hal_uart.o
 .debug_info    0x000124ec     0x16ea Drivers/STM32F4xx_HAL_Driver/stm32f4xx_ll_usb.o
 .debug_info    0x00013bd6     0x1b8e Middlewares/FreeRTOS/cmsis_os.o
 .debug_info    0x00015764      0x486 Middlewares/FreeRTOS/heap_4.o
 .debug_info    0x00015bea      0x2a1 Middlewares/FreeRTOS/list.o
 .debug_info    0x00015e8b      0x557 Middlewares/FreeRTOS/port.o
 .debug_info    0x000163e2     0x269a Middlewares/FreeRTOS/tasks.o
 .debug_info    0x00018a7c      0xc84 Middlewares/USB_Device_Library/usbd_cdc.o
 .debug_info    0x00019700      0xbdd Middlewares/USB_Device_Library/usbd_core.o
 .debug_info    0x0001a2dd      0xbcb Middlewares/USB_Device_Library/usbd_ctlreq.o
 .debug_info    0x0001aea8      0x765 Middlewares/USB_Device_Library/usbd_ioreq.o

.debug_abbrev   0x00000000     0x432f
 .debug_abbrev  0x00000000       0x12 Application/SW4STM32/startup_stm32f407xx.o
 .debug_abbrev  0x00000012      0x2f1 Application/User/main.o
 .debug_abbrev  0x00000303      0x1bb Application/User/stm32f4xx_hal_msp.o
 .debug_abbrev  0x000004be      0x20b Application/User/stm32f4xx_hal_timebase_TIM.o
 .debug_abbrev  0x000006c9      0x19f Application/User/stm32f4xx_it.o
 .debug_abbrev  0x00000868      0x173 Application/User/usb_device.o
 .debug_abbrev  0x000009db      0x1eb Application/User/usbd_cdc_if.o
 .debug_abbrev  0x00000bc6      0x289 Application/User/usbd_conf.o
 .debug_abbrev  0x00000e4f      0x1cb Application/User/usbd_desc.o
 .debug_abbrev  0x0000101a      0x104 Drivers/CMSIS/system_stm32f4xx.o
 .debug_abbrev  0x0000111e      0x236 Drivers/STM32F4xx_HAL_Driver/stm32f4xx_hal.o
 .debug_abbrev  0x00001354      0x332 Drivers/STM32F4xx_HAL_Driver/stm32f4xx_hal_cortex.o
 .debug_abbrev  0x00001686      0x1cb Drivers/STM32F4xx_HAL_Driver/stm32f4xx_hal_gpio.o
 .debug_abbrev  0x00001851      0x2ee Drivers/STM32F4xx_HAL_Driver/stm32f4xx_hal_pcd.o
 .debug_abbrev  0x00001b3f      0x172 Drivers/STM32F4xx_HAL_Driver/stm32f4xx_hal_pcd_ex.o
 .debug_abbrev  0x00001cb1      0x2ff Drivers/STM32F4xx_HAL_Driver/stm32f4xx_hal_rcc.o
 .debug_abbrev  0x00001fb0      0x332 Drivers/STM32F4xx_HAL_Driver/stm32f4xx_hal_spi.o
 .debug_abbrev  0x000022e2      0x314 Drivers/STM32F4xx_HAL_Driver/stm32f4xx_hal_tim.o
 .debug_abbrev  0x000025f6      0x273 Drivers/STM32F4xx_HAL_Driver/stm32f4xx_hal_tim_ex.o
 .debug_abbrev  0x00002869      0x2c1 Drivers/STM32F4xx_HAL_Driver/stm32f4xx_hal_uart.o
 .debug_abbrev  0x00002b2a      0x2e1 Drivers/STM32F4xx_HAL_Driver/stm32f4xx_ll_usb.o
 .debug_abbrev  0x00002e0b      0x37c Middlewares/FreeRTOS/cmsis_os.o
 .debug_abbrev  0x00003187      0x231 Middlewares/FreeRTOS/heap_4.o
 .debug_abbrev  0x000033b8       0xdd Middlewares/FreeRTOS/list.o
 .debug_abbrev  0x00003495      0x21c Middlewares/FreeRTOS/port.o
 .debug_abbrev  0x000036b1      0x393 Middlewares/FreeRTOS/tasks.o
 .debug_abbrev  0x00003a44      0x259 Middlewares/USB_Device_Library/usbd_cdc.o
 .debug_abbrev  0x00003c9d      0x273 Middlewares/USB_Device_Library/usbd_core.o
 .debug_abbrev  0x00003f10      0x2c7 Middlewares/USB_Device_Library/usbd_ctlreq.o
 .debug_abbrev  0x000041d7      0x158 Middlewares/USB_Device_Library/usbd_ioreq.o

.debug_aranges  0x00000000     0x1340
 .debug_aranges
                0x00000000       0x28 Application/SW4STM32/startup_stm32f407xx.o
 .debug_aranges
                0x00000028       0x48 Application/User/main.o
 .debug_aranges
                0x00000070       0x58 Application/User/stm32f4xx_hal_msp.o
 .debug_aranges
                0x000000c8       0x38 Application/User/stm32f4xx_hal_timebase_TIM.o
 .debug_aranges
                0x00000100       0x48 Application/User/stm32f4xx_it.o
 .debug_aranges
                0x00000148       0x20 Application/User/usb_device.o
 .debug_aranges
                0x00000168       0x40 Application/User/usbd_cdc_if.o
 .debug_aranges
                0x000001a8       0xf8 Application/User/usbd_conf.o
 .debug_aranges
                0x000002a0       0x50 Application/User/usbd_desc.o
 .debug_aranges
                0x000002f0       0x28 Drivers/CMSIS/system_stm32f4xx.o
 .debug_aranges
                0x00000318       0xb8 Drivers/STM32F4xx_HAL_Driver/stm32f4xx_hal.o
 .debug_aranges
                0x000003d0       0x98 Drivers/STM32F4xx_HAL_Driver/stm32f4xx_hal_cortex.o
 .debug_aranges
                0x00000468       0x58 Drivers/STM32F4xx_HAL_Driver/stm32f4xx_hal_gpio.o
 .debug_aranges
                0x000004c0       0xc0 Drivers/STM32F4xx_HAL_Driver/stm32f4xx_hal_pcd.o
 .debug_aranges
                0x00000580       0x28 Drivers/STM32F4xx_HAL_Driver/stm32f4xx_hal_pcd_ex.o
 .debug_aranges
                0x000005a8       0x80 Drivers/STM32F4xx_HAL_Driver/stm32f4xx_hal_rcc.o
 .debug_aranges
                0x00000628      0x170 Drivers/STM32F4xx_HAL_Driver/stm32f4xx_hal_spi.o
 .debug_aranges
                0x00000798      0x250 Drivers/STM32F4xx_HAL_Driver/stm32f4xx_hal_tim.o
 .debug_aranges
                0x000009e8       0xf0 Drivers/STM32F4xx_HAL_Driver/stm32f4xx_hal_tim_ex.o
 .debug_aranges
                0x00000ad8      0x108 Drivers/STM32F4xx_HAL_Driver/stm32f4xx_hal_uart.o
 .debug_aranges
                0x00000be0      0x180 Drivers/STM32F4xx_HAL_Driver/stm32f4xx_ll_usb.o
 .debug_aranges
                0x00000d60      0x180 Middlewares/FreeRTOS/cmsis_os.o
 .debug_aranges
                0x00000ee0       0x48 Middlewares/FreeRTOS/heap_4.o
 .debug_aranges
                0x00000f28       0x40 Middlewares/FreeRTOS/list.o
 .debug_aranges
                0x00000f68       0x80 Middlewares/FreeRTOS/port.o
 .debug_aranges
                0x00000fe8      0x188 Middlewares/FreeRTOS/tasks.o
 .debug_aranges
                0x00001170       0x90 Middlewares/USB_Device_Library/usbd_cdc.o
 .debug_aranges
                0x00001200       0xa8 Middlewares/USB_Device_Library/usbd_core.o
 .debug_aranges
                0x000012a8       0x48 Middlewares/USB_Device_Library/usbd_ctlreq.o
 .debug_aranges
                0x000012f0       0x50 Middlewares/USB_Device_Library/usbd_ioreq.o

.debug_ranges   0x00000000     0x1628
 .debug_ranges  0x00000000       0x20 Application/SW4STM32/startup_stm32f407xx.o
 .debug_ranges  0x00000020       0xd8 Application/User/main.o
 .debug_ranges  0x000000f8       0x98 Application/User/stm32f4xx_hal_msp.o
 .debug_ranges  0x00000190       0x48 Application/User/stm32f4xx_hal_timebase_TIM.o
 .debug_ranges  0x000001d8       0x38 Application/User/stm32f4xx_it.o
 .debug_ranges  0x00000210       0x10 Application/User/usb_device.o
 .debug_ranges  0x00000220       0x30 Application/User/usbd_cdc_if.o
 .debug_ranges  0x00000250      0x100 Application/User/usbd_conf.o
 .debug_ranges  0x00000350       0x40 Application/User/usbd_desc.o
 .debug_ranges  0x00000390       0x18 Drivers/CMSIS/system_stm32f4xx.o
 .debug_ranges  0x000003a8       0xa8 Drivers/STM32F4xx_HAL_Driver/stm32f4xx_hal.o
 .debug_ranges  0x00000450      0x148 Drivers/STM32F4xx_HAL_Driver/stm32f4xx_hal_cortex.o
 .debug_ranges  0x00000598       0x70 Drivers/STM32F4xx_HAL_Driver/stm32f4xx_hal_gpio.o
 .debug_ranges  0x00000608       0xb0 Drivers/STM32F4xx_HAL_Driver/stm32f4xx_hal_pcd.o
 .debug_ranges  0x000006b8       0x18 Drivers/STM32F4xx_HAL_Driver/stm32f4xx_hal_pcd_ex.o
 .debug_ranges  0x000006d0      0x150 Drivers/STM32F4xx_HAL_Driver/stm32f4xx_hal_rcc.o
 .debug_ranges  0x00000820      0x190 Drivers/STM32F4xx_HAL_Driver/stm32f4xx_hal_spi.o
 .debug_ranges  0x000009b0      0x330 Drivers/STM32F4xx_HAL_Driver/stm32f4xx_hal_tim.o
 .debug_ranges  0x00000ce0       0xe0 Drivers/STM32F4xx_HAL_Driver/stm32f4xx_hal_tim_ex.o
 .debug_ranges  0x00000dc0       0xf8 Drivers/STM32F4xx_HAL_Driver/stm32f4xx_hal_uart.o
 .debug_ranges  0x00000eb8      0x170 Drivers/STM32F4xx_HAL_Driver/stm32f4xx_ll_usb.o
 .debug_ranges  0x00001028      0x188 Middlewares/FreeRTOS/cmsis_os.o
 .debug_ranges  0x000011b0       0x38 Middlewares/FreeRTOS/heap_4.o
 .debug_ranges  0x000011e8       0x30 Middlewares/FreeRTOS/list.o
 .debug_ranges  0x00001218       0x70 Middlewares/FreeRTOS/port.o
 .debug_ranges  0x00001288      0x210 Middlewares/FreeRTOS/tasks.o
 .debug_ranges  0x00001498       0x80 Middlewares/USB_Device_Library/usbd_cdc.o
 .debug_ranges  0x00001518       0x98 Middlewares/USB_Device_Library/usbd_core.o
 .debug_ranges  0x000015b0       0x38 Middlewares/USB_Device_Library/usbd_ctlreq.o
 .debug_ranges  0x000015e8       0x40 Middlewares/USB_Device_Library/usbd_ioreq.o

.debug_loc      0x00000000     0xd908
 .debug_loc     0x00000000       0xa2 Application/User/main.o
 .debug_loc     0x000000a2      0x108 Application/User/stm32f4xx_hal_msp.o
 .debug_loc     0x000001aa       0xc6 Application/User/stm32f4xx_hal_timebase_TIM.o
 .debug_loc     0x00000270       0xda Application/User/usbd_cdc_if.o
 .debug_loc     0x0000034a      0x6b1 Application/User/usbd_conf.o
 .debug_loc     0x000009fb      0x273 Application/User/usbd_desc.o
 .debug_loc     0x00000c6e       0xd7 Drivers/CMSIS/system_stm32f4xx.o
 .debug_loc     0x00000d45       0x84 Drivers/STM32F4xx_HAL_Driver/stm32f4xx_hal.o
 .debug_loc     0x00000dc9      0x4ab Drivers/STM32F4xx_HAL_Driver/stm32f4xx_hal_cortex.o
 .debug_loc     0x00001274      0x374 Drivers/STM32F4xx_HAL_Driver/stm32f4xx_hal_gpio.o
 .debug_loc     0x000015e8      0xb5b Drivers/STM32F4xx_HAL_Driver/stm32f4xx_hal_pcd.o
 .debug_loc     0x00002143       0xda Drivers/STM32F4xx_HAL_Driver/stm32f4xx_hal_pcd_ex.o
 .debug_loc     0x0000221d      0x4e3 Drivers/STM32F4xx_HAL_Driver/stm32f4xx_hal_rcc.o
 .debug_loc     0x00002700     0x165e Drivers/STM32F4xx_HAL_Driver/stm32f4xx_hal_spi.o
 .debug_loc     0x00003d5e     0x3146 Drivers/STM32F4xx_HAL_Driver/stm32f4xx_hal_tim.o
 .debug_loc     0x00006ea4      0x7b9 Drivers/STM32F4xx_HAL_Driver/stm32f4xx_hal_tim_ex.o
 .debug_loc     0x0000765d      0xe48 Drivers/STM32F4xx_HAL_Driver/stm32f4xx_hal_uart.o
 .debug_loc     0x000084a5     0x1473 Drivers/STM32F4xx_HAL_Driver/stm32f4xx_ll_usb.o
 .debug_loc     0x00009918      0xfe2 Middlewares/FreeRTOS/cmsis_os.o
 .debug_loc     0x0000a8fa      0x389 Middlewares/FreeRTOS/heap_4.o
 .debug_loc     0x0000ac83       0x94 Middlewares/FreeRTOS/list.o
 .debug_loc     0x0000ad17       0xae Middlewares/FreeRTOS/port.o
 .debug_loc     0x0000adc5     0x1799 Middlewares/FreeRTOS/tasks.o
 .debug_loc     0x0000c55e      0x4bc Middlewares/USB_Device_Library/usbd_cdc.o
 .debug_loc     0x0000ca1a      0x5d9 Middlewares/USB_Device_Library/usbd_core.o
 .debug_loc     0x0000cff3      0x6d9 Middlewares/USB_Device_Library/usbd_ctlreq.o
 .debug_loc     0x0000d6cc      0x23c Middlewares/USB_Device_Library/usbd_ioreq.o

.debug_macro    0x00000000     0x62b0
 .debug_macro   0x00000000      0x45d Application/User/main.o
 .debug_macro   0x0000045d       0x16 Application/User/main.o
 .debug_macro   0x00000473       0xd2 Application/User/main.o
 .debug_macro   0x00000545       0x91 Application/User/main.o
 .debug_macro   0x000005d6       0xb0 Application/User/main.o
 .debug_macro   0x00000686       0x7f Application/User/main.o
 .debug_macro   0x00000705       0xcf Application/User/main.o
 .debug_macro   0x000007d4       0x16 Application/User/main.o
 .debug_macro   0x000007ea       0x35 Application/User/main.o
 .debug_macro   0x0000081f       0x16 Application/User/main.o
 .debug_macro   0x00000835       0x29 Application/User/main.o
 .debug_macro   0x0000085e       0x16 Application/User/main.o
 .debug_macro   0x00000874       0x70 Application/User/main.o
 .debug_macro   0x000008e4      0x1c3 Application/User/main.o
 .debug_macro   0x00000aa7      0x30b Application/User/stm32f4xx_hal_msp.o
 .debug_macro   0x00000db2      0x30b Application/User/stm32f4xx_hal_timebase_TIM.o
 .debug_macro   0x000010bd      0x3e6 Application/User/stm32f4xx_it.o
 .debug_macro   0x000014a3      0x3d1 Application/User/usb_device.o
 .debug_macro   0x00001874       0x83 Application/User/usb_device.o
 .debug_macro   0x000018f7      0x3bb Application/User/usbd_cdc_if.o
 .debug_macro   0x00001cb2      0x3a0 Application/User/usbd_conf.o
 .debug_macro   0x00002052      0x3d4 Application/User/usbd_desc.o
 .debug_macro   0x00002426      0x1c9 Application/User/usbd_desc.o
 .debug_macro   0x000025ef      0x311 Drivers/CMSIS/system_stm32f4xx.o
 .debug_macro   0x00002900      0x359 Drivers/STM32F4xx_HAL_Driver/stm32f4xx_hal.o
 .debug_macro   0x00002c59      0x30b Drivers/STM32F4xx_HAL_Driver/stm32f4xx_hal_cortex.o
 .debug_macro   0x00002f64      0x343 Drivers/STM32F4xx_HAL_Driver/stm32f4xx_hal_gpio.o
 .debug_macro   0x000032a7      0x317 Drivers/STM32F4xx_HAL_Driver/stm32f4xx_hal_pcd.o
 .debug_macro   0x000035be      0x30b Drivers/STM32F4xx_HAL_Driver/stm32f4xx_hal_pcd_ex.o
 .debug_macro   0x000038c9      0x335 Drivers/STM32F4xx_HAL_Driver/stm32f4xx_hal_rcc.o
 .debug_macro   0x00003bfe      0x313 Drivers/STM32F4xx_HAL_Driver/stm32f4xx_hal_spi.o
 .debug_macro   0x00003f11      0x30c Drivers/STM32F4xx_HAL_Driver/stm32f4xx_hal_tim.o
 .debug_macro   0x0000421d      0x30b Drivers/STM32F4xx_HAL_Driver/stm32f4xx_hal_tim_ex.o
 .debug_macro   0x00004528      0x30c Drivers/STM32F4xx_HAL_Driver/stm32f4xx_hal_uart.o
 .debug_macro   0x00004834      0x319 Drivers/STM32F4xx_HAL_Driver/stm32f4xx_ll_usb.o
 .debug_macro   0x00004b4d      0x1d6 Middlewares/FreeRTOS/cmsis_os.o
 .debug_macro   0x00004d23       0x10 Middlewares/FreeRTOS/cmsis_os.o
 .debug_macro   0x00004d33       0x26 Middlewares/FreeRTOS/cmsis_os.o
 .debug_macro   0x00004d59      0x19c Middlewares/FreeRTOS/heap_4.o
 .debug_macro   0x00004ef5      0x175 Middlewares/FreeRTOS/list.o
 .debug_macro   0x0000506a      0x196 Middlewares/FreeRTOS/port.o
 .debug_macro   0x00005200      0x223 Middlewares/FreeRTOS/tasks.o
 .debug_macro   0x00005423       0x16 Middlewares/FreeRTOS/tasks.o
 .debug_macro   0x00005439      0x3b7 Middlewares/USB_Device_Library/usbd_cdc.o
 .debug_macro   0x000057f0      0x390 Middlewares/USB_Device_Library/usbd_core.o
 .debug_macro   0x00005b80      0x39a Middlewares/USB_Device_Library/usbd_ctlreq.o
 .debug_macro   0x00005f1a      0x396 Middlewares/USB_Device_Library/usbd_ioreq.o

.debug_str      0x00000000    0x8a543
 .debug_str     0x00000000    0x83d04 Application/User/main.o
                              0x8412f (size before relaxing)
 .debug_str     0x00083d04      0x11f Application/User/stm32f4xx_hal_msp.o
                              0x7e326 (size before relaxing)
 .debug_str     0x00083e23      0x161 Application/User/stm32f4xx_hal_timebase_TIM.o
                              0x7e027 (size before relaxing)
 .debug_str     0x00083f84      0x3ce Application/User/stm32f4xx_it.o
                              0x82e0f (size before relaxing)
 .debug_str     0x00084352      0x6be Application/User/usb_device.o
                              0x7e54d (size before relaxing)
 .debug_str     0x00084a10      0x137 Application/User/usbd_cdc_if.o
                              0x7e5e6 (size before relaxing)
 .debug_str     0x00084b47      0x4bd Application/User/usbd_conf.o
                              0x7f070 (size before relaxing)
 .debug_str     0x00085004      0x25e Application/User/usbd_desc.o
                              0x7e17d (size before relaxing)
 .debug_str     0x00085262       0xc2 Drivers/CMSIS/system_stm32f4xx.o
                              0x7d5ff (size before relaxing)
 .debug_str     0x00085324      0x440 Drivers/STM32F4xx_HAL_Driver/stm32f4xx_hal.o
                              0x7dfca (size before relaxing)
 .debug_str     0x00085764      0x30b Drivers/STM32F4xx_HAL_Driver/stm32f4xx_hal_cortex.o
                              0x7de31 (size before relaxing)
 .debug_str     0x00085a6f      0x254 Drivers/STM32F4xx_HAL_Driver/stm32f4xx_hal_gpio.o
                              0x7d856 (size before relaxing)
 .debug_str     0x00085cc3      0x4a3 Drivers/STM32F4xx_HAL_Driver/stm32f4xx_hal_pcd.o
                              0x7dd6e (size before relaxing)
 .debug_str     0x00086166       0x62 Drivers/STM32F4xx_HAL_Driver/stm32f4xx_hal_pcd_ex.o
                              0x7d7c5 (size before relaxing)
 .debug_str     0x000861c8      0x200 Drivers/STM32F4xx_HAL_Driver/stm32f4xx_hal_rcc.o
                              0x7d9e5 (size before relaxing)
 .debug_str     0x000863c8      0x3f9 Drivers/STM32F4xx_HAL_Driver/stm32f4xx_hal_spi.o
                              0x7dd15 (size before relaxing)
 .debug_str     0x000867c1      0x939 Drivers/STM32F4xx_HAL_Driver/stm32f4xx_hal_tim.o
                              0x7e3c5 (size before relaxing)
 .debug_str     0x000870fa      0x3c1 Drivers/STM32F4xx_HAL_Driver/stm32f4xx_hal_tim_ex.o
                              0x7de14 (size before relaxing)
 .debug_str     0x000874bb      0x2d5 Drivers/STM32F4xx_HAL_Driver/stm32f4xx_hal_uart.o
                              0x7dc44 (size before relaxing)
 .debug_str     0x00087790      0x3e6 Drivers/STM32F4xx_HAL_Driver/stm32f4xx_ll_usb.o
                              0x7de08 (size before relaxing)
 .debug_str     0x00087b76      0x982 Middlewares/FreeRTOS/cmsis_os.o
                               0xbbcf (size before relaxing)
 .debug_str     0x000884f8      0x2c0 Middlewares/FreeRTOS/heap_4.o
                               0x93fd (size before relaxing)
 .debug_str     0x000887b8      0x155 Middlewares/FreeRTOS/list.o
                               0x8cd1 (size before relaxing)
 .debug_str     0x0008890d      0x7f0 Middlewares/FreeRTOS/port.o
                               0x726a (size before relaxing)
 .debug_str     0x000890fd      0xf8d Middlewares/FreeRTOS/tasks.o
                               0xad13 (size before relaxing)
 .debug_str     0x0008a08a      0x212 Middlewares/USB_Device_Library/usbd_cdc.o
                              0x7e7ba (size before relaxing)
 .debug_str     0x0008a29c      0x152 Middlewares/USB_Device_Library/usbd_core.o
                              0x7e483 (size before relaxing)
 .debug_str     0x0008a3ee       0xec Middlewares/USB_Device_Library/usbd_ctlreq.o
                              0x7e3b5 (size before relaxing)
 .debug_str     0x0008a4da       0x69 Middlewares/USB_Device_Library/usbd_ioreq.o
                              0x7e2e2 (size before relaxing)

.comment        0x00000000       0x6e
 .comment       0x00000000       0x6e Application/User/main.o
                                 0x6f (size before relaxing)
 .comment       0x0000006e       0x6f Application/User/stm32f4xx_hal_msp.o
 .comment       0x0000006e       0x6f Application/User/stm32f4xx_hal_timebase_TIM.o
 .comment       0x0000006e       0x6f Application/User/stm32f4xx_it.o
 .comment       0x0000006e       0x6f Application/User/usb_device.o
 .comment       0x0000006e       0x6f Application/User/usbd_cdc_if.o
 .comment       0x0000006e       0x6f Application/User/usbd_conf.o
 .comment       0x0000006e       0x6f Application/User/usbd_desc.o
 .comment       0x0000006e       0x6f Drivers/CMSIS/system_stm32f4xx.o
 .comment       0x0000006e       0x6f Drivers/STM32F4xx_HAL_Driver/stm32f4xx_hal.o
 .comment       0x0000006e       0x6f Drivers/STM32F4xx_HAL_Driver/stm32f4xx_hal_cortex.o
 .comment       0x0000006e       0x6f Drivers/STM32F4xx_HAL_Driver/stm32f4xx_hal_gpio.o
 .comment       0x0000006e       0x6f Drivers/STM32F4xx_HAL_Driver/stm32f4xx_hal_pcd.o
 .comment       0x0000006e       0x6f Drivers/STM32F4xx_HAL_Driver/stm32f4xx_hal_pcd_ex.o
 .comment       0x0000006e       0x6f Drivers/STM32F4xx_HAL_Driver/stm32f4xx_hal_rcc.o
 .comment       0x0000006e       0x6f Drivers/STM32F4xx_HAL_Driver/stm32f4xx_hal_spi.o
 .comment       0x0000006e       0x6f Drivers/STM32F4xx_HAL_Driver/stm32f4xx_hal_tim.o
 .comment       0x0000006e       0x6f Drivers/STM32F4xx_HAL_Driver/stm32f4xx_hal_tim_ex.o
 .comment       0x0000006e       0x6f Drivers/STM32F4xx_HAL_Driver/stm32f4xx_hal_uart.o
 .comment       0x0000006e       0x6f Drivers/STM32F4xx_HAL_Driver/stm32f4xx_ll_usb.o
 .comment       0x0000006e       0x6f Middlewares/FreeRTOS/cmsis_os.o
 .comment       0x0000006e       0x6f Middlewares/FreeRTOS/heap_4.o
 .comment       0x0000006e       0x6f Middlewares/FreeRTOS/list.o
 .comment       0x0000006e       0x6f Middlewares/FreeRTOS/port.o
 .comment       0x0000006e       0x6f Middlewares/FreeRTOS/tasks.o
 .comment       0x0000006e       0x6f Middlewares/USB_Device_Library/usbd_cdc.o
 .comment       0x0000006e       0x6f Middlewares/USB_Device_Library/usbd_core.o
 .comment       0x0000006e       0x6f Middlewares/USB_Device_Library/usbd_ctlreq.o
 .comment       0x0000006e       0x6f Middlewares/USB_Device_Library/usbd_ioreq.o

.debug_frame    0x00000000     0x3808
 .debug_frame   0x00000000       0xd0 Application/User/main.o
 .debug_frame   0x000000d0       0xf8 Application/User/stm32f4xx_hal_msp.o
 .debug_frame   0x000001c8       0x60 Application/User/stm32f4xx_hal_timebase_TIM.o
 .debug_frame   0x00000228       0x70 Application/User/stm32f4xx_it.o
 .debug_frame   0x00000298       0x2c Application/User/usb_device.o
 .debug_frame   0x000002c4       0x78 Application/User/usbd_cdc_if.o
 .debug_frame   0x0000033c      0x270 Application/User/usbd_conf.o
 .debug_frame   0x000005ac       0xa8 Application/User/usbd_desc.o
 .debug_frame   0x00000654       0x30 Drivers/CMSIS/system_stm32f4xx.o
 .debug_frame   0x00000684      0x184 Drivers/STM32F4xx_HAL_Driver/stm32f4xx_hal.o
 .debug_frame   0x00000808      0x130 Drivers/STM32F4xx_HAL_Driver/stm32f4xx_hal_cortex.o
 .debug_frame   0x00000938       0xd4 Drivers/STM32F4xx_HAL_Driver/stm32f4xx_hal_gpio.o
 .debug_frame   0x00000a0c      0x2c4 Drivers/STM32F4xx_HAL_Driver/stm32f4xx_hal_pcd.o
 .debug_frame   0x00000cd0       0x3c Drivers/STM32F4xx_HAL_Driver/stm32f4xx_hal_pcd_ex.o
 .debug_frame   0x00000d0c      0x150 Drivers/STM32F4xx_HAL_Driver/stm32f4xx_hal_rcc.o
 .debug_frame   0x00000e5c      0x4d0 Drivers/STM32F4xx_HAL_Driver/stm32f4xx_hal_spi.o
 .debug_frame   0x0000132c      0x854 Drivers/STM32F4xx_HAL_Driver/stm32f4xx_hal_tim.o